[2026-06-21 10:39:45] [INFO] ========== 幼儿园AI安全卫士程序启动 ==========
[2026-06-21 10:39:45] [INFO] 主程序窗口初始化完成
[2026-06-21 10:39:45] [INFO] AI环境模拟线程启动
[2026-06-21 10:39:45] [INFO] 摄像头采集线程启动
[2026-06-21 10:39:45] [SENSOR] 传感器采集正常
[2026-06-21 10:39:46] [CAM] 摄像头已成功连接
[2026-06-21 10:39:46] [CAM] 摄像头设备状态变为正常
[2026-06-21 10:39:47] [NET] 网络已恢复连通
[2026-06-21 10:40:00] [RECORD] 录制启动成功 ./video_record/video_20260621_104000.mp4 分辨率1280*720
[2026-06-21 10:40:00] [SENSOR] 传感器数据异常
[2026-06-21 10:40:00] [WARN] 触发弹窗告警：环境异常 内容:过道湿滑，存在滑倒风险
[2026-06-21 10:40:03] [RECORD] 已写入50帧画面
[2026-06-21 10:40:04] [SENSOR] 传感器采集正常
[2026-06-21 10:40:04] [WARN] 触发弹窗告警：环境异常 内容:过道湿滑，存在滑倒风险
[2026-06-21 10:40:07] [SENSOR] 传感器数据异常
[2026-06-21 10:40:08] [RECORD] 已写入100帧画面
[2026-06-21 10:40:10] [SENSOR] 传感器采集正常
[2026-06-21 10:40:13] [RECORD] 已写入150帧画面
[2026-06-21 10:40:13] [WARN] 触发弹窗告警：奔跑预警 内容:幼儿在过道快速追逐打闹
[2026-06-21 10:40:18] [RECORD] 已写入200帧画面
[2026-06-21 10:40:19] [WARN] 触发弹窗告警：环境异常 内容:过道湿滑，存在滑倒风险
[2026-06-21 10:40:23] [RECORD] 已写入250帧画面
[2026-06-21 10:40:25] [WARN] 触发弹窗告警：危险品预警 内容:幼儿手持别针行走过道
[2026-06-21 10:40:28] [INFO] 程序收到关闭信号，开始安全退出流程
[2026-06-21 10:40:28] [RECORD] 已写入300帧画面
[2026-06-21 10:40:28] [RECORD] 录制结束，总共写入300帧
[2026-06-21 10:40:28] [CAM] 摄像头捕获器已释放
[2026-06-21 10:40:28] [INFO] 摄像头采集线程正常退出
[2026-06-21 10:40:28] [INFO] 程序正常退出
[2026-06-21 10:40:28] [CAM] 摄像头设备断开
[2026-06-21 10:40:28] [INFO] 程序结束，退出码:0
