[2026-08-07 20:59:11] [CAM] 摄像头捕获器已释放
[2026-08-07 20:59:11] [CAM] 摄像头未检测到，等待重连...
[2026-08-07 20:59:11] [CAM] 摄像头捕获器已释放
[2026-08-07 20:59:11] [CAM] 摄像头未检测到，等待重连...
[2026-08-07 20:59:12] [CAM] 摄像头捕获器已释放
[2026-08-07 20:59:12] [CAM] 摄像头未检测到，等待重连...
[2026-08-07 20:59:12] [CAM] 摄像头捕获器已释放
[2026-08-07 20:59:12] [CAM] 摄像头未检测到，等待重连...
[2026-08-07 20:59:13] [CAM] 摄像头捕获器已释放
[2026-08-07 20:59:13] [CAM] 摄像头未检测到，等待重连...
[2026-08-07 20:59:13] [CAM] 摄像头捕获器已释放
[2026-08-07 20:59:13] [CAM] 摄像头未检测到，等待重连...
[2026-08-07 20:59:14] [CAM] 摄像头捕获器已释放
[2026-08-07 20:59:14] [CAM] 摄像头未检测到，等待重连...
[2026-08-07 20:59:14] [CAM] 摄像头捕获器已释放
[2026-08-07 20:59:14] [CAM] 摄像头未检测到，等待重连...
[2026-08-07 20:59:15] [CAM] 摄像头捕获器已释放
[2026-08-07 20:59:15] [CAM] 摄像头未检测到，等待重连...
[2026-08-07 20:59:15] [CAM] 摄像头捕获器已释放
[2026-08-07 20:59:15] [CAM] 摄像头未检测到，等待重连...
[2026-08-07 20:59:16] [CAM] 摄像头捕获器已释放
[2026-08-07 20:59:16] [CAM] 摄像头未检测到，等待重连...
[2026-08-07 20:59:16] [CAM] 摄像头捕获器已释放
[2026-08-07 20:59:16] [CAM] 摄像头未检测到，等待重连...
[2026-08-07 20:59:17] [CAM] 摄像头捕获器已释放
[2026-08-07 20:59:17] [CAM] 摄像头未检测到，等待重连...
[2026-08-07 20:59:17] [CAM] 摄像头捕获器已释放
[2026-08-07 20:59:17] [CAM] 摄像头未检测到，等待重连...
[2026-08-07 20:59:18] [CAM] 摄像头捕获器已释放
[2026-08-07 20:59:18] [CAM] 摄像头未检测到，等待重连...
[2026-08-07 20:59:18] [CAM] 摄像头捕获器已释放
[2026-08-07 20:59:18] [CAM] 摄像头未检测到，等待重连...
[2026-08-07 20:59:19] [CAM] 摄像头捕获器已释放
[2026-08-07 20:59:19] [CAM] 摄像头未检测到，等待重连...
[2026-08-07 20:59:19] [CAM] 摄像头捕获器已释放
[2026-08-07 20:59:19] [CAM] 摄像头未检测到，等待重连...
[2026-08-07 20:59:20] [CAM] 摄像头捕获器已释放
[2026-08-07 20:59:20] [CAM] 摄像头未检测到，等待重连...
[2026-08-07 20:59:20] [CAM] 摄像头捕获器已释放
[2026-08-07 20:59:20] [CAM] 摄像头未检测到，等待重连...
[2026-08-07 20:59:21] [CAM] 摄像头捕获器已释放
[2026-08-07 20:59:21] [CAM] 摄像头未检测到，等待重连...
[2026-08-07 20:59:21] [CAM] 摄像头捕获器已释放
[2026-08-07 20:59:21] [CAM] 摄像头未检测到，等待重连...
[2026-08-07 20:59:22] [CAM] 摄像头捕获器已释放
[2026-08-07 20:59:22] [CAM] 摄像头未检测到，等待重连...
[2026-08-07 20:59:22] [CAM] 摄像头捕获器已释放
[2026-08-07 20:59:22] [CAM] 摄像头未检测到，等待重连...
[2026-08-07 20:59:23] [CAM] 摄像头捕获器已释放
[2026-08-07 20:59:23] [CAM] 摄像头未检测到，等待重连...
[2026-08-07 20:59:23] [CAM] 摄像头捕获器已释放
[2026-08-07 20:59:23] [CAM] 摄像头未检测到，等待重连...
[2026-08-07 20:59:24] [CAM] 摄像头捕获器已释放
[2026-08-07 20:59:24] [CAM] 摄像头未检测到，等待重连...
[2026-08-07 20:59:24] [CAM] 摄像头捕获器已释放
[2026-08-07 20:59:24] [CAM] 摄像头未检测到，等待重连...
[2026-08-07 20:59:25] [CAM] 摄像头捕获器已释放
[2026-08-07 20:59:25] [CAM] 摄像头未检测到，等待重连...
[2026-08-07 20:59:25] [CAM] 摄像头捕获器已释放
[2026-08-07 20:59:25] [CAM] 摄像头未检测到，等待重连...
[2026-08-07 20:59:26] [CAM] 摄像头捕获器已释放
[2026-08-07 20:59:26] [CAM] 摄像头未检测到，等待重连...
[2026-08-07 20:59:26] [CAM] 摄像头捕获器已释放
[2026-08-07 20:59:26] [CAM] 摄像头未检测到，等待重连...
[2026-08-07 20:59:27] [CAM] 摄像头捕获器已释放
[2026-08-07 20:59:27] [CAM] 摄像头未检测到，等待重连...
[2026-08-07 20:59:27] [CAM] 摄像头捕获器已释放
[2026-08-07 20:59:27] [CAM] 摄像头未检测到，等待重连...
[2026-08-07 20:59:28] [CAM] 摄像头捕获器已释放
[2026-08-07 20:59:28] [CAM] 摄像头未检测到，等待重连...
[2026-08-07 20:59:28] [INFO] 程序收到关闭信号，开始安全退出流程
[2026-08-07 20:59:28] [CAM] 摄像头捕获器已释放
[2026-08-07 20:59:28] [CAM] 摄像头未检测到，等待重连...
[2026-08-07 20:59:28] [SENSOR] RS485采集线程已停止
[2026-08-07 20:59:29] [CAM] 摄像头捕获器已释放
[2026-08-07 20:59:29] [INFO] 摄像头采集线程正常退出
[2026-08-07 20:59:29] [INFO] 程序正常退出
[2026-08-07 20:59:29] [INFO] 程序结束，退出码:0
