[2026-06-28 19:47:22] [INFO] ========== 幼儿园AI安全卫士程序启动 ==========
[2026-06-28 19:47:23] [INFO] 主程序窗口初始化完成
[2026-06-28 19:47:23] [INFO] AI环境模拟线程启动
[2026-06-28 19:47:23] [INFO] 摄像头采集线程启动
[2026-06-28 19:47:23] [SENSOR] 传感器采集正常
[2026-06-28 19:47:23] [CAM] 摄像头已成功连接
[2026-06-28 19:47:23] [CAM] 摄像头设备状态变为正常
[2026-06-28 19:47:32] [WARN] 触发弹窗告警：危险品预警 内容:幼儿手持别针行走过道
[2026-06-28 19:47:44] [WARN] 触发弹窗告警：奔跑预警 内容:幼儿在过道快速追逐打闹
[2026-06-28 19:47:50] [WARN] 触发弹窗告警：环境异常 内容:过道湿滑，存在滑倒风险
[2026-06-28 19:47:56] [WARN] 触发弹窗告警：奔跑预警 内容:幼儿在过道快速追逐打闹
[2026-06-28 19:47:59] [NET] 网络已恢复连通
[2026-06-28 19:47:57] [INFO] 程序收到关闭信号，开始安全退出流程
[2026-06-28 19:47:57] [CAM] 摄像头捕获器已释放
[2026-06-28 19:47:57] [INFO] 摄像头采集线程正常退出
[2026-06-28 19:47:57] [INFO] 程序正常退出
[2026-06-28 19:47:57] [SENSOR] 传感器数据异常
[2026-06-28 19:47:57] [CAM] 摄像头设备断开
[2026-06-28 19:47:57] [INFO] 程序结束，退出码:0
[2026-06-28 20:07:24] [INFO] ========== 幼儿园AI安全卫士程序启动 ==========
[2026-06-28 20:07:24] [INFO] 主程序窗口初始化完成
[2026-06-28 20:07:24] [INFO] AI环境模拟线程启动
[2026-06-28 20:07:24] [INFO] 摄像头采集线程启动
[2026-06-28 20:07:24] [SENSOR] 传感器采集正常
[2026-06-28 20:07:24] [CAM] 摄像头已成功连接
[2026-06-28 20:07:24] [CAM] 摄像头设备状态变为正常
[2026-06-28 20:07:26] [NET] 网络已恢复连通
[2026-06-28 20:07:29] [ERROR] 网络断开，无法访问外网
[2026-06-28 20:07:30] [NET] 网络已恢复连通
[2026-06-28 20:07:33] [WARN] 触发弹窗告警：奔跑预警 内容:幼儿在过道快速追逐打闹
[2026-06-28 20:07:37] [ERROR] 网络断开，无法访问外网
[2026-06-28 20:07:38] [NET] 网络已恢复连通
[2026-06-28 20:07:51] [INFO] 程序收到关闭信号，开始安全退出流程
[2026-06-28 20:07:51] [CAM] 摄像头捕获器已释放
[2026-06-28 20:07:51] [INFO] 摄像头采集线程正常退出
[2026-06-28 20:07:51] [INFO] 程序正常退出
[2026-06-28 20:07:51] [CAM] 摄像头设备断开
[2026-06-28 20:07:51] [INFO] 程序结束，退出码:0
[2026-06-28 20:14:08] [INFO] ========== 幼儿园AI安全卫士程序启动 ==========
[2026-06-28 20:14:08] [INFO] 主程序窗口初始化完成
[2026-06-28 20:14:09] [INFO] AI环境模拟线程启动
[2026-06-28 20:14:09] [INFO] 摄像头采集线程启动
[2026-06-28 20:14:09] [SENSOR] 传感器采集正常
[2026-06-28 20:14:09] [CAM] 摄像头已连接 分辨率1280*720 真实帧率30.0
[2026-06-28 20:14:09] [CAM] 摄像头设备状态变为正常
[2026-06-28 20:14:11] [NET] 网络已恢复连通
[2026-06-28 20:14:24] [WARN] 触发弹窗告警：奔跑预警 内容:幼儿在过道快速追逐打闹
[2026-06-28 20:14:34] [ERROR] 网络断开，无法访问外网
[2026-06-28 20:14:36] [SENSOR] 传感器数据异常
[2026-06-28 20:14:37] [NET] 网络已恢复连通
[2026-06-28 20:14:39] [SENSOR] 传感器采集正常
[2026-06-28 20:14:45] [SENSOR] 传感器数据异常
[2026-06-28 20:14:48] [SENSOR] 传感器采集正常
[2026-06-28 20:14:58] [ERROR] 网络断开，无法访问外网
[2026-06-28 20:14:58] [INFO] 程序收到关闭信号，开始安全退出流程
[2026-06-28 20:14:58] [CAM] 摄像头捕获器已释放
[2026-06-28 20:14:58] [INFO] 摄像头采集线程正常退出
[2026-06-28 20:14:58] [INFO] 程序正常退出
[2026-06-28 20:14:58] [CAM] 摄像头设备断开
[2026-06-28 20:14:58] [INFO] 程序结束，退出码:0
[2026-06-28 20:15:56] [INFO] ========== 幼儿园AI安全卫士程序启动 ==========
[2026-06-28 20:15:56] [INFO] 主程序窗口初始化完成
[2026-06-28 20:15:56] [INFO] AI环境模拟线程启动
[2026-06-28 20:15:56] [INFO] 摄像头采集线程启动
[2026-06-28 20:15:56] [SENSOR] 传感器采集正常
[2026-06-28 20:15:56] [CAM] 摄像头已成功连接
[2026-06-28 20:15:56] [CAM] 摄像头设备状态变为正常
[2026-06-28 20:16:00] [NET] 网络已恢复连通
[2026-06-28 20:16:07] [ERROR] 网络断开，无法访问外网
[2026-06-28 20:16:07] [INFO] 切换运行模式: 教室模式 场景:中四班
[2026-06-28 20:16:07] [INFO] 切换运行模式: 睡眠室模式 场景:一楼左侧睡眠室
[2026-06-28 20:16:08] [INFO] 切换运行模式: 公共巡查模式 场景:公共过道
[2026-06-28 20:16:08] [NET] 网络已恢复连通
[2026-06-28 20:16:08] [INFO] 切换运行模式: 教室模式 场景:中四班
[2026-06-28 20:16:23] [SENSOR] 传感器数据异常
[2026-06-28 20:16:26] [SENSOR] 传感器采集正常
[2026-06-28 20:16:26] [WARN] 触发弹窗告警：奔跑预警 内容:幼儿在过道快速追逐打闹
[2026-06-28 20:16:48] [INFO] 手动抓拍完成，保存路径: ./capture/cap_20260628_201647.jpg
[2026-06-28 20:16:52] [RECORD] 录制启动成功 ./video_record/video_20260628_201652.mp4 分辨率1280*720
[2026-06-28 20:16:53] [ERROR] 网络断开，无法访问外网
[2026-06-28 20:16:54] [NET] 网络已恢复连通
[2026-06-28 20:16:55] [RECORD] 录制结束，总共写入28帧
[2026-06-28 20:16:57] [INFO] 手动清空告警列表
[2026-06-28 20:16:58] [INFO] 程序收到关闭信号，开始安全退出流程
[2026-06-28 20:16:58] [CAM] 摄像头捕获器已释放
[2026-06-28 20:16:58] [INFO] 摄像头采集线程正常退出
[2026-06-28 20:16:58] [INFO] 程序正常退出
[2026-06-28 20:16:58] [CAM] 摄像头设备断开
[2026-06-28 20:16:58] [INFO] 程序结束，退出码:0
