[2026-08-06 16:32:40] [INFO] ========== 幼儿园AI安全卫士程序启动 ==========
[2026-08-06 16:32:40] [INFO] 主程序窗口初始化完成
[2026-08-06 16:32:40] [SENSOR] RS485传感器采集线程已启动，串口：/dev/ttyUSB0
[2026-08-06 16:32:40] [INFO] AI环境模拟线程启动
[2026-08-06 16:32:40] [INFO] 摄像头采集线程启动
[2026-08-06 16:32:41] [CAM] 摄像头未检测到，等待重连...
[2026-08-06 16:32:41] [SENSOR] 开机未检测到温湿度传感器，延时播报
[2026-08-06 16:32:43] [NET] 网络已恢复连通
[2026-08-06 16:32:43] [MIC] 检测到USB麦克风设备
[2026-08-06 16:32:43] [CAM] 摄像头捕获器已释放
[2026-08-06 16:32:43] [CAM] 摄像头未检测到，等待重连...
[2026-08-06 16:32:44] [CAM] 摄像头捕获器已释放
[2026-08-06 16:32:44] [CAM] 摄像头未检测到，等待重连...
[2026-08-06 16:32:44] [CAM] 摄像头捕获器已释放
[2026-08-06 16:32:44] [CAM] 摄像头未检测到，等待重连...
[2026-08-06 16:32:45] [CAM] 摄像头捕获器已释放
[2026-08-06 16:32:45] [CAM] 摄像头未检测到，等待重连...
[2026-08-06 16:32:45] [CAM] 摄像头捕获器已释放
[2026-08-06 16:32:45] [CAM] 摄像头未检测到，等待重连...
[2026-08-06 16:32:46] [CAM] 摄像头捕获器已释放
[2026-08-06 16:32:46] [CAM] 摄像头未检测到，等待重连...
[2026-08-06 16:32:46] [CAM] 摄像头捕获器已释放
[2026-08-06 16:32:46] [CAM] 摄像头未检测到，等待重连...
[2026-08-06 16:32:47] [CAM] 摄像头捕获器已释放
[2026-08-06 16:32:47] [CAM] 摄像头未检测到，等待重连...
[2026-08-06 16:32:47] [CAM] 摄像头捕获器已释放
[2026-08-06 16:32:47] [CAM] 摄像头未检测到，等待重连...
[2026-08-06 16:32:48] [CAM] 摄像头捕获器已释放
[2026-08-06 16:32:48] [CAM] 摄像头未检测到，等待重连...
[2026-08-06 16:32:48] [CAM] 摄像头捕获器已释放
[2026-08-06 16:32:48] [CAM] 摄像头未检测到，等待重连...
[2026-08-06 16:32:49] [CAM] 摄像头捕获器已释放
[2026-08-06 16:32:49] [CAM] 摄像头未检测到，等待重连...
[2026-08-06 16:32:49] [CAM] 摄像头捕获器已释放
[2026-08-06 16:32:49] [CAM] 摄像头未检测到，等待重连...
[2026-08-06 16:32:50] [CAM] 摄像头捕获器已释放
[2026-08-06 16:32:50] [CAM] 摄像头未检测到，等待重连...
[2026-08-06 16:32:50] [CAM] 摄像头捕获器已释放
[2026-08-06 16:32:50] [CAM] 摄像头未检测到，等待重连...
[2026-08-06 16:32:51] [CAM] 摄像头捕获器已释放
[2026-08-06 16:32:51] [CAM] 摄像头未检测到，等待重连...
[2026-08-06 16:32:51] [CAM] 摄像头捕获器已释放
[2026-08-06 16:32:51] [CAM] 摄像头未检测到，等待重连...
[2026-08-06 16:32:52] [CAM] 摄像头捕获器已释放
[2026-08-06 16:32:52] [CAM] 摄像头未检测到，等待重连...
[2026-08-06 16:32:52] [CAM] 摄像头捕获器已释放
[2026-08-06 16:32:52] [CAM] 摄像头未检测到，等待重连...
[2026-08-06 16:32:53] [CAM] 摄像头捕获器已释放
[2026-08-06 16:32:53] [CAM] 摄像头未检测到，等待重连...
[2026-08-06 16:32:53] [CAM] 摄像头捕获器已释放
[2026-08-06 16:32:53] [CAM] 摄像头未检测到，等待重连...
[2026-08-06 16:32:54] [CAM] 摄像头捕获器已释放
[2026-08-06 16:32:54] [CAM] 摄像头未检测到，等待重连...
[2026-08-06 16:32:54] [CAM] 摄像头捕获器已释放
[2026-08-06 16:32:54] [CAM] 摄像头未检测到，等待重连...
[2026-08-06 16:32:55] [CAM] 摄像头捕获器已释放
[2026-08-06 16:32:55] [CAM] 摄像头未检测到，等待重连...
[2026-08-06 16:32:55] [CAM] 摄像头捕获器已释放
[2026-08-06 16:32:55] [CAM] 摄像头未检测到，等待重连...
[2026-08-06 16:32:56] [CAM] 摄像头捕获器已释放
[2026-08-06 16:32:56] [CAM] 摄像头未检测到，等待重连...
[2026-08-06 16:32:56] [CAM] 摄像头捕获器已释放
[2026-08-06 16:32:56] [CAM] 摄像头未检测到，等待重连...
[2026-08-06 16:32:57] [CAM] 摄像头捕获器已释放
[2026-08-06 16:32:57] [CAM] 摄像头未检测到，等待重连...
[2026-08-06 16:32:57] [CAM] 摄像头捕获器已释放
[2026-08-06 16:32:57] [CAM] 摄像头未检测到，等待重连...
[2026-08-06 16:32:58] [CAM] 摄像头捕获器已释放
[2026-08-06 16:32:58] [CAM] 摄像头未检测到，等待重连...
