[2026-08-04 19:50:05] [INFO] ========== 幼儿园AI安全卫士程序启动 ==========
[2026-08-04 19:50:05] [INFO] 主程序窗口初始化完成
[2026-08-04 19:50:05] [SENSOR] RS485传感器采集线程已启动，串口：/dev/ttyUSB0
[2026-08-04 19:50:05] [INFO] AI环境模拟线程启动
[2026-08-04 19:50:05] [INFO] 摄像头采集线程启动
[2026-08-04 19:50:05] [CAM] 摄像头未检测到，等待重连...
[2026-08-04 19:50:05] [SENSOR] 开机未检测到温湿度传感器，延时播报
[2026-08-04 19:50:07] [NET] 网络已恢复连通
[2026-08-04 19:50:07] [MIC] 检测到USB麦克风设备
[2026-08-04 19:50:08] [CAM] 摄像头捕获器已释放
[2026-08-04 19:50:08] [CAM] 摄像头未检测到，等待重连...
[2026-08-04 19:50:08] [CAM] 摄像头捕获器已释放
[2026-08-04 19:50:08] [CAM] 摄像头未检测到，等待重连...
[2026-08-04 19:50:09] [CAM] 摄像头捕获器已释放
[2026-08-04 19:50:09] [CAM] 摄像头未检测到，等待重连...
[2026-08-04 19:50:09] [CAM] 摄像头捕获器已释放
[2026-08-04 19:50:09] [CAM] 摄像头未检测到，等待重连...
[2026-08-04 19:50:10] [CAM] 摄像头捕获器已释放
[2026-08-04 19:50:10] [CAM] 摄像头未检测到，等待重连...
[2026-08-04 19:50:10] [CAM] 摄像头捕获器已释放
[2026-08-04 19:50:10] [CAM] 摄像头未检测到，等待重连...
[2026-08-04 19:50:11] [CAM] 摄像头捕获器已释放
[2026-08-04 19:50:11] [CAM] 摄像头未检测到，等待重连...
[2026-08-04 19:50:11] [CAM] 摄像头捕获器已释放
[2026-08-04 19:50:11] [CAM] 摄像头未检测到，等待重连...
[2026-08-04 19:50:12] [CAM] 摄像头捕获器已释放
[2026-08-04 19:50:12] [CAM] 摄像头未检测到，等待重连...
[2026-08-04 19:50:12] [CAM] 摄像头捕获器已释放
[2026-08-04 19:50:12] [CAM] 摄像头未检测到，等待重连...
[2026-08-04 19:50:13] [CAM] 摄像头捕获器已释放
[2026-08-04 19:50:13] [CAM] 摄像头未检测到，等待重连...
[2026-08-04 19:50:13] [CAM] 摄像头捕获器已释放
[2026-08-04 19:50:13] [CAM] 摄像头未检测到，等待重连...
[2026-08-04 19:50:14] [CAM] 摄像头捕获器已释放
[2026-08-04 19:50:14] [CAM] 摄像头未检测到，等待重连...
[2026-08-04 19:50:14] [CAM] 摄像头捕获器已释放
[2026-08-04 19:50:14] [CAM] 摄像头未检测到，等待重连...
[2026-08-04 19:50:15] [CAM] 摄像头捕获器已释放
[2026-08-04 19:50:15] [CAM] 摄像头未检测到，等待重连...
[2026-08-04 19:50:15] [CAM] 摄像头捕获器已释放
[2026-08-04 19:50:15] [CAM] 摄像头未检测到，等待重连...
[2026-08-04 19:50:16] [CAM] 摄像头捕获器已释放
[2026-08-04 19:50:16] [CAM] 摄像头未检测到，等待重连...
[2026-08-04 19:50:16] [CAM] 摄像头捕获器已释放
[2026-08-04 19:50:16] [CAM] 摄像头未检测到，等待重连...
[2026-08-04 19:50:16] [INFO] 程序收到关闭信号，开始安全退出流程
[2026-08-04 19:50:17] [CAM] 摄像头捕获器已释放
[2026-08-04 19:50:17] [CAM] 摄像头未检测到，等待重连...
[2026-08-04 19:50:17] [SENSOR] RS485采集线程已停止
[2026-08-04 19:50:17] [CAM] 摄像头捕获器已释放
[2026-08-04 19:50:17] [INFO] 摄像头采集线程正常退出
[2026-08-04 19:50:17] [INFO] 程序正常退出
[2026-08-04 19:50:17] [INFO] 程序结束，退出码:0
[2026-08-04 19:50:05] [INFO] ========== 幼儿园AI安全卫士程序启动 ==========
[2026-08-04 19:50:05] [INFO] 主程序窗口初始化完成
[2026-08-04 19:50:05] [SENSOR] RS485传感器采集线程已启动，串口：/dev/ttyUSB0
[2026-08-04 19:50:05] [INFO] AI环境模拟线程启动
[2026-08-04 19:50:05] [INFO] 摄像头采集线程启动
[2026-08-04 19:50:05] [CAM] 摄像头未检测到，等待重连...
[2026-08-04 19:50:05] [SENSOR] 开机未检测到温湿度传感器，延时播报
[2026-08-04 19:50:07] [NET] 网络已恢复连通
[2026-08-04 19:50:07] [MIC] 检测到USB麦克风设备
[2026-08-04 19:50:08] [CAM] 摄像头捕获器已释放
[2026-08-04 19:50:08] [CAM] 摄像头未检测到，等待重连...
[2026-08-04 19:50:08] [CAM] 摄像头捕获器已释放
[2026-08-04 19:50:08] [CAM] 摄像头未检测到，等待重连...
[2026-08-04 19:50:09] [CAM] 摄像头捕获器已释放
[2026-08-04 19:50:09] [CAM] 摄像头未检测到，等待重连...
[2026-08-04 19:50:09] [CAM] 摄像头捕获器已释放
[2026-08-04 19:50:09] [CAM] 摄像头未检测到，等待重连...
[2026-08-04 19:50:10] [CAM] 摄像头捕获器已释放
[2026-08-04 19:50:10] [CAM] 摄像头未检测到，等待重连...
[2026-08-04 19:50:10] [INFO] 程序收到关闭信号，开始安全退出流程
[2026-08-04 19:50:10] [SENSOR] RS485采集线程已停止
[2026-08-04 19:50:10] [CAM] 摄像头捕获器已释放
[2026-08-04 19:50:10] [INFO] 摄像头采集线程正常退出
[2026-08-04 19:50:10] [INFO] 程序正常退出
[2026-08-04 19:50:10] [INFO] 程序结束，退出码:0
