[2026-08-03 05:18:38] [INFO] ========== 幼儿园AI安全卫士程序启动 ==========
[2026-08-03 05:18:38] [INFO] 主程序窗口初始化完成
[2026-08-03 05:18:39] [SENSOR] RS485传感器采集线程已启动，串口：/dev/ttyUSB0
[2026-08-03 05:18:39] [INFO] AI环境模拟线程启动
[2026-08-03 05:18:39] [INFO] 摄像头采集线程启动
[2026-08-03 05:18:39] [CAM] 摄像头未检测到，等待重连...
[2026-08-03 05:18:39] [SENSOR] 开机未检测到温湿度传感器，延时播报
[2026-08-03 05:18:40] [INFO] 程序收到关闭信号，开始安全退出流程
[2026-08-03 05:18:41] [SENSOR] RS485采集线程已停止
[2026-08-03 05:18:41] [CAM] 摄像头捕获器已释放
[2026-08-03 05:18:41] [INFO] 摄像头采集线程正常退出
[2026-08-03 05:18:41] [INFO] 程序正常退出
[2026-08-03 05:18:41] [NET] 网络已恢复连通
[2026-08-03 05:18:41] [MIC] 检测到USB麦克风设备
[2026-08-03 05:18:41] [INFO] 程序结束，退出码:0
[2026-08-03 05:58:27] [INFO] ========== 幼儿园AI安全卫士程序启动 ==========
[2026-08-03 05:58:27] [INFO] 主程序窗口初始化完成
[2026-08-03 05:58:27] [SENSOR] RS485传感器采集线程已启动，串口：/dev/ttyUSB0
[2026-08-03 05:58:27] [INFO] AI环境模拟线程启动
[2026-08-03 05:58:27] [INFO] 摄像头采集线程启动
[2026-08-03 05:58:27] [CAM] 摄像头未检测到，等待重连...
[2026-08-03 05:58:27] [SENSOR] 开机未检测到温湿度传感器，延时播报
[2026-08-03 05:58:29] [NET] 网络已恢复连通
[2026-08-03 05:58:29] [MIC] 检测到USB麦克风设备
[2026-08-03 05:58:29] [CAM] 摄像头捕获器已释放
[2026-08-03 05:58:29] [CAM] 摄像头未检测到，等待重连...
[2026-08-03 05:58:30] [CAM] 摄像头捕获器已释放
[2026-08-03 05:58:30] [CAM] 摄像头未检测到，等待重连...
[2026-08-03 05:58:30] [CAM] 摄像头捕获器已释放
[2026-08-03 05:58:30] [CAM] 摄像头未检测到，等待重连...
[2026-08-03 05:58:31] [CAM] 摄像头捕获器已释放
[2026-08-03 05:58:31] [CAM] 摄像头未检测到，等待重连...
[2026-08-03 05:58:31] [CAM] 摄像头捕获器已释放
[2026-08-03 05:58:31] [CAM] 摄像头未检测到，等待重连...
[2026-08-03 05:58:32] [CAM] 摄像头捕获器已释放
[2026-08-03 05:58:32] [CAM] 摄像头未检测到，等待重连...
[2026-08-03 05:58:32] [CAM] 摄像头捕获器已释放
[2026-08-03 05:58:32] [CAM] 摄像头未检测到，等待重连...
[2026-08-03 05:58:33] [CAM] 摄像头捕获器已释放
[2026-08-03 05:58:33] [CAM] 摄像头未检测到，等待重连...
[2026-08-03 05:58:33] [CAM] 摄像头捕获器已释放
[2026-08-03 05:58:33] [CAM] 摄像头未检测到，等待重连...
[2026-08-03 05:58:34] [CAM] 摄像头捕获器已释放
[2026-08-03 05:58:34] [CAM] 摄像头未检测到，等待重连...
[2026-08-03 05:58:34] [CAM] 摄像头捕获器已释放
[2026-08-03 05:58:34] [CAM] 摄像头未检测到，等待重连...
[2026-08-03 05:58:35] [CAM] 摄像头捕获器已释放
[2026-08-03 05:58:35] [CAM] 摄像头未检测到，等待重连...
[2026-08-03 05:58:35] [INFO] 程序收到关闭信号，开始安全退出流程
[2026-08-03 05:58:35] [CAM] 摄像头捕获器已释放
[2026-08-03 05:58:35] [CAM] 摄像头未检测到，等待重连...
[2026-08-03 05:58:36] [SENSOR] RS485采集线程已停止
[2026-08-03 05:58:36] [CAM] 摄像头捕获器已释放
[2026-08-03 05:58:36] [INFO] 摄像头采集线程正常退出
[2026-08-03 05:58:36] [INFO] 程序正常退出
[2026-08-03 05:58:36] [INFO] 程序结束，退出码:0
[2026-08-03 06:01:26] [INFO] ========== 幼儿园AI安全卫士程序启动 ==========
[2026-08-03 06:01:26] [INFO] 主程序窗口初始化完成
[2026-08-03 06:01:26] [SENSOR] RS485传感器采集线程已启动，串口：/dev/ttyUSB0
[2026-08-03 06:01:26] [INFO] AI环境模拟线程启动
[2026-08-03 06:01:26] [INFO] 摄像头采集线程启动
[2026-08-03 06:01:26] [CAM] 摄像头未检测到，等待重连...
[2026-08-03 06:01:26] [SENSOR] 开机未检测到温湿度传感器，延时播报
[2026-08-03 06:01:28] [NET] 网络已恢复连通
[2026-08-03 06:01:28] [MIC] 检测到USB麦克风设备
[2026-08-03 06:01:28] [CAM] 摄像头捕获器已释放
[2026-08-03 06:01:28] [CAM] 摄像头未检测到，等待重连...
[2026-08-03 06:01:29] [CAM] 摄像头捕获器已释放
[2026-08-03 06:01:29] [CAM] 摄像头未检测到，等待重连...
[2026-08-03 06:01:29] [CAM] 摄像头捕获器已释放
[2026-08-03 06:01:29] [CAM] 摄像头未检测到，等待重连...
[2026-08-03 06:01:30] [CAM] 摄像头捕获器已释放
[2026-08-03 06:01:30] [CAM] 摄像头未检测到，等待重连...
[2026-08-03 06:01:30] [CAM] 摄像头捕获器已释放
[2026-08-03 06:01:30] [CAM] 摄像头未检测到，等待重连...
[2026-08-03 06:01:31] [CAM] 摄像头捕获器已释放
[2026-08-03 06:01:31] [CAM] 摄像头未检测到，等待重连...
[2026-08-03 06:01:31] [CAM] 摄像头捕获器已释放
[2026-08-03 06:01:31] [CAM] 摄像头未检测到，等待重连...
[2026-08-03 06:01:32] [CAM] 摄像头捕获器已释放
[2026-08-03 06:01:32] [CAM] 摄像头未检测到，等待重连...
[2026-08-03 06:01:32] [CAM] 摄像头捕获器已释放
[2026-08-03 06:01:32] [CAM] 摄像头未检测到，等待重连...
[2026-08-03 06:01:33] [CAM] 摄像头捕获器已释放
[2026-08-03 06:01:33] [CAM] 摄像头未检测到，等待重连...
[2026-08-03 06:01:33] [CAM] 摄像头捕获器已释放
[2026-08-03 06:01:33] [CAM] 摄像头未检测到，等待重连...
[2026-08-03 06:01:34] [CAM] 摄像头捕获器已释放
[2026-08-03 06:01:34] [CAM] 摄像头未检测到，等待重连...
[2026-08-03 06:01:34] [CAM] 摄像头捕获器已释放
[2026-08-03 06:01:34] [CAM] 摄像头未检测到，等待重连...
[2026-08-03 06:01:35] [CAM] 摄像头捕获器已释放
[2026-08-03 06:01:35] [CAM] 摄像头未检测到，等待重连...
[2026-08-03 06:01:35] [CAM] 摄像头捕获器已释放
[2026-08-03 06:01:35] [CAM] 摄像头未检测到，等待重连...
[2026-08-03 06:01:36] [CAM] 摄像头捕获器已释放
[2026-08-03 06:01:36] [CAM] 摄像头未检测到，等待重连...
[2026-08-03 06:01:36] [CAM] 摄像头捕获器已释放
[2026-08-03 06:01:36] [CAM] 摄像头未检测到，等待重连...
[2026-08-03 06:01:37] [CAM] 摄像头捕获器已释放
[2026-08-03 06:01:37] [CAM] 摄像头未检测到，等待重连...
[2026-08-03 06:01:37] [CAM] 摄像头捕获器已释放
[2026-08-03 06:01:37] [CAM] 摄像头未检测到，等待重连...
[2026-08-03 06:01:38] [CAM] 摄像头捕获器已释放
[2026-08-03 06:01:38] [CAM] 摄像头未检测到，等待重连...
[2026-08-03 06:01:38] [CAM] 摄像头捕获器已释放
[2026-08-03 06:01:38] [CAM] 摄像头未检测到，等待重连...
[2026-08-03 06:01:39] [CAM] 摄像头捕获器已释放
[2026-08-03 06:01:39] [CAM] 摄像头未检测到，等待重连...
[2026-08-03 06:01:39] [CAM] 摄像头捕获器已释放
[2026-08-03 06:01:39] [CAM] 摄像头未检测到，等待重连...
[2026-08-03 06:01:40] [CAM] 摄像头捕获器已释放
[2026-08-03 06:01:40] [CAM] 摄像头未检测到，等待重连...
[2026-08-03 06:01:40] [CAM] 摄像头捕获器已释放
[2026-08-03 06:01:40] [CAM] 摄像头未检测到，等待重连...
[2026-08-03 06:01:41] [CAM] 摄像头捕获器已释放
[2026-08-03 06:01:41] [CAM] 摄像头未检测到，等待重连...
[2026-08-03 06:01:41] [CAM] 摄像头捕获器已释放
[2026-08-03 06:01:41] [CAM] 摄像头未检测到，等待重连...
[2026-08-03 06:01:42] [CAM] 摄像头捕获器已释放
[2026-08-03 06:01:42] [CAM] 摄像头未检测到，等待重连...
[2026-08-03 06:01:42] [CAM] 摄像头捕获器已释放
[2026-08-03 06:01:42] [CAM] 摄像头未检测到，等待重连...
[2026-08-03 06:01:43] [CAM] 摄像头捕获器已释放
[2026-08-03 06:01:43] [CAM] 摄像头未检测到，等待重连...
[2026-08-03 06:01:43] [CAM] 摄像头捕获器已释放
[2026-08-03 06:01:43] [CAM] 摄像头未检测到，等待重连...
[2026-08-03 06:01:44] [CAM] 摄像头捕获器已释放
[2026-08-03 06:01:44] [CAM] 摄像头未检测到，等待重连...
[2026-08-03 06:01:44] [CAM] 摄像头捕获器已释放
[2026-08-03 06:01:44] [CAM] 摄像头未检测到，等待重连...
[2026-08-03 06:01:45] [CAM] 摄像头捕获器已释放
[2026-08-03 06:01:45] [CAM] 摄像头未检测到，等待重连...
[2026-08-03 06:01:45] [CAM] 摄像头捕获器已释放
[2026-08-03 06:01:45] [CAM] 摄像头未检测到，等待重连...
[2026-08-03 06:01:46] [CAM] 摄像头捕获器已释放
[2026-08-03 06:01:46] [CAM] 摄像头未检测到，等待重连...
[2026-08-03 06:01:46] [CAM] 摄像头捕获器已释放
[2026-08-03 06:01:46] [CAM] 摄像头未检测到，等待重连...
[2026-08-03 06:01:47] [CAM] 摄像头捕获器已释放
[2026-08-03 06:01:47] [CAM] 摄像头未检测到，等待重连...
[2026-08-03 06:01:47] [CAM] 摄像头捕获器已释放
[2026-08-03 06:01:47] [CAM] 摄像头未检测到，等待重连...
[2026-08-03 06:01:48] [CAM] 摄像头捕获器已释放
[2026-08-03 06:01:48] [CAM] 摄像头未检测到，等待重连...
[2026-08-03 06:01:48] [CAM] 摄像头捕获器已释放
[2026-08-03 06:01:48] [CAM] 摄像头未检测到，等待重连...
[2026-08-03 06:01:49] [CAM] 摄像头捕获器已释放
[2026-08-03 06:01:49] [CAM] 摄像头未检测到，等待重连...
[2026-08-03 06:01:49] [CAM] 摄像头捕获器已释放
[2026-08-03 06:01:49] [CAM] 摄像头未检测到，等待重连...
[2026-08-03 06:01:50] [CAM] 摄像头捕获器已释放
[2026-08-03 06:01:50] [CAM] 摄像头未检测到，等待重连...
[2026-08-03 06:01:50] [CAM] 摄像头捕获器已释放
[2026-08-03 06:01:50] [CAM] 摄像头未检测到，等待重连...
[2026-08-03 06:01:51] [CAM] 摄像头捕获器已释放
[2026-08-03 06:01:51] [CAM] 摄像头未检测到，等待重连...
[2026-08-03 06:01:51] [CAM] 摄像头捕获器已释放
[2026-08-03 06:01:51] [CAM] 摄像头未检测到，等待重连...
[2026-08-03 06:01:52] [CAM] 摄像头捕获器已释放
[2026-08-03 06:01:52] [CAM] 摄像头未检测到，等待重连...
[2026-08-03 06:01:52] [CAM] 摄像头捕获器已释放
[2026-08-03 06:01:52] [CAM] 摄像头未检测到，等待重连...
[2026-08-03 06:01:53] [CAM] 摄像头捕获器已释放
[2026-08-03 06:01:53] [CAM] 摄像头未检测到，等待重连...
[2026-08-03 07:49:14] [CAM] 摄像头捕获器已释放
[2026-08-03 07:49:14] [CAM] 摄像头未检测到，等待重连...
[2026-08-03 07:49:14] [CAM] 摄像头捕获器已释放
[2026-08-03 07:49:14] [CAM] 摄像头未检测到，等待重连...
[2026-08-03 07:49:15] [CAM] 摄像头捕获器已释放
[2026-08-03 07:49:15] [CAM] 摄像头未检测到，等待重连...
[2026-08-03 07:49:15] [CAM] 摄像头捕获器已释放
[2026-08-03 07:49:15] [CAM] 摄像头未检测到，等待重连...
[2026-08-03 07:49:16] [CAM] 摄像头捕获器已释放
[2026-08-03 07:49:16] [CAM] 摄像头未检测到，等待重连...
[2026-08-03 07:49:16] [CAM] 摄像头捕获器已释放
[2026-08-03 07:49:16] [CAM] 摄像头未检测到，等待重连...
[2026-08-03 07:49:17] [CAM] 摄像头捕获器已释放
[2026-08-03 07:49:17] [CAM] 摄像头未检测到，等待重连...
[2026-08-03 07:49:17] [CAM] 摄像头捕获器已释放
[2026-08-03 07:49:17] [CAM] 摄像头未检测到，等待重连...
[2026-08-03 07:49:18] [CAM] 摄像头捕获器已释放
[2026-08-03 07:49:18] [CAM] 摄像头未检测到，等待重连...
[2026-08-03 07:49:18] [CAM] 摄像头捕获器已释放
[2026-08-03 07:49:18] [CAM] 摄像头未检测到，等待重连...
[2026-08-03 07:49:19] [CAM] 摄像头捕获器已释放
[2026-08-03 07:49:19] [CAM] 摄像头未检测到，等待重连...
[2026-08-03 07:49:19] [CAM] 摄像头捕获器已释放
[2026-08-03 07:49:19] [CAM] 摄像头未检测到，等待重连...
[2026-08-03 07:49:20] [CAM] 摄像头捕获器已释放
[2026-08-03 07:49:20] [CAM] 摄像头未检测到，等待重连...
[2026-08-03 07:49:20] [CAM] 摄像头捕获器已释放
[2026-08-03 07:49:20] [CAM] 摄像头未检测到，等待重连...
[2026-08-03 07:49:21] [CAM] 摄像头捕获器已释放
[2026-08-03 07:49:21] [CAM] 摄像头未检测到，等待重连...
[2026-08-03 07:49:21] [CAM] 摄像头捕获器已释放
[2026-08-03 07:49:21] [CAM] 摄像头未检测到，等待重连...
[2026-08-03 07:49:22] [CAM] 摄像头捕获器已释放
[2026-08-03 07:49:22] [CAM] 摄像头未检测到，等待重连...
[2026-08-03 07:49:22] [CAM] 摄像头捕获器已释放
[2026-08-03 07:49:22] [CAM] 摄像头未检测到，等待重连...
[2026-08-03 07:49:23] [CAM] 摄像头捕获器已释放
[2026-08-03 07:49:23] [CAM] 摄像头未检测到，等待重连...
[2026-08-03 07:49:23] [CAM] 摄像头捕获器已释放
[2026-08-03 07:49:23] [CAM] 摄像头未检测到，等待重连...
[2026-08-03 07:49:24] [CAM] 摄像头捕获器已释放
[2026-08-03 07:49:24] [CAM] 摄像头未检测到，等待重连...
[2026-08-03 07:49:24] [CAM] 摄像头捕获器已释放
[2026-08-03 07:49:24] [CAM] 摄像头未检测到，等待重连...
[2026-08-03 07:49:25] [CAM] 摄像头捕获器已释放
[2026-08-03 07:49:25] [CAM] 摄像头未检测到，等待重连...
[2026-08-03 07:49:25] [CAM] 摄像头捕获器已释放
[2026-08-03 07:49:25] [CAM] 摄像头未检测到，等待重连...
[2026-08-03 07:49:26] [CAM] 摄像头捕获器已释放
[2026-08-03 07:49:26] [CAM] 摄像头未检测到，等待重连...
[2026-08-03 07:49:26] [CAM] 摄像头捕获器已释放
[2026-08-03 07:49:26] [CAM] 摄像头未检测到，等待重连...
[2026-08-03 07:49:27] [CAM] 摄像头捕获器已释放
[2026-08-03 07:49:27] [CAM] 摄像头未检测到，等待重连...
[2026-08-03 07:49:27] [CAM] 摄像头捕获器已释放
[2026-08-03 07:49:27] [CAM] 摄像头未检测到，等待重连...
[2026-08-03 07:49:28] [CAM] 摄像头捕获器已释放
[2026-08-03 07:49:28] [CAM] 摄像头未检测到，等待重连...
[2026-08-03 07:49:28] [CAM] 摄像头捕获器已释放
[2026-08-03 07:49:28] [CAM] 摄像头未检测到，等待重连...
[2026-08-03 07:49:29] [CAM] 摄像头捕获器已释放
[2026-08-03 07:49:29] [CAM] 摄像头未检测到，等待重连...
[2026-08-03 07:49:29] [CAM] 摄像头捕获器已释放
[2026-08-03 07:49:29] [CAM] 摄像头未检测到，等待重连...
[2026-08-03 07:49:30] [CAM] 摄像头捕获器已释放
[2026-08-03 07:49:30] [CAM] 摄像头未检测到，等待重连...
[2026-08-03 07:49:30] [CAM] 摄像头捕获器已释放
[2026-08-03 07:49:30] [CAM] 摄像头未检测到，等待重连...
[2026-08-03 07:49:31] [CAM] 摄像头捕获器已释放
[2026-08-03 07:49:31] [CAM] 摄像头未检测到，等待重连...
[2026-08-03 07:49:31] [CAM] 摄像头捕获器已释放
[2026-08-03 07:49:31] [CAM] 摄像头未检测到，等待重连...
[2026-08-03 07:49:32] [CAM] 摄像头捕获器已释放
[2026-08-03 07:49:32] [CAM] 摄像头未检测到，等待重连...
[2026-08-03 07:49:32] [CAM] 摄像头捕获器已释放
[2026-08-03 07:49:32] [CAM] 摄像头未检测到，等待重连...
[2026-08-03 07:49:33] [CAM] 摄像头捕获器已释放
[2026-08-03 07:49:33] [CAM] 摄像头未检测到，等待重连...
[2026-08-03 07:49:33] [CAM] 摄像头捕获器已释放
[2026-08-03 07:49:33] [CAM] 摄像头未检测到，等待重连...
[2026-08-03 07:49:34] [CAM] 摄像头捕获器已释放
[2026-08-03 07:49:34] [CAM] 摄像头未检测到，等待重连...
[2026-08-03 07:49:34] [CAM] 摄像头捕获器已释放
[2026-08-03 07:49:34] [CAM] 摄像头未检测到，等待重连...
[2026-08-03 07:49:35] [CAM] 摄像头捕获器已释放
[2026-08-03 07:49:35] [CAM] 摄像头未检测到，等待重连...
[2026-08-03 07:49:35] [CAM] 摄像头捕获器已释放
[2026-08-03 07:49:35] [CAM] 摄像头未检测到，等待重连...
[2026-08-03 07:49:36] [CAM] 摄像头捕获器已释放
[2026-08-03 07:49:36] [CAM] 摄像头未检测到，等待重连...
[2026-08-03 07:49:36] [CAM] 摄像头捕获器已释放
[2026-08-03 07:49:36] [CAM] 摄像头未检测到，等待重连...
[2026-08-03 07:49:37] [CAM] 摄像头捕获器已释放
[2026-08-03 07:49:37] [CAM] 摄像头未检测到，等待重连...
[2026-08-03 07:49:37] [CAM] 摄像头捕获器已释放
[2026-08-03 07:49:37] [CAM] 摄像头未检测到，等待重连...
[2026-08-03 07:49:38] [CAM] 摄像头捕获器已释放
[2026-08-03 07:49:38] [CAM] 摄像头未检测到，等待重连...
[2026-08-03 07:49:38] [CAM] 摄像头捕获器已释放
[2026-08-03 07:49:38] [CAM] 摄像头未检测到，等待重连...
[2026-08-03 07:49:39] [CAM] 摄像头捕获器已释放
[2026-08-03 07:49:39] [CAM] 摄像头未检测到，等待重连...
[2026-08-03 07:49:39] [CAM] 摄像头捕获器已释放
[2026-08-03 07:49:39] [CAM] 摄像头未检测到，等待重连...
[2026-08-03 07:49:40] [CAM] 摄像头捕获器已释放
[2026-08-03 07:49:40] [CAM] 摄像头未检测到，等待重连...
[2026-08-03 07:49:40] [CAM] 摄像头捕获器已释放
[2026-08-03 07:49:40] [CAM] 摄像头未检测到，等待重连...
[2026-08-03 07:49:41] [CAM] 摄像头捕获器已释放
[2026-08-03 07:49:41] [CAM] 摄像头未检测到，等待重连...
[2026-08-03 07:49:41] [CAM] 摄像头捕获器已释放
[2026-08-03 07:49:41] [CAM] 摄像头未检测到，等待重连...
[2026-08-03 07:49:42] [CAM] 摄像头捕获器已释放
[2026-08-03 07:49:42] [CAM] 摄像头未检测到，等待重连...
[2026-08-03 07:49:42] [CAM] 摄像头捕获器已释放
[2026-08-03 07:49:42] [CAM] 摄像头未检测到，等待重连...
[2026-08-03 07:49:43] [CAM] 摄像头捕获器已释放
[2026-08-03 07:49:43] [CAM] 摄像头未检测到，等待重连...
[2026-08-03 07:49:43] [CAM] 摄像头捕获器已释放
[2026-08-03 07:49:43] [CAM] 摄像头未检测到，等待重连...
[2026-08-03 07:49:44] [CAM] 摄像头捕获器已释放
[2026-08-03 07:49:44] [CAM] 摄像头未检测到，等待重连...
[2026-08-03 07:49:44] [CAM] 摄像头捕获器已释放
[2026-08-03 07:49:44] [CAM] 摄像头未检测到，等待重连...
[2026-08-03 07:49:45] [CAM] 摄像头捕获器已释放
[2026-08-03 07:49:45] [CAM] 摄像头未检测到，等待重连...
[2026-08-03 07:49:45] [CAM] 摄像头捕获器已释放
[2026-08-03 07:49:45] [CAM] 摄像头未检测到，等待重连...
[2026-08-03 07:49:46] [CAM] 摄像头捕获器已释放
[2026-08-03 07:49:46] [CAM] 摄像头未检测到，等待重连...
[2026-08-03 07:49:46] [CAM] 摄像头捕获器已释放
[2026-08-03 07:49:46] [CAM] 摄像头未检测到，等待重连...
[2026-08-03 07:49:47] [CAM] 摄像头捕获器已释放
[2026-08-03 07:49:47] [CAM] 摄像头未检测到，等待重连...
[2026-08-03 07:49:47] [CAM] 摄像头捕获器已释放
[2026-08-03 07:49:47] [CAM] 摄像头未检测到，等待重连...
[2026-08-03 07:49:48] [CAM] 摄像头捕获器已释放
[2026-08-03 07:49:48] [CAM] 摄像头未检测到，等待重连...
[2026-08-03 07:49:48] [CAM] 摄像头捕获器已释放
[2026-08-03 07:49:48] [CAM] 摄像头未检测到，等待重连...
[2026-08-03 07:49:49] [CAM] 摄像头捕获器已释放
[2026-08-03 07:49:49] [CAM] 摄像头未检测到，等待重连...
[2026-08-03 07:49:49] [CAM] 摄像头捕获器已释放
[2026-08-03 07:49:49] [CAM] 摄像头未检测到，等待重连...
[2026-08-03 07:49:50] [CAM] 摄像头捕获器已释放
[2026-08-03 07:49:50] [CAM] 摄像头未检测到，等待重连...
[2026-08-03 07:49:50] [CAM] 摄像头捕获器已释放
[2026-08-03 07:49:50] [CAM] 摄像头未检测到，等待重连...
[2026-08-03 07:49:51] [CAM] 摄像头捕获器已释放
[2026-08-03 07:49:51] [CAM] 摄像头未检测到，等待重连...
[2026-08-03 07:49:51] [CAM] 摄像头捕获器已释放
[2026-08-03 07:49:51] [CAM] 摄像头未检测到，等待重连...
[2026-08-03 07:49:52] [CAM] 摄像头捕获器已释放
[2026-08-03 07:49:52] [CAM] 摄像头未检测到，等待重连...
[2026-08-03 07:49:52] [CAM] 摄像头捕获器已释放
[2026-08-03 07:49:52] [CAM] 摄像头未检测到，等待重连...
[2026-08-03 07:49:53] [CAM] 摄像头捕获器已释放
[2026-08-03 07:49:53] [CAM] 摄像头未检测到，等待重连...
[2026-08-03 07:49:53] [CAM] 摄像头捕获器已释放
[2026-08-03 07:49:53] [CAM] 摄像头未检测到，等待重连...
[2026-08-03 07:49:54] [CAM] 摄像头捕获器已释放
[2026-08-03 07:49:54] [CAM] 摄像头未检测到，等待重连...
[2026-08-03 07:49:54] [CAM] 摄像头捕获器已释放
[2026-08-03 07:49:54] [CAM] 摄像头未检测到，等待重连...
[2026-08-03 07:49:55] [CAM] 摄像头捕获器已释放
[2026-08-03 07:49:55] [CAM] 摄像头未检测到，等待重连...
[2026-08-03 07:49:55] [CAM] 摄像头捕获器已释放
[2026-08-03 07:49:55] [CAM] 摄像头未检测到，等待重连...
[2026-08-03 07:49:56] [CAM] 摄像头捕获器已释放
[2026-08-03 07:49:56] [CAM] 摄像头未检测到，等待重连...
[2026-08-03 07:49:56] [CAM] 摄像头捕获器已释放
[2026-08-03 07:49:56] [CAM] 摄像头未检测到，等待重连...
[2026-08-03 07:49:57] [CAM] 摄像头捕获器已释放
[2026-08-03 07:49:57] [CAM] 摄像头未检测到，等待重连...
[2026-08-03 07:49:57] [CAM] 摄像头捕获器已释放
[2026-08-03 07:49:57] [CAM] 摄像头未检测到，等待重连...
[2026-08-03 07:49:58] [CAM] 摄像头捕获器已释放
[2026-08-03 07:49:58] [CAM] 摄像头未检测到，等待重连...
[2026-08-03 07:49:58] [CAM] 摄像头捕获器已释放
[2026-08-03 07:49:58] [CAM] 摄像头未检测到，等待重连...
[2026-08-03 07:49:59] [CAM] 摄像头捕获器已释放
[2026-08-03 07:49:59] [CAM] 摄像头未检测到，等待重连...
[2026-08-03 07:49:59] [CAM] 摄像头捕获器已释放
[2026-08-03 07:49:59] [CAM] 摄像头未检测到，等待重连...
[2026-08-03 07:50:00] [CAM] 摄像头捕获器已释放
[2026-08-03 07:50:00] [CAM] 摄像头未检测到，等待重连...
[2026-08-03 07:50:00] [CAM] 摄像头捕获器已释放
[2026-08-03 07:50:00] [CAM] 摄像头未检测到，等待重连...
[2026-08-03 07:50:01] [CAM] 摄像头捕获器已释放
[2026-08-03 07:50:01] [CAM] 摄像头未检测到，等待重连...
[2026-08-03 07:50:01] [CAM] 摄像头捕获器已释放
[2026-08-03 07:50:01] [CAM] 摄像头未检测到，等待重连...
[2026-08-03 07:50:02] [CAM] 摄像头捕获器已释放
[2026-08-03 07:50:02] [CAM] 摄像头未检测到，等待重连...
[2026-08-03 07:50:02] [CAM] 摄像头捕获器已释放
[2026-08-03 07:50:02] [CAM] 摄像头未检测到，等待重连...
[2026-08-03 07:50:03] [CAM] 摄像头捕获器已释放
[2026-08-03 07:50:03] [CAM] 摄像头未检测到，等待重连...
[2026-08-03 07:50:03] [CAM] 摄像头捕获器已释放
[2026-08-03 07:50:03] [CAM] 摄像头未检测到，等待重连...
[2026-08-03 07:50:04] [CAM] 摄像头捕获器已释放
[2026-08-03 07:50:04] [CAM] 摄像头未检测到，等待重连...
[2026-08-03 07:50:04] [CAM] 摄像头捕获器已释放
[2026-08-03 07:50:04] [CAM] 摄像头未检测到，等待重连...
[2026-08-03 07:50:05] [CAM] 摄像头捕获器已释放
[2026-08-03 07:50:05] [CAM] 摄像头未检测到，等待重连...
[2026-08-03 07:50:05] [CAM] 摄像头捕获器已释放
[2026-08-03 07:50:05] [CAM] 摄像头未检测到，等待重连...
[2026-08-03 07:50:06] [CAM] 摄像头捕获器已释放
[2026-08-03 07:50:06] [CAM] 摄像头未检测到，等待重连...
[2026-08-03 07:50:06] [CAM] 摄像头捕获器已释放
[2026-08-03 07:50:06] [CAM] 摄像头未检测到，等待重连...
[2026-08-03 07:50:07] [CAM] 摄像头捕获器已释放
[2026-08-03 07:50:07] [CAM] 摄像头未检测到，等待重连...
[2026-08-03 07:50:07] [CAM] 摄像头捕获器已释放
[2026-08-03 07:50:07] [CAM] 摄像头未检测到，等待重连...
[2026-08-03 07:50:08] [CAM] 摄像头捕获器已释放
[2026-08-03 07:50:08] [CAM] 摄像头未检测到，等待重连...
[2026-08-03 07:50:08] [CAM] 摄像头捕获器已释放
[2026-08-03 07:50:08] [CAM] 摄像头未检测到，等待重连...
[2026-08-03 07:50:09] [CAM] 摄像头捕获器已释放
[2026-08-03 07:50:09] [CAM] 摄像头未检测到，等待重连...
[2026-08-03 07:50:09] [CAM] 摄像头捕获器已释放
[2026-08-03 07:50:10] [CAM] 摄像头未检测到，等待重连...
[2026-08-03 07:50:10] [CAM] 摄像头捕获器已释放
[2026-08-03 07:50:10] [CAM] 摄像头未检测到，等待重连...
[2026-08-03 07:50:11] [CAM] 摄像头捕获器已释放
[2026-08-03 07:50:11] [CAM] 摄像头未检测到，等待重连...
[2026-08-03 07:50:11] [CAM] 摄像头捕获器已释放
[2026-08-03 07:50:11] [CAM] 摄像头未检测到，等待重连...
[2026-08-03 07:50:12] [CAM] 摄像头捕获器已释放
[2026-08-03 07:50:12] [CAM] 摄像头未检测到，等待重连...
[2026-08-03 07:50:12] [CAM] 摄像头捕获器已释放
[2026-08-03 07:50:12] [CAM] 摄像头未检测到，等待重连...
[2026-08-03 07:50:13] [CAM] 摄像头捕获器已释放
[2026-08-03 07:50:13] [CAM] 摄像头未检测到，等待重连...
[2026-08-03 07:50:13] [CAM] 摄像头捕获器已释放
[2026-08-03 07:50:13] [CAM] 摄像头未检测到，等待重连...
[2026-08-03 07:50:14] [CAM] 摄像头捕获器已释放
[2026-08-03 07:50:14] [CAM] 摄像头未检测到，等待重连...
[2026-08-03 07:50:14] [CAM] 摄像头捕获器已释放
[2026-08-03 07:50:14] [CAM] 摄像头未检测到，等待重连...
[2026-08-03 07:50:15] [CAM] 摄像头捕获器已释放
[2026-08-03 07:50:15] [CAM] 摄像头未检测到，等待重连...
[2026-08-03 07:50:15] [CAM] 摄像头捕获器已释放
[2026-08-03 07:50:15] [CAM] 摄像头未检测到，等待重连...
[2026-08-03 07:50:16] [CAM] 摄像头捕获器已释放
[2026-08-03 07:50:16] [CAM] 摄像头未检测到，等待重连...
[2026-08-03 07:50:16] [CAM] 摄像头捕获器已释放
[2026-08-03 07:50:16] [CAM] 摄像头未检测到，等待重连...
[2026-08-03 07:50:17] [CAM] 摄像头捕获器已释放
[2026-08-03 07:50:17] [CAM] 摄像头未检测到，等待重连...
[2026-08-03 07:50:17] [CAM] 摄像头捕获器已释放
[2026-08-03 07:50:17] [CAM] 摄像头未检测到，等待重连...
[2026-08-03 07:50:18] [CAM] 摄像头捕获器已释放
[2026-08-03 07:50:18] [CAM] 摄像头未检测到，等待重连...
[2026-08-03 07:50:18] [CAM] 摄像头捕获器已释放
[2026-08-03 07:50:18] [CAM] 摄像头未检测到，等待重连...
[2026-08-03 07:50:19] [CAM] 摄像头捕获器已释放
[2026-08-03 07:50:19] [CAM] 摄像头未检测到，等待重连...
[2026-08-03 07:50:19] [CAM] 摄像头捕获器已释放
[2026-08-03 07:50:19] [CAM] 摄像头未检测到，等待重连...
[2026-08-03 07:50:20] [CAM] 摄像头捕获器已释放
[2026-08-03 07:50:20] [CAM] 摄像头未检测到，等待重连...
[2026-08-03 07:50:20] [CAM] 摄像头捕获器已释放
[2026-08-03 07:50:20] [CAM] 摄像头未检测到，等待重连...
[2026-08-03 07:50:21] [CAM] 摄像头捕获器已释放
[2026-08-03 07:50:21] [CAM] 摄像头未检测到，等待重连...
[2026-08-03 07:50:21] [CAM] 摄像头捕获器已释放
[2026-08-03 07:50:21] [CAM] 摄像头未检测到，等待重连...
[2026-08-03 07:50:22] [CAM] 摄像头捕获器已释放
[2026-08-03 07:50:22] [CAM] 摄像头未检测到，等待重连...
[2026-08-03 07:50:22] [CAM] 摄像头捕获器已释放
[2026-08-03 07:50:22] [CAM] 摄像头未检测到，等待重连...
[2026-08-03 07:50:23] [CAM] 摄像头捕获器已释放
[2026-08-03 07:50:23] [CAM] 摄像头未检测到，等待重连...
[2026-08-03 07:50:23] [CAM] 摄像头捕获器已释放
[2026-08-03 07:50:23] [CAM] 摄像头未检测到，等待重连...
[2026-08-03 07:50:24] [CAM] 摄像头捕获器已释放
[2026-08-03 07:50:24] [CAM] 摄像头未检测到，等待重连...
[2026-08-03 07:50:24] [CAM] 摄像头捕获器已释放
[2026-08-03 07:50:24] [CAM] 摄像头未检测到，等待重连...
[2026-08-03 07:50:25] [CAM] 摄像头捕获器已释放
[2026-08-03 07:50:25] [CAM] 摄像头未检测到，等待重连...
[2026-08-03 07:50:25] [CAM] 摄像头捕获器已释放
[2026-08-03 07:50:25] [CAM] 摄像头未检测到，等待重连...
[2026-08-03 07:50:26] [CAM] 摄像头捕获器已释放
[2026-08-03 07:50:26] [CAM] 摄像头未检测到，等待重连...
[2026-08-03 07:50:26] [CAM] 摄像头捕获器已释放
[2026-08-03 07:50:26] [CAM] 摄像头未检测到，等待重连...
[2026-08-03 07:50:27] [CAM] 摄像头捕获器已释放
[2026-08-03 07:50:27] [CAM] 摄像头未检测到，等待重连...
[2026-08-03 07:50:27] [CAM] 摄像头捕获器已释放
[2026-08-03 07:50:27] [CAM] 摄像头未检测到，等待重连...
[2026-08-03 07:50:28] [CAM] 摄像头捕获器已释放
[2026-08-03 07:50:28] [CAM] 摄像头未检测到，等待重连...
[2026-08-03 07:50:28] [CAM] 摄像头捕获器已释放
[2026-08-03 07:50:28] [CAM] 摄像头未检测到，等待重连...
[2026-08-03 07:50:29] [CAM] 摄像头捕获器已释放
[2026-08-03 07:50:29] [CAM] 摄像头未检测到，等待重连...
[2026-08-03 07:50:29] [CAM] 摄像头捕获器已释放
[2026-08-03 07:50:29] [CAM] 摄像头未检测到，等待重连...
[2026-08-03 07:50:30] [CAM] 摄像头捕获器已释放
[2026-08-03 07:50:30] [CAM] 摄像头未检测到，等待重连...
[2026-08-03 07:50:30] [CAM] 摄像头捕获器已释放
[2026-08-03 07:50:30] [CAM] 摄像头未检测到，等待重连...
[2026-08-03 07:50:31] [CAM] 摄像头捕获器已释放
[2026-08-03 07:50:31] [CAM] 摄像头未检测到，等待重连...
[2026-08-03 07:50:31] [CAM] 摄像头捕获器已释放
[2026-08-03 07:50:31] [CAM] 摄像头未检测到，等待重连...
[2026-08-03 07:50:32] [CAM] 摄像头捕获器已释放
[2026-08-03 07:50:32] [CAM] 摄像头未检测到，等待重连...
[2026-08-03 07:50:32] [CAM] 摄像头捕获器已释放
[2026-08-03 07:50:32] [CAM] 摄像头未检测到，等待重连...
[2026-08-03 07:50:33] [CAM] 摄像头捕获器已释放
[2026-08-03 07:50:33] [CAM] 摄像头未检测到，等待重连...
[2026-08-03 07:50:33] [CAM] 摄像头捕获器已释放
[2026-08-03 07:50:33] [CAM] 摄像头未检测到，等待重连...
[2026-08-03 07:50:34] [CAM] 摄像头捕获器已释放
[2026-08-03 07:50:34] [CAM] 摄像头未检测到，等待重连...
[2026-08-03 07:50:34] [CAM] 摄像头捕获器已释放
[2026-08-03 07:50:34] [CAM] 摄像头未检测到，等待重连...
[2026-08-03 07:50:35] [CAM] 摄像头捕获器已释放
[2026-08-03 07:50:35] [CAM] 摄像头未检测到，等待重连...
[2026-08-03 07:50:35] [CAM] 摄像头捕获器已释放
[2026-08-03 07:50:35] [CAM] 摄像头未检测到，等待重连...
[2026-08-03 07:50:36] [CAM] 摄像头捕获器已释放
[2026-08-03 07:50:36] [CAM] 摄像头未检测到，等待重连...
[2026-08-03 07:50:36] [CAM] 摄像头捕获器已释放
[2026-08-03 07:50:36] [CAM] 摄像头未检测到，等待重连...
[2026-08-03 07:50:37] [CAM] 摄像头捕获器已释放
[2026-08-03 07:50:37] [CAM] 摄像头未检测到，等待重连...
[2026-08-03 07:50:37] [CAM] 摄像头捕获器已释放
[2026-08-03 07:50:37] [CAM] 摄像头未检测到，等待重连...
[2026-08-03 07:50:38] [CAM] 摄像头捕获器已释放
[2026-08-03 07:50:38] [CAM] 摄像头未检测到，等待重连...
[2026-08-03 07:50:38] [CAM] 摄像头捕获器已释放
[2026-08-03 07:50:38] [CAM] 摄像头未检测到，等待重连...
[2026-08-03 07:50:39] [CAM] 摄像头捕获器已释放
[2026-08-03 07:50:39] [CAM] 摄像头未检测到，等待重连...
[2026-08-03 07:50:39] [CAM] 摄像头捕获器已释放
[2026-08-03 07:50:39] [CAM] 摄像头未检测到，等待重连...
[2026-08-03 07:50:40] [CAM] 摄像头捕获器已释放
[2026-08-03 07:50:40] [CAM] 摄像头未检测到，等待重连...
[2026-08-03 07:50:40] [CAM] 摄像头捕获器已释放
[2026-08-03 07:50:40] [CAM] 摄像头未检测到，等待重连...
[2026-08-03 07:50:41] [CAM] 摄像头捕获器已释放
[2026-08-03 07:50:41] [CAM] 摄像头未检测到，等待重连...
[2026-08-03 07:50:41] [CAM] 摄像头捕获器已释放
[2026-08-03 07:50:41] [CAM] 摄像头未检测到，等待重连...
[2026-08-03 07:50:42] [CAM] 摄像头捕获器已释放
[2026-08-03 07:50:42] [CAM] 摄像头未检测到，等待重连...
[2026-08-03 07:50:42] [CAM] 摄像头捕获器已释放
[2026-08-03 07:50:42] [CAM] 摄像头未检测到，等待重连...
[2026-08-03 07:50:43] [CAM] 摄像头捕获器已释放
[2026-08-03 07:50:43] [CAM] 摄像头未检测到，等待重连...
[2026-08-03 07:50:43] [CAM] 摄像头捕获器已释放
[2026-08-03 07:50:43] [CAM] 摄像头未检测到，等待重连...
[2026-08-03 07:50:44] [CAM] 摄像头捕获器已释放
[2026-08-03 07:50:44] [CAM] 摄像头未检测到，等待重连...
[2026-08-03 07:50:44] [CAM] 摄像头捕获器已释放
[2026-08-03 07:50:44] [CAM] 摄像头未检测到，等待重连...
[2026-08-03 07:50:45] [CAM] 摄像头捕获器已释放
[2026-08-03 07:50:45] [CAM] 摄像头未检测到，等待重连...
[2026-08-03 07:50:45] [CAM] 摄像头捕获器已释放
[2026-08-03 07:50:45] [CAM] 摄像头未检测到，等待重连...
[2026-08-03 07:50:46] [CAM] 摄像头捕获器已释放
[2026-08-03 07:50:46] [CAM] 摄像头未检测到，等待重连...
[2026-08-03 07:50:46] [CAM] 摄像头捕获器已释放
[2026-08-03 07:50:46] [CAM] 摄像头未检测到，等待重连...
[2026-08-03 07:50:47] [CAM] 摄像头捕获器已释放
[2026-08-03 07:50:47] [CAM] 摄像头未检测到，等待重连...
[2026-08-03 07:50:47] [CAM] 摄像头捕获器已释放
[2026-08-03 07:50:47] [CAM] 摄像头未检测到，等待重连...
[2026-08-03 07:50:48] [CAM] 摄像头捕获器已释放
[2026-08-03 07:50:48] [CAM] 摄像头未检测到，等待重连...
[2026-08-03 07:50:48] [CAM] 摄像头捕获器已释放
[2026-08-03 07:50:48] [CAM] 摄像头未检测到，等待重连...
[2026-08-03 07:50:49] [CAM] 摄像头捕获器已释放
[2026-08-03 07:50:49] [CAM] 摄像头未检测到，等待重连...
[2026-08-03 07:50:49] [CAM] 摄像头捕获器已释放
[2026-08-03 07:50:49] [CAM] 摄像头未检测到，等待重连...
[2026-08-03 07:50:50] [CAM] 摄像头捕获器已释放
[2026-08-03 07:50:50] [CAM] 摄像头未检测到，等待重连...
[2026-08-03 07:50:50] [CAM] 摄像头捕获器已释放
[2026-08-03 07:50:50] [CAM] 摄像头未检测到，等待重连...
[2026-08-03 07:50:51] [CAM] 摄像头捕获器已释放
[2026-08-03 07:50:51] [CAM] 摄像头未检测到，等待重连...
[2026-08-03 07:50:51] [CAM] 摄像头捕获器已释放
[2026-08-03 07:50:51] [CAM] 摄像头未检测到，等待重连...
[2026-08-03 07:50:52] [CAM] 摄像头捕获器已释放
[2026-08-03 07:50:52] [CAM] 摄像头未检测到，等待重连...
[2026-08-03 07:50:52] [CAM] 摄像头捕获器已释放
[2026-08-03 07:50:52] [CAM] 摄像头未检测到，等待重连...
[2026-08-03 07:50:53] [CAM] 摄像头捕获器已释放
[2026-08-03 07:50:53] [CAM] 摄像头未检测到，等待重连...
[2026-08-03 07:50:53] [CAM] 摄像头捕获器已释放
[2026-08-03 07:50:53] [CAM] 摄像头未检测到，等待重连...
[2026-08-03 07:50:54] [CAM] 摄像头捕获器已释放
[2026-08-03 07:50:54] [CAM] 摄像头未检测到，等待重连...
[2026-08-03 07:50:54] [CAM] 摄像头捕获器已释放
[2026-08-03 07:50:54] [CAM] 摄像头未检测到，等待重连...
[2026-08-03 07:50:55] [CAM] 摄像头捕获器已释放
[2026-08-03 07:50:55] [CAM] 摄像头未检测到，等待重连...
[2026-08-03 07:50:55] [CAM] 摄像头捕获器已释放
[2026-08-03 07:50:55] [CAM] 摄像头未检测到，等待重连...
[2026-08-03 07:50:56] [CAM] 摄像头捕获器已释放
[2026-08-03 07:50:56] [CAM] 摄像头未检测到，等待重连...
[2026-08-03 07:50:56] [CAM] 摄像头捕获器已释放
[2026-08-03 07:50:56] [CAM] 摄像头未检测到，等待重连...
[2026-08-03 07:50:57] [CAM] 摄像头捕获器已释放
[2026-08-03 07:50:57] [CAM] 摄像头未检测到，等待重连...
[2026-08-03 07:50:57] [CAM] 摄像头捕获器已释放
[2026-08-03 07:50:57] [CAM] 摄像头未检测到，等待重连...
[2026-08-03 07:50:58] [CAM] 摄像头捕获器已释放
[2026-08-03 07:50:58] [CAM] 摄像头未检测到，等待重连...
[2026-08-03 07:50:58] [CAM] 摄像头捕获器已释放
[2026-08-03 07:50:58] [CAM] 摄像头未检测到，等待重连...
[2026-08-03 07:50:59] [CAM] 摄像头捕获器已释放
[2026-08-03 07:50:59] [CAM] 摄像头未检测到，等待重连...
[2026-08-03 07:50:59] [CAM] 摄像头捕获器已释放
[2026-08-03 07:50:59] [CAM] 摄像头未检测到，等待重连...
[2026-08-03 07:51:00] [CAM] 摄像头捕获器已释放
[2026-08-03 07:51:00] [CAM] 摄像头未检测到，等待重连...
[2026-08-03 07:51:00] [CAM] 摄像头捕获器已释放
[2026-08-03 07:51:00] [CAM] 摄像头未检测到，等待重连...
[2026-08-03 07:51:01] [CAM] 摄像头捕获器已释放
[2026-08-03 07:51:01] [CAM] 摄像头未检测到，等待重连...
[2026-08-03 07:51:01] [CAM] 摄像头捕获器已释放
[2026-08-03 07:51:01] [CAM] 摄像头未检测到，等待重连...
[2026-08-03 07:51:02] [CAM] 摄像头捕获器已释放
[2026-08-03 07:51:02] [CAM] 摄像头未检测到，等待重连...
[2026-08-03 07:51:02] [CAM] 摄像头捕获器已释放
[2026-08-03 07:51:02] [CAM] 摄像头未检测到，等待重连...
[2026-08-03 07:51:03] [CAM] 摄像头捕获器已释放
[2026-08-03 07:51:03] [CAM] 摄像头未检测到，等待重连...
[2026-08-03 07:51:03] [CAM] 摄像头捕获器已释放
[2026-08-03 07:51:03] [CAM] 摄像头未检测到，等待重连...
[2026-08-03 07:51:04] [CAM] 摄像头捕获器已释放
[2026-08-03 07:51:04] [CAM] 摄像头未检测到，等待重连...
[2026-08-03 07:51:04] [CAM] 摄像头捕获器已释放
[2026-08-03 07:51:04] [CAM] 摄像头未检测到，等待重连...
[2026-08-03 07:51:05] [CAM] 摄像头捕获器已释放
[2026-08-03 07:51:05] [CAM] 摄像头未检测到，等待重连...
[2026-08-03 07:51:05] [CAM] 摄像头捕获器已释放
[2026-08-03 07:51:05] [CAM] 摄像头未检测到，等待重连...
[2026-08-03 07:51:06] [CAM] 摄像头捕获器已释放
[2026-08-03 07:51:06] [CAM] 摄像头未检测到，等待重连...
[2026-08-03 07:51:06] [CAM] 摄像头捕获器已释放
[2026-08-03 07:51:06] [CAM] 摄像头未检测到，等待重连...
[2026-08-03 07:51:07] [CAM] 摄像头捕获器已释放
[2026-08-03 07:51:07] [CAM] 摄像头未检测到，等待重连...
[2026-08-03 07:51:07] [CAM] 摄像头捕获器已释放
[2026-08-03 07:51:07] [CAM] 摄像头未检测到，等待重连...
[2026-08-03 07:51:08] [CAM] 摄像头捕获器已释放
[2026-08-03 07:51:08] [CAM] 摄像头未检测到，等待重连...
[2026-08-03 07:51:08] [CAM] 摄像头捕获器已释放
[2026-08-03 07:51:08] [CAM] 摄像头未检测到，等待重连...
[2026-08-03 07:51:09] [CAM] 摄像头捕获器已释放
[2026-08-03 07:51:09] [CAM] 摄像头未检测到，等待重连...
[2026-08-03 07:51:09] [CAM] 摄像头捕获器已释放
[2026-08-03 07:51:09] [CAM] 摄像头未检测到，等待重连...
[2026-08-03 07:51:10] [CAM] 摄像头捕获器已释放
[2026-08-03 07:51:10] [CAM] 摄像头未检测到，等待重连...
[2026-08-03 07:51:10] [CAM] 摄像头捕获器已释放
[2026-08-03 07:51:10] [CAM] 摄像头未检测到，等待重连...
[2026-08-03 07:51:11] [CAM] 摄像头捕获器已释放
[2026-08-03 07:51:11] [CAM] 摄像头未检测到，等待重连...
[2026-08-03 07:51:11] [CAM] 摄像头捕获器已释放
[2026-08-03 07:51:11] [CAM] 摄像头未检测到，等待重连...
[2026-08-03 07:51:12] [CAM] 摄像头捕获器已释放
[2026-08-03 07:51:12] [CAM] 摄像头未检测到，等待重连...
[2026-08-03 07:51:12] [CAM] 摄像头捕获器已释放
[2026-08-03 07:51:12] [CAM] 摄像头未检测到，等待重连...
[2026-08-03 07:51:13] [CAM] 摄像头捕获器已释放
[2026-08-03 07:51:13] [CAM] 摄像头未检测到，等待重连...
[2026-08-03 07:51:13] [CAM] 摄像头捕获器已释放
[2026-08-03 07:51:13] [CAM] 摄像头未检测到，等待重连...
[2026-08-03 07:51:14] [CAM] 摄像头捕获器已释放
[2026-08-03 07:51:14] [CAM] 摄像头未检测到，等待重连...
[2026-08-03 07:51:14] [CAM] 摄像头捕获器已释放
[2026-08-03 07:51:14] [CAM] 摄像头未检测到，等待重连...
[2026-08-03 07:51:15] [CAM] 摄像头捕获器已释放
[2026-08-03 07:51:15] [CAM] 摄像头未检测到，等待重连...
[2026-08-03 07:51:15] [CAM] 摄像头捕获器已释放
[2026-08-03 07:51:15] [CAM] 摄像头未检测到，等待重连...
[2026-08-03 07:51:16] [CAM] 摄像头捕获器已释放
[2026-08-03 07:51:16] [CAM] 摄像头未检测到，等待重连...
[2026-08-03 07:51:16] [CAM] 摄像头捕获器已释放
[2026-08-03 07:51:16] [CAM] 摄像头未检测到，等待重连...
[2026-08-03 07:51:17] [CAM] 摄像头捕获器已释放
[2026-08-03 07:51:17] [CAM] 摄像头未检测到，等待重连...
[2026-08-03 07:51:17] [CAM] 摄像头捕获器已释放
[2026-08-03 07:51:17] [CAM] 摄像头未检测到，等待重连...
[2026-08-03 07:51:18] [CAM] 摄像头捕获器已释放
[2026-08-03 07:51:18] [CAM] 摄像头未检测到，等待重连...
[2026-08-03 07:51:18] [CAM] 摄像头捕获器已释放
[2026-08-03 07:51:18] [CAM] 摄像头未检测到，等待重连...
[2026-08-03 07:51:19] [CAM] 摄像头捕获器已释放
[2026-08-03 07:51:19] [CAM] 摄像头未检测到，等待重连...
[2026-08-03 07:51:19] [CAM] 摄像头捕获器已释放
[2026-08-03 07:51:19] [CAM] 摄像头未检测到，等待重连...
[2026-08-03 07:51:20] [CAM] 摄像头捕获器已释放
[2026-08-03 07:51:20] [CAM] 摄像头未检测到，等待重连...
[2026-08-03 07:51:20] [CAM] 摄像头捕获器已释放
[2026-08-03 07:51:20] [CAM] 摄像头未检测到，等待重连...
[2026-08-03 07:51:21] [CAM] 摄像头捕获器已释放
[2026-08-03 07:51:21] [CAM] 摄像头未检测到，等待重连...
[2026-08-03 07:51:21] [CAM] 摄像头捕获器已释放
[2026-08-03 07:51:21] [CAM] 摄像头未检测到，等待重连...
[2026-08-03 07:51:22] [CAM] 摄像头捕获器已释放
[2026-08-03 07:51:22] [CAM] 摄像头未检测到，等待重连...
[2026-08-03 07:51:22] [CAM] 摄像头捕获器已释放
[2026-08-03 07:51:22] [CAM] 摄像头未检测到，等待重连...
[2026-08-03 07:51:23] [CAM] 摄像头捕获器已释放
[2026-08-03 07:51:23] [CAM] 摄像头未检测到，等待重连...
[2026-08-03 07:51:23] [CAM] 摄像头捕获器已释放
[2026-08-03 07:51:23] [CAM] 摄像头未检测到，等待重连...
[2026-08-03 07:51:24] [CAM] 摄像头捕获器已释放
[2026-08-03 07:51:24] [CAM] 摄像头未检测到，等待重连...
[2026-08-03 07:51:24] [CAM] 摄像头捕获器已释放
[2026-08-03 07:51:24] [CAM] 摄像头未检测到，等待重连...
[2026-08-03 07:51:25] [CAM] 摄像头捕获器已释放
[2026-08-03 07:51:25] [CAM] 摄像头未检测到，等待重连...
[2026-08-03 07:51:25] [CAM] 摄像头捕获器已释放
[2026-08-03 07:51:25] [CAM] 摄像头未检测到，等待重连...
[2026-08-03 07:51:26] [CAM] 摄像头捕获器已释放
[2026-08-03 07:51:26] [CAM] 摄像头未检测到，等待重连...
[2026-08-03 07:51:26] [CAM] 摄像头捕获器已释放
[2026-08-03 07:51:26] [CAM] 摄像头未检测到，等待重连...
[2026-08-03 07:51:27] [CAM] 摄像头捕获器已释放
[2026-08-03 07:51:27] [CAM] 摄像头未检测到，等待重连...
[2026-08-03 07:51:27] [CAM] 摄像头捕获器已释放
[2026-08-03 07:51:27] [CAM] 摄像头未检测到，等待重连...
[2026-08-03 07:51:28] [CAM] 摄像头捕获器已释放
[2026-08-03 07:51:28] [CAM] 摄像头未检测到，等待重连...
[2026-08-03 07:51:28] [CAM] 摄像头捕获器已释放
[2026-08-03 07:51:28] [CAM] 摄像头未检测到，等待重连...
[2026-08-03 07:51:29] [CAM] 摄像头捕获器已释放
[2026-08-03 07:51:29] [CAM] 摄像头未检测到，等待重连...
[2026-08-03 07:51:29] [CAM] 摄像头捕获器已释放
[2026-08-03 07:51:29] [CAM] 摄像头未检测到，等待重连...
[2026-08-03 07:51:30] [CAM] 摄像头捕获器已释放
[2026-08-03 07:51:30] [CAM] 摄像头未检测到，等待重连...
[2026-08-03 07:51:30] [CAM] 摄像头捕获器已释放
[2026-08-03 07:51:30] [CAM] 摄像头未检测到，等待重连...
[2026-08-03 07:51:31] [CAM] 摄像头捕获器已释放
[2026-08-03 07:51:31] [CAM] 摄像头未检测到，等待重连...
[2026-08-03 07:51:31] [CAM] 摄像头捕获器已释放
[2026-08-03 07:51:31] [CAM] 摄像头未检测到，等待重连...
[2026-08-03 07:51:32] [CAM] 摄像头捕获器已释放
[2026-08-03 07:51:32] [CAM] 摄像头未检测到，等待重连...
[2026-08-03 07:51:32] [CAM] 摄像头捕获器已释放
[2026-08-03 07:51:32] [CAM] 摄像头未检测到，等待重连...
[2026-08-03 07:51:33] [CAM] 摄像头捕获器已释放
[2026-08-03 07:51:33] [CAM] 摄像头未检测到，等待重连...
[2026-08-03 07:51:33] [CAM] 摄像头捕获器已释放
[2026-08-03 07:51:33] [CAM] 摄像头未检测到，等待重连...
[2026-08-03 07:51:34] [CAM] 摄像头捕获器已释放
[2026-08-03 07:51:34] [CAM] 摄像头未检测到，等待重连...
[2026-08-03 07:51:34] [CAM] 摄像头捕获器已释放
[2026-08-03 07:51:34] [CAM] 摄像头未检测到，等待重连...
[2026-08-03 07:51:35] [CAM] 摄像头捕获器已释放
[2026-08-03 07:51:35] [CAM] 摄像头未检测到，等待重连...
[2026-08-03 07:51:35] [CAM] 摄像头捕获器已释放
[2026-08-03 07:51:35] [CAM] 摄像头未检测到，等待重连...
[2026-08-03 07:51:36] [CAM] 摄像头捕获器已释放
[2026-08-03 07:51:36] [CAM] 摄像头未检测到，等待重连...
[2026-08-03 07:51:36] [CAM] 摄像头捕获器已释放
[2026-08-03 07:51:36] [CAM] 摄像头未检测到，等待重连...
[2026-08-03 07:51:37] [CAM] 摄像头捕获器已释放
[2026-08-03 07:51:37] [CAM] 摄像头未检测到，等待重连...
[2026-08-03 07:51:37] [CAM] 摄像头捕获器已释放
[2026-08-03 07:51:37] [CAM] 摄像头未检测到，等待重连...
[2026-08-03 07:51:38] [CAM] 摄像头捕获器已释放
[2026-08-03 07:51:38] [CAM] 摄像头未检测到，等待重连...
[2026-08-03 07:51:38] [CAM] 摄像头捕获器已释放
[2026-08-03 07:51:38] [CAM] 摄像头未检测到，等待重连...
[2026-08-03 07:51:39] [CAM] 摄像头捕获器已释放
[2026-08-03 07:51:39] [CAM] 摄像头未检测到，等待重连...
[2026-08-03 07:51:39] [CAM] 摄像头捕获器已释放
[2026-08-03 07:51:39] [CAM] 摄像头未检测到，等待重连...
[2026-08-03 07:51:40] [CAM] 摄像头捕获器已释放
[2026-08-03 07:51:40] [CAM] 摄像头未检测到，等待重连...
[2026-08-03 07:51:40] [CAM] 摄像头捕获器已释放
[2026-08-03 07:51:40] [CAM] 摄像头未检测到，等待重连...
[2026-08-03 07:51:41] [CAM] 摄像头捕获器已释放
[2026-08-03 07:51:41] [CAM] 摄像头未检测到，等待重连...
[2026-08-03 07:51:41] [CAM] 摄像头捕获器已释放
[2026-08-03 07:51:41] [CAM] 摄像头未检测到，等待重连...
[2026-08-03 07:51:42] [CAM] 摄像头捕获器已释放
[2026-08-03 07:51:42] [CAM] 摄像头未检测到，等待重连...
[2026-08-03 07:51:42] [CAM] 摄像头捕获器已释放
[2026-08-03 07:51:42] [CAM] 摄像头未检测到，等待重连...
[2026-08-03 07:51:43] [CAM] 摄像头捕获器已释放
[2026-08-03 07:51:43] [CAM] 摄像头未检测到，等待重连...
[2026-08-03 07:51:43] [CAM] 摄像头捕获器已释放
[2026-08-03 07:51:43] [CAM] 摄像头未检测到，等待重连...
[2026-08-03 07:51:44] [CAM] 摄像头捕获器已释放
[2026-08-03 07:51:44] [CAM] 摄像头未检测到，等待重连...
[2026-08-03 07:51:44] [CAM] 摄像头捕获器已释放
[2026-08-03 07:51:44] [CAM] 摄像头未检测到，等待重连...
[2026-08-03 07:51:45] [CAM] 摄像头捕获器已释放
[2026-08-03 07:51:45] [CAM] 摄像头未检测到，等待重连...
[2026-08-03 07:51:45] [CAM] 摄像头捕获器已释放
[2026-08-03 07:51:45] [CAM] 摄像头未检测到，等待重连...
[2026-08-03 07:51:46] [CAM] 摄像头捕获器已释放
[2026-08-03 07:51:46] [CAM] 摄像头未检测到，等待重连...
[2026-08-03 07:51:46] [CAM] 摄像头捕获器已释放
[2026-08-03 07:51:46] [CAM] 摄像头未检测到，等待重连...
[2026-08-03 07:51:47] [CAM] 摄像头捕获器已释放
[2026-08-03 07:51:47] [CAM] 摄像头未检测到，等待重连...
[2026-08-03 07:51:47] [CAM] 摄像头捕获器已释放
[2026-08-03 07:51:47] [CAM] 摄像头未检测到，等待重连...
[2026-08-03 07:51:48] [CAM] 摄像头捕获器已释放
[2026-08-03 07:51:48] [CAM] 摄像头未检测到，等待重连...
[2026-08-03 07:51:48] [CAM] 摄像头捕获器已释放
[2026-08-03 07:51:48] [CAM] 摄像头未检测到，等待重连...
[2026-08-03 07:51:49] [CAM] 摄像头捕获器已释放
[2026-08-03 07:51:49] [CAM] 摄像头未检测到，等待重连...
[2026-08-03 07:51:49] [CAM] 摄像头捕获器已释放
[2026-08-03 07:51:49] [CAM] 摄像头未检测到，等待重连...
[2026-08-03 07:51:50] [CAM] 摄像头捕获器已释放
[2026-08-03 07:51:50] [CAM] 摄像头未检测到，等待重连...
[2026-08-03 07:51:50] [CAM] 摄像头捕获器已释放
[2026-08-03 07:51:50] [CAM] 摄像头未检测到，等待重连...
[2026-08-03 07:51:51] [CAM] 摄像头捕获器已释放
[2026-08-03 07:51:51] [CAM] 摄像头未检测到，等待重连...
[2026-08-03 07:51:51] [CAM] 摄像头捕获器已释放
[2026-08-03 07:51:51] [CAM] 摄像头未检测到，等待重连...
[2026-08-03 07:51:52] [CAM] 摄像头捕获器已释放
[2026-08-03 07:51:52] [CAM] 摄像头未检测到，等待重连...
[2026-08-03 07:51:52] [CAM] 摄像头捕获器已释放
[2026-08-03 07:51:52] [CAM] 摄像头未检测到，等待重连...
[2026-08-03 07:51:53] [CAM] 摄像头捕获器已释放
[2026-08-03 07:51:53] [CAM] 摄像头未检测到，等待重连...
[2026-08-03 07:51:53] [CAM] 摄像头捕获器已释放
[2026-08-03 07:51:53] [CAM] 摄像头未检测到，等待重连...
[2026-08-03 07:51:54] [CAM] 摄像头捕获器已释放
[2026-08-03 07:51:54] [CAM] 摄像头未检测到，等待重连...
[2026-08-03 07:51:54] [CAM] 摄像头捕获器已释放
[2026-08-03 07:51:54] [CAM] 摄像头未检测到，等待重连...
[2026-08-03 07:51:55] [CAM] 摄像头捕获器已释放
[2026-08-03 07:51:55] [CAM] 摄像头未检测到，等待重连...
[2026-08-03 07:51:55] [CAM] 摄像头捕获器已释放
[2026-08-03 07:51:55] [CAM] 摄像头未检测到，等待重连...
[2026-08-03 07:51:56] [CAM] 摄像头捕获器已释放
[2026-08-03 07:51:56] [CAM] 摄像头未检测到，等待重连...
[2026-08-03 07:51:56] [CAM] 摄像头捕获器已释放
[2026-08-03 07:51:56] [CAM] 摄像头未检测到，等待重连...
[2026-08-03 07:51:57] [CAM] 摄像头捕获器已释放
[2026-08-03 07:51:57] [CAM] 摄像头未检测到，等待重连...
[2026-08-03 07:51:57] [CAM] 摄像头捕获器已释放
[2026-08-03 07:51:57] [CAM] 摄像头未检测到，等待重连...
[2026-08-03 07:51:58] [CAM] 摄像头捕获器已释放
[2026-08-03 07:51:58] [CAM] 摄像头未检测到，等待重连...
[2026-08-03 07:51:58] [CAM] 摄像头捕获器已释放
[2026-08-03 07:51:58] [CAM] 摄像头未检测到，等待重连...
[2026-08-03 07:51:59] [CAM] 摄像头捕获器已释放
[2026-08-03 07:51:59] [CAM] 摄像头未检测到，等待重连...
[2026-08-03 07:51:59] [CAM] 摄像头捕获器已释放
[2026-08-03 07:51:59] [CAM] 摄像头未检测到，等待重连...
[2026-08-03 07:52:00] [INFO] 程序收到关闭信号，开始安全退出流程
[2026-08-03 07:52:00] [CAM] 摄像头捕获器已释放
[2026-08-03 07:52:00] [CAM] 摄像头未检测到，等待重连...
[2026-08-03 07:52:00] [CAM] 摄像头捕获器已释放
[2026-08-03 07:52:00] [CAM] 摄像头未检测到，等待重连...
[2026-08-03 07:52:00] [SENSOR] RS485采集线程已停止
[2026-08-03 07:52:01] [CAM] 摄像头捕获器已释放
[2026-08-03 07:52:01] [INFO] 摄像头采集线程正常退出
[2026-08-03 07:52:01] [INFO] 程序正常退出
[2026-08-03 07:52:01] [INFO] 程序结束，退出码:0
[2026-08-03 10:43:35] [INFO] ========== 幼儿园AI安全卫士程序启动 ==========
[2026-08-03 10:43:39] [INFO] 主程序窗口初始化完成
[2026-08-03 10:43:39] [SENSOR] RS485传感器采集线程已启动，串口：/dev/ttyUSB0
[2026-08-03 10:43:39] [INFO] AI环境模拟线程启动
[2026-08-03 10:43:39] [INFO] 摄像头采集线程启动
[2026-08-03 10:43:39] [CAM] 摄像头未检测到，等待重连...
[2026-08-03 10:43:39] [SENSOR] 开机未检测到温湿度传感器，延时播报
[2026-08-03 10:43:41] [NET] 网络已恢复连通
[2026-08-03 10:43:41] [MIC] 检测到USB麦克风设备
[2026-08-03 10:43:42] [CAM] 摄像头捕获器已释放
[2026-08-03 10:43:42] [CAM] 摄像头未检测到，等待重连...
[2026-08-03 10:43:42] [CAM] 摄像头捕获器已释放
[2026-08-03 10:43:42] [CAM] 摄像头未检测到，等待重连...
[2026-08-03 10:43:43] [CAM] 摄像头捕获器已释放
[2026-08-03 10:43:43] [CAM] 摄像头未检测到，等待重连...
[2026-08-03 10:43:43] [CAM] 摄像头捕获器已释放
[2026-08-03 10:43:43] [CAM] 摄像头未检测到，等待重连...
[2026-08-03 10:43:44] [CAM] 摄像头捕获器已释放
[2026-08-03 10:43:44] [CAM] 摄像头未检测到，等待重连...
[2026-08-03 10:43:44] [CAM] 摄像头捕获器已释放
[2026-08-03 10:43:44] [CAM] 摄像头未检测到，等待重连...
[2026-08-03 10:43:45] [CAM] 摄像头捕获器已释放
[2026-08-03 10:43:45] [CAM] 摄像头未检测到，等待重连...
[2026-08-03 10:43:45] [CAM] 摄像头捕获器已释放
[2026-08-03 10:43:45] [CAM] 摄像头未检测到，等待重连...
[2026-08-03 10:43:46] [CAM] 摄像头捕获器已释放
[2026-08-03 10:43:46] [CAM] 摄像头未检测到，等待重连...
[2026-08-03 10:43:46] [CAM] 摄像头捕获器已释放
[2026-08-03 10:43:46] [CAM] 摄像头未检测到，等待重连...
[2026-08-03 10:43:47] [CAM] 摄像头捕获器已释放
[2026-08-03 10:43:47] [CAM] 摄像头未检测到，等待重连...
[2026-08-03 10:43:47] [CAM] 摄像头捕获器已释放
[2026-08-03 10:43:47] [CAM] 摄像头未检测到，等待重连...
[2026-08-03 10:43:48] [CAM] 摄像头捕获器已释放
[2026-08-03 10:43:48] [CAM] 摄像头未检测到，等待重连...
[2026-08-03 10:43:48] [CAM] 摄像头捕获器已释放
[2026-08-03 10:43:48] [CAM] 摄像头未检测到，等待重连...
[2026-08-03 10:43:49] [CAM] 摄像头捕获器已释放
[2026-08-03 10:43:49] [CAM] 摄像头未检测到，等待重连...
[2026-08-03 10:43:49] [CAM] 摄像头捕获器已释放
[2026-08-03 10:43:49] [CAM] 摄像头未检测到，等待重连...
[2026-08-03 10:43:50] [CAM] 摄像头捕获器已释放
[2026-08-03 10:43:50] [CAM] 摄像头未检测到，等待重连...
[2026-08-03 10:43:50] [CAM] 摄像头捕获器已释放
[2026-08-03 10:43:50] [CAM] 摄像头未检测到，等待重连...
[2026-08-03 10:43:51] [CAM] 摄像头捕获器已释放
[2026-08-03 10:43:51] [CAM] 摄像头未检测到，等待重连...
[2026-08-03 10:43:51] [CAM] 摄像头捕获器已释放
[2026-08-03 10:43:51] [CAM] 摄像头未检测到，等待重连...
[2026-08-03 10:43:52] [CAM] 摄像头捕获器已释放
[2026-08-03 10:43:52] [CAM] 摄像头未检测到，等待重连...
[2026-08-03 10:43:52] [CAM] 摄像头捕获器已释放
[2026-08-03 10:43:52] [CAM] 摄像头未检测到，等待重连...
[2026-08-03 10:43:53] [CAM] 摄像头捕获器已释放
[2026-08-03 10:43:53] [CAM] 摄像头未检测到，等待重连...
[2026-08-03 10:43:53] [CAM] 摄像头捕获器已释放
[2026-08-03 10:43:53] [CAM] 摄像头未检测到，等待重连...
[2026-08-03 10:43:54] [CAM] 摄像头捕获器已释放
[2026-08-03 10:43:54] [CAM] 摄像头未检测到，等待重连...
[2026-08-03 10:43:54] [CAM] 摄像头捕获器已释放
[2026-08-03 10:43:54] [CAM] 摄像头未检测到，等待重连...
[2026-08-03 10:43:55] [CAM] 摄像头捕获器已释放
[2026-08-03 10:43:55] [CAM] 摄像头未检测到，等待重连...
[2026-08-03 10:43:55] [CAM] 摄像头捕获器已释放
[2026-08-03 10:43:55] [CAM] 摄像头未检测到，等待重连...
[2026-08-03 10:43:56] [CAM] 摄像头捕获器已释放
[2026-08-03 10:43:56] [CAM] 摄像头未检测到，等待重连...
[2026-08-03 10:43:56] [CAM] 摄像头捕获器已释放
[2026-08-03 10:43:56] [CAM] 摄像头未检测到，等待重连...
[2026-08-03 10:43:57] [CAM] 摄像头捕获器已释放
[2026-08-03 10:43:57] [CAM] 摄像头未检测到，等待重连...
[2026-08-03 10:43:57] [CAM] 摄像头捕获器已释放
[2026-08-03 10:43:57] [CAM] 摄像头未检测到，等待重连...
[2026-08-03 10:43:58] [CAM] 摄像头捕获器已释放
[2026-08-03 10:43:58] [CAM] 摄像头未检测到，等待重连...
[2026-08-03 10:43:58] [CAM] 摄像头捕获器已释放
[2026-08-03 10:43:58] [CAM] 摄像头未检测到，等待重连...
[2026-08-03 10:43:59] [CAM] 摄像头捕获器已释放
[2026-08-03 10:43:59] [CAM] 摄像头未检测到，等待重连...
[2026-08-03 10:43:59] [CAM] 摄像头捕获器已释放
[2026-08-03 10:43:59] [CAM] 摄像头未检测到，等待重连...
[2026-08-03 10:44:00] [CAM] 摄像头捕获器已释放
[2026-08-03 10:44:00] [CAM] 摄像头未检测到，等待重连...
[2026-08-03 10:44:00] [CAM] 摄像头捕获器已释放
[2026-08-03 10:44:00] [CAM] 摄像头未检测到，等待重连...
[2026-08-03 10:44:01] [CAM] 摄像头捕获器已释放
[2026-08-03 10:44:01] [CAM] 摄像头未检测到，等待重连...
[2026-08-03 10:44:01] [CAM] 摄像头捕获器已释放
[2026-08-03 10:44:01] [CAM] 摄像头未检测到，等待重连...
[2026-08-03 10:44:02] [CAM] 摄像头捕获器已释放
[2026-08-03 10:44:02] [CAM] 摄像头未检测到，等待重连...
[2026-08-03 14:43:37] [INFO] ========== 幼儿园AI安全卫士程序启动 ==========
[2026-08-03 14:43:37] [INFO] 主程序窗口初始化完成
[2026-08-03 14:43:37] [SENSOR] RS485传感器采集线程已启动，串口：/dev/ttyUSB0
[2026-08-03 14:43:37] [INFO] AI环境模拟线程启动
[2026-08-03 14:43:37] [INFO] 摄像头采集线程启动
[2026-08-03 14:43:38] [CAM] 摄像头未检测到，等待重连...
[2026-08-03 14:43:38] [SENSOR] 开机未检测到温湿度传感器，延时播报
[2026-08-03 14:43:40] [NET] 网络已恢复连通
[2026-08-03 14:43:40] [MIC] 检测到USB麦克风设备
[2026-08-03 14:43:40] [CAM] 摄像头捕获器已释放
[2026-08-03 14:43:40] [CAM] 摄像头未检测到，等待重连...
[2026-08-03 14:43:41] [CAM] 摄像头捕获器已释放
[2026-08-03 14:43:41] [CAM] 摄像头未检测到，等待重连...
[2026-08-03 14:43:41] [CAM] 摄像头捕获器已释放
[2026-08-03 14:43:41] [CAM] 摄像头未检测到，等待重连...
[2026-08-03 14:43:42] [CAM] 摄像头捕获器已释放
[2026-08-03 14:43:42] [CAM] 摄像头未检测到，等待重连...
[2026-08-03 14:43:42] [CAM] 摄像头捕获器已释放
[2026-08-03 14:43:42] [CAM] 摄像头未检测到，等待重连...
[2026-08-03 14:43:43] [CAM] 摄像头捕获器已释放
[2026-08-03 14:43:43] [CAM] 摄像头未检测到，等待重连...
[2026-08-03 14:43:43] [CAM] 摄像头捕获器已释放
[2026-08-03 14:43:43] [CAM] 摄像头未检测到，等待重连...
[2026-08-03 14:43:44] [CAM] 摄像头捕获器已释放
[2026-08-03 14:43:44] [CAM] 摄像头未检测到，等待重连...
[2026-08-03 14:43:44] [CAM] 摄像头捕获器已释放
[2026-08-03 14:43:44] [CAM] 摄像头未检测到，等待重连...
[2026-08-03 14:43:45] [CAM] 摄像头捕获器已释放
[2026-08-03 14:43:45] [CAM] 摄像头未检测到，等待重连...
[2026-08-03 14:43:45] [CAM] 摄像头捕获器已释放
[2026-08-03 14:43:45] [CAM] 摄像头未检测到，等待重连...
[2026-08-03 14:43:46] [CAM] 摄像头捕获器已释放
[2026-08-03 14:43:46] [CAM] 摄像头未检测到，等待重连...
[2026-08-03 14:43:46] [CAM] 摄像头捕获器已释放
[2026-08-03 14:43:46] [CAM] 摄像头未检测到，等待重连...
[2026-08-03 14:43:47] [CAM] 摄像头捕获器已释放
[2026-08-03 14:43:47] [CAM] 摄像头未检测到，等待重连...
[2026-08-03 14:43:47] [CAM] 摄像头捕获器已释放
[2026-08-03 14:43:47] [CAM] 摄像头未检测到，等待重连...
[2026-08-03 14:43:48] [CAM] 摄像头捕获器已释放
[2026-08-03 14:43:48] [CAM] 摄像头未检测到，等待重连...
[2026-08-03 14:43:48] [CAM] 摄像头捕获器已释放
[2026-08-03 14:43:48] [CAM] 摄像头未检测到，等待重连...
[2026-08-03 14:43:49] [CAM] 摄像头捕获器已释放
[2026-08-03 14:43:49] [CAM] 摄像头未检测到，等待重连...
[2026-08-03 14:43:49] [CAM] 摄像头捕获器已释放
[2026-08-03 14:43:49] [CAM] 摄像头未检测到，等待重连...
[2026-08-03 14:43:50] [CAM] 摄像头捕获器已释放
[2026-08-03 14:43:50] [CAM] 摄像头未检测到，等待重连...
[2026-08-03 14:43:50] [CAM] 摄像头捕获器已释放
[2026-08-03 14:43:50] [CAM] 摄像头未检测到，等待重连...
[2026-08-03 14:43:51] [CAM] 摄像头捕获器已释放
[2026-08-03 14:43:51] [CAM] 摄像头未检测到，等待重连...
[2026-08-03 14:43:51] [CAM] 摄像头捕获器已释放
[2026-08-03 14:43:51] [CAM] 摄像头未检测到，等待重连...
[2026-08-03 14:43:52] [CAM] 摄像头捕获器已释放
[2026-08-03 14:43:52] [CAM] 摄像头未检测到，等待重连...
[2026-08-03 14:43:52] [CAM] 摄像头捕获器已释放
[2026-08-03 14:43:52] [CAM] 摄像头未检测到，等待重连...
[2026-08-03 14:43:52] [INFO] 程序收到关闭信号，开始安全退出流程
[2026-08-03 14:43:53] [SENSOR] RS485采集线程已停止
[2026-08-03 14:43:53] [CAM] 摄像头捕获器已释放
[2026-08-03 14:43:53] [INFO] 摄像头采集线程正常退出
[2026-08-03 14:43:53] [INFO] 程序正常退出
[2026-08-03 14:43:53] [INFO] 程序结束，退出码:0
