[2026-07-06 05:13:38] [INFO] ========== 幼儿园AI安全卫士程序启动 ==========
[2026-07-06 05:13:38] [INFO] 主程序窗口初始化完成
[2026-07-06 05:13:38] [INFO] AI环境模拟线程启动
[2026-07-06 05:13:38] [INFO] 摄像头采集线程启动
[2026-07-06 05:13:38] [CAM] 摄像头未检测到，等待重连...
[2026-07-06 05:13:39] [CAM] 摄像头捕获器已释放
[2026-07-06 05:13:39] [CAM] 摄像头未检测到，等待重连...
[2026-07-06 05:13:39] [CAM] 摄像头捕获器已释放
[2026-07-06 05:13:39] [CAM] 摄像头未检测到，等待重连...
[2026-07-06 05:13:40] [CAM] 摄像头捕获器已释放
[2026-07-06 05:13:40] [CAM] 摄像头未检测到，等待重连...
[2026-07-06 05:13:40] [NET] 网络已恢复连通
[2026-07-06 05:13:40] [CAM] 摄像头捕获器已释放
[2026-07-06 05:13:40] [CAM] 摄像头未检测到，等待重连...
[2026-07-06 05:13:41] [CAM] 摄像头捕获器已释放
[2026-07-06 05:13:41] [CAM] 摄像头未检测到，等待重连...
[2026-07-06 05:13:41] [SENSOR] 传感器采集正常
[2026-07-06 05:13:41] [CAM] 摄像头捕获器已释放
[2026-07-06 05:13:41] [CAM] 摄像头未检测到，等待重连...
[2026-07-06 05:13:42] [CAM] 摄像头捕获器已释放
[2026-07-06 05:13:42] [CAM] 摄像头未检测到，等待重连...
[2026-07-06 05:13:42] [CAM] 摄像头捕获器已释放
[2026-07-06 05:13:42] [CAM] 摄像头未检测到，等待重连...
[2026-07-06 05:13:43] [CAM] 摄像头捕获器已释放
[2026-07-06 05:13:43] [CAM] 摄像头未检测到，等待重连...
[2026-07-06 05:13:43] [CAM] 摄像头捕获器已释放
[2026-07-06 05:13:43] [CAM] 摄像头未检测到，等待重连...
[2026-07-06 05:13:44] [CAM] 摄像头捕获器已释放
[2026-07-06 05:13:44] [CAM] 摄像头未检测到，等待重连...
[2026-07-06 05:13:44] [CAM] 摄像头捕获器已释放
[2026-07-06 05:13:44] [CAM] 摄像头未检测到，等待重连...
[2026-07-06 05:13:45] [CAM] 摄像头捕获器已释放
[2026-07-06 05:13:45] [CAM] 摄像头未检测到，等待重连...
[2026-07-06 05:13:45] [CAM] 摄像头捕获器已释放
[2026-07-06 05:13:45] [CAM] 摄像头未检测到，等待重连...
[2026-07-06 05:13:46] [CAM] 摄像头捕获器已释放
[2026-07-06 05:13:46] [CAM] 摄像头未检测到，等待重连...
[2026-07-06 05:13:46] [CAM] 摄像头捕获器已释放
[2026-07-06 05:13:46] [CAM] 摄像头未检测到，等待重连...
[2026-07-06 05:13:47] [CAM] 摄像头捕获器已释放
[2026-07-06 05:13:47] [CAM] 摄像头未检测到，等待重连...
[2026-07-06 05:13:47] [INFO] 程序收到关闭信号，开始安全退出流程
[2026-07-06 05:13:47] [CAM] 摄像头捕获器已释放
[2026-07-06 05:13:47] [INFO] 摄像头采集线程正常退出
[2026-07-06 05:13:47] [INFO] 程序正常退出
[2026-07-06 05:13:47] [INFO] 程序结束，退出码:0
[2026-07-06 05:46:54] [INFO] ========== 幼儿园AI安全卫士程序启动 ==========
[2026-07-06 05:46:54] [INFO] 主程序窗口初始化完成
[2026-07-06 05:46:54] [INFO] AI环境模拟线程启动
[2026-07-06 05:46:54] [INFO] 摄像头采集线程启动
[2026-07-06 05:46:54] [CAM] 摄像头未检测到，等待重连...
[2026-07-06 05:46:54] [SENSOR] 传感器采集正常
[2026-07-06 05:46:55] [CAM] 摄像头捕获器已释放
[2026-07-06 05:46:55] [CAM] 摄像头未检测到，等待重连...
[2026-07-06 05:46:55] [CAM] 摄像头捕获器已释放
[2026-07-06 05:46:55] [CAM] 摄像头未检测到，等待重连...
[2026-07-06 05:46:56] [CAM] 摄像头捕获器已释放
[2026-07-06 05:46:56] [CAM] 摄像头未检测到，等待重连...
[2026-07-06 05:46:56] [CAM] 摄像头捕获器已释放
[2026-07-06 05:46:56] [CAM] 摄像头未检测到，等待重连...
[2026-07-06 05:46:56] [NET] 网络已恢复连通
[2026-07-06 05:46:57] [CAM] 摄像头捕获器已释放
[2026-07-06 05:46:57] [CAM] 摄像头未检测到，等待重连...
[2026-07-06 05:46:57] [INFO] 程序收到关闭信号，开始安全退出流程
[2026-07-06 05:46:57] [CAM] 摄像头捕获器已释放
[2026-07-06 05:46:57] [INFO] 摄像头采集线程正常退出
[2026-07-06 05:46:57] [INFO] 程序正常退出
[2026-07-06 05:46:57] [INFO] 程序结束，退出码:0
[2026-07-06 06:04:54] [INFO] ========== 幼儿园AI安全卫士程序启动 ==========
[2026-07-06 06:04:55] [INFO] 主程序窗口初始化完成
[2026-07-06 06:04:55] [INFO] AI环境模拟线程启动
[2026-07-06 06:04:55] [INFO] 摄像头采集线程启动
[2026-07-06 06:04:55] [CAM] 摄像头未检测到，等待重连...
[2026-07-06 06:04:55] [SENSOR] 传感器采集正常
[2026-07-06 06:04:55] [CAM] 摄像头捕获器已释放
[2026-07-06 06:04:55] [CAM] 摄像头未检测到，等待重连...
[2026-07-06 06:04:56] [CAM] 摄像头捕获器已释放
[2026-07-06 06:04:56] [CAM] 摄像头未检测到，等待重连...
[2026-07-06 06:04:56] [CAM] 摄像头捕获器已释放
[2026-07-06 06:04:56] [CAM] 摄像头未检测到，等待重连...
[2026-07-06 06:04:57] [NET] 网络已恢复连通
[2026-07-06 06:04:57] [CAM] 摄像头捕获器已释放
[2026-07-06 06:04:57] [CAM] 摄像头未检测到，等待重连...
[2026-07-06 06:04:57] [CAM] 摄像头捕获器已释放
[2026-07-06 06:04:57] [CAM] 摄像头未检测到，等待重连...
[2026-07-06 06:04:58] [CAM] 摄像头捕获器已释放
[2026-07-06 06:04:58] [CAM] 摄像头未检测到，等待重连...
[2026-07-06 06:04:58] [CAM] 摄像头捕获器已释放
[2026-07-06 06:04:58] [CAM] 摄像头未检测到，等待重连...
[2026-07-06 06:04:59] [CAM] 摄像头捕获器已释放
[2026-07-06 06:04:59] [CAM] 摄像头未检测到，等待重连...
[2026-07-06 06:04:59] [CAM] 摄像头捕获器已释放
[2026-07-06 06:04:59] [CAM] 摄像头未检测到，等待重连...
[2026-07-06 06:05:00] [INFO] 程序收到关闭信号，开始安全退出流程
[2026-07-06 06:05:00] [CAM] 摄像头捕获器已释放
[2026-07-06 06:05:00] [INFO] 摄像头采集线程正常退出
[2026-07-06 06:05:00] [INFO] 程序正常退出
[2026-07-06 06:05:00] [INFO] 程序结束，退出码:0
[2026-07-06 06:11:40] [INFO] ========== 幼儿园AI安全卫士程序启动 ==========
[2026-07-06 06:11:41] [INFO] 主程序窗口初始化完成
[2026-07-06 06:11:41] [INFO] AI环境模拟线程启动
[2026-07-06 06:11:41] [INFO] 摄像头采集线程启动
[2026-07-06 06:11:41] [CAM] 摄像头未检测到，等待重连...
[2026-07-06 06:11:41] [SENSOR] 传感器采集正常
[2026-07-06 06:11:41] [CAM] 摄像头捕获器已释放
[2026-07-06 06:11:41] [CAM] 摄像头未检测到，等待重连...
[2026-07-06 06:11:42] [CAM] 摄像头捕获器已释放
[2026-07-06 06:11:42] [CAM] 摄像头未检测到，等待重连...
[2026-07-06 06:11:42] [CAM] 摄像头捕获器已释放
[2026-07-06 06:11:42] [CAM] 摄像头未检测到，等待重连...
[2026-07-06 06:11:43] [NET] 网络已恢复连通
[2026-07-06 06:11:43] [CAM] 摄像头捕获器已释放
[2026-07-06 06:11:43] [CAM] 摄像头未检测到，等待重连...
[2026-07-06 06:11:45] [CAM] 摄像头捕获器已释放
[2026-07-06 06:11:45] [CAM] 摄像头未检测到，等待重连...
[2026-07-06 06:11:45] [CAM] 摄像头捕获器已释放
[2026-07-06 06:11:45] [CAM] 摄像头未检测到，等待重连...
[2026-07-06 06:11:46] [CAM] 摄像头捕获器已释放
[2026-07-06 06:11:46] [CAM] 摄像头未检测到，等待重连...
[2026-07-06 06:11:46] [CAM] 摄像头捕获器已释放
[2026-07-06 06:11:46] [CAM] 摄像头未检测到，等待重连...
[2026-07-06 06:11:47] [CAM] 摄像头捕获器已释放
[2026-07-06 06:11:47] [CAM] 摄像头未检测到，等待重连...
[2026-07-06 06:11:47] [CAM] 摄像头捕获器已释放
[2026-07-06 06:11:47] [CAM] 摄像头未检测到，等待重连...
[2026-07-06 06:11:48] [CAM] 摄像头捕获器已释放
[2026-07-06 06:11:48] [CAM] 摄像头未检测到，等待重连...
[2026-07-06 06:11:48] [WARN] 触发弹窗告警：危险品预警 内容:幼儿手持别针行走过道
[2026-07-06 06:11:48] [CAM] 摄像头捕获器已释放
[2026-07-06 06:11:48] [CAM] 摄像头未检测到，等待重连...
[2026-07-06 06:11:49] [CAM] 摄像头捕获器已释放
[2026-07-06 06:11:49] [CAM] 摄像头未检测到，等待重连...
[2026-07-06 06:11:49] [CAM] 摄像头捕获器已释放
[2026-07-06 06:11:49] [CAM] 摄像头未检测到，等待重连...
[2026-07-06 06:11:50] [CAM] 摄像头捕获器已释放
[2026-07-06 06:11:50] [CAM] 摄像头未检测到，等待重连...
[2026-07-06 06:11:50] [CAM] 摄像头捕获器已释放
[2026-07-06 06:11:50] [CAM] 摄像头未检测到，等待重连...
[2026-07-06 06:11:51] [CAM] 摄像头捕获器已释放
[2026-07-06 06:11:51] [CAM] 摄像头未检测到，等待重连...
[2026-07-06 06:11:51] [CAM] 摄像头捕获器已释放
[2026-07-06 06:11:51] [CAM] 摄像头未检测到，等待重连...
[2026-07-06 06:11:52] [CAM] 摄像头捕获器已释放
[2026-07-06 06:11:52] [CAM] 摄像头未检测到，等待重连...
[2026-07-06 06:11:52] [CAM] 摄像头捕获器已释放
[2026-07-06 06:11:52] [CAM] 摄像头未检测到，等待重连...
[2026-07-06 06:11:53] [CAM] 摄像头捕获器已释放
[2026-07-06 06:11:53] [CAM] 摄像头未检测到，等待重连...
[2026-07-06 06:11:53] [CAM] 摄像头捕获器已释放
[2026-07-06 06:11:53] [CAM] 摄像头未检测到，等待重连...
[2026-07-06 06:11:54] [CAM] 摄像头捕获器已释放
[2026-07-06 06:11:54] [CAM] 摄像头未检测到，等待重连...
[2026-07-06 06:11:54] [WARN] 触发弹窗告警：危险品预警 内容:幼儿手持别针行走过道
[2026-07-06 06:11:54] [CAM] 摄像头捕获器已释放
[2026-07-06 06:11:54] [CAM] 摄像头未检测到，等待重连...
[2026-07-06 06:11:55] [CAM] 摄像头捕获器已释放
[2026-07-06 06:11:55] [CAM] 摄像头未检测到，等待重连...
[2026-07-06 06:11:55] [CAM] 摄像头捕获器已释放
[2026-07-06 06:11:55] [CAM] 摄像头未检测到，等待重连...
[2026-07-06 06:11:56] [CAM] 摄像头捕获器已释放
[2026-07-06 06:11:56] [CAM] 摄像头未检测到，等待重连...
[2026-07-06 06:11:56] [CAM] 摄像头捕获器已释放
[2026-07-06 06:11:56] [CAM] 摄像头未检测到，等待重连...
[2026-07-06 06:11:57] [CAM] 摄像头捕获器已释放
[2026-07-06 06:11:57] [CAM] 摄像头未检测到，等待重连...
[2026-07-06 06:11:57] [CAM] 摄像头捕获器已释放
[2026-07-06 06:11:57] [CAM] 摄像头未检测到，等待重连...
[2026-07-06 06:11:58] [CAM] 摄像头捕获器已释放
[2026-07-06 06:11:58] [CAM] 摄像头未检测到，等待重连...
[2026-07-06 06:11:58] [CAM] 摄像头捕获器已释放
[2026-07-06 06:11:58] [CAM] 摄像头未检测到，等待重连...
[2026-07-06 06:11:59] [CAM] 摄像头捕获器已释放
[2026-07-06 06:11:59] [CAM] 摄像头未检测到，等待重连...
[2026-07-06 06:11:59] [CAM] 摄像头捕获器已释放
[2026-07-06 06:11:59] [CAM] 摄像头未检测到，等待重连...
[2026-07-06 06:12:00] [CAM] 摄像头捕获器已释放
[2026-07-06 06:12:00] [CAM] 摄像头未检测到，等待重连...
[2026-07-06 06:12:00] [CAM] 摄像头捕获器已释放
[2026-07-06 06:12:00] [CAM] 摄像头未检测到，等待重连...
[2026-07-06 06:12:01] [CAM] 摄像头捕获器已释放
[2026-07-06 06:12:01] [CAM] 摄像头未检测到，等待重连...
[2026-07-06 06:12:01] [CAM] 摄像头捕获器已释放
[2026-07-06 06:12:01] [CAM] 摄像头未检测到，等待重连...
[2026-07-06 06:12:02] [CAM] 摄像头捕获器已释放
[2026-07-06 06:12:02] [CAM] 摄像头未检测到，等待重连...
[2026-07-06 06:12:02] [CAM] 摄像头捕获器已释放
[2026-07-06 06:12:02] [CAM] 摄像头未检测到，等待重连...
[2026-07-06 06:12:03] [CAM] 摄像头捕获器已释放
[2026-07-06 06:12:03] [CAM] 摄像头未检测到，等待重连...
[2026-07-06 06:12:03] [SENSOR] 传感器数据异常
[2026-07-06 06:12:03] [CAM] 摄像头捕获器已释放
[2026-07-06 06:12:03] [CAM] 摄像头未检测到，等待重连...
[2026-07-06 06:12:04] [CAM] 摄像头捕获器已释放
[2026-07-06 06:12:04] [CAM] 摄像头未检测到，等待重连...
[2026-07-06 06:12:04] [CAM] 摄像头捕获器已释放
[2026-07-06 06:12:04] [CAM] 摄像头未检测到，等待重连...
[2026-07-06 06:12:05] [CAM] 摄像头捕获器已释放
[2026-07-06 06:12:05] [CAM] 摄像头未检测到，等待重连...
[2026-07-06 06:12:05] [CAM] 摄像头捕获器已释放
[2026-07-06 06:12:05] [CAM] 摄像头未检测到，等待重连...
[2026-07-06 06:12:06] [CAM] 摄像头捕获器已释放
[2026-07-06 06:12:06] [CAM] 摄像头未检测到，等待重连...
[2026-07-06 06:12:06] [SENSOR] 传感器采集正常
[2026-07-06 06:12:06] [CAM] 摄像头捕获器已释放
[2026-07-06 06:12:06] [CAM] 摄像头未检测到，等待重连...
[2026-07-06 06:12:07] [CAM] 摄像头捕获器已释放
[2026-07-06 06:12:07] [CAM] 摄像头未检测到，等待重连...
[2026-07-06 06:12:07] [CAM] 摄像头捕获器已释放
[2026-07-06 06:12:07] [CAM] 摄像头未检测到，等待重连...
[2026-07-06 06:12:08] [CAM] 摄像头捕获器已释放
[2026-07-06 06:12:08] [CAM] 摄像头未检测到，等待重连...
[2026-07-06 06:12:08] [CAM] 摄像头捕获器已释放
[2026-07-06 06:12:08] [CAM] 摄像头未检测到，等待重连...
[2026-07-06 06:12:09] [CAM] 摄像头捕获器已释放
[2026-07-06 06:12:09] [CAM] 摄像头未检测到，等待重连...
[2026-07-06 06:12:09] [CAM] 摄像头捕获器已释放
[2026-07-06 06:12:09] [CAM] 摄像头未检测到，等待重连...
[2026-07-06 06:12:10] [CAM] 摄像头捕获器已释放
[2026-07-06 06:12:10] [CAM] 摄像头未检测到，等待重连...
[2026-07-06 06:12:10] [CAM] 摄像头捕获器已释放
[2026-07-06 06:12:10] [CAM] 摄像头未检测到，等待重连...
[2026-07-06 06:12:11] [CAM] 摄像头捕获器已释放
[2026-07-06 06:12:11] [CAM] 摄像头未检测到，等待重连...
[2026-07-06 06:12:11] [CAM] 摄像头捕获器已释放
[2026-07-06 06:12:11] [CAM] 摄像头未检测到，等待重连...
[2026-07-06 06:12:12] [CAM] 摄像头捕获器已释放
[2026-07-06 06:12:12] [CAM] 摄像头未检测到，等待重连...
[2026-07-06 06:12:12] [CAM] 摄像头捕获器已释放
[2026-07-06 06:12:12] [CAM] 摄像头未检测到，等待重连...
[2026-07-06 06:12:13] [CAM] 摄像头捕获器已释放
[2026-07-06 06:12:13] [CAM] 摄像头未检测到，等待重连...
[2026-07-06 06:12:13] [CAM] 摄像头捕获器已释放
[2026-07-06 06:12:13] [CAM] 摄像头未检测到，等待重连...
[2026-07-06 06:12:14] [CAM] 摄像头捕获器已释放
[2026-07-06 06:12:14] [CAM] 摄像头未检测到，等待重连...
[2026-07-06 06:12:14] [CAM] 摄像头捕获器已释放
[2026-07-06 06:12:14] [CAM] 摄像头未检测到，等待重连...
[2026-07-06 06:12:15] [CAM] 摄像头捕获器已释放
[2026-07-06 06:12:15] [CAM] 摄像头未检测到，等待重连...
[2026-07-06 06:12:15] [CAM] 摄像头捕获器已释放
[2026-07-06 06:12:15] [CAM] 摄像头未检测到，等待重连...
[2026-07-06 06:12:16] [CAM] 摄像头捕获器已释放
[2026-07-06 06:12:16] [CAM] 摄像头未检测到，等待重连...
[2026-07-06 06:12:16] [CAM] 摄像头捕获器已释放
[2026-07-06 06:12:16] [CAM] 摄像头未检测到，等待重连...
[2026-07-06 06:12:17] [CAM] 摄像头捕获器已释放
[2026-07-06 06:12:17] [CAM] 摄像头未检测到，等待重连...
[2026-07-06 06:12:17] [CAM] 摄像头捕获器已释放
[2026-07-06 06:12:17] [CAM] 摄像头未检测到，等待重连...
[2026-07-06 06:12:18] [CAM] 摄像头捕获器已释放
[2026-07-06 06:12:18] [CAM] 摄像头未检测到，等待重连...
[2026-07-06 06:12:18] [CAM] 摄像头捕获器已释放
[2026-07-06 06:12:18] [CAM] 摄像头未检测到，等待重连...
[2026-07-06 06:12:19] [CAM] 摄像头捕获器已释放
[2026-07-06 06:12:19] [CAM] 摄像头未检测到，等待重连...
[2026-07-06 06:12:19] [CAM] 摄像头捕获器已释放
[2026-07-06 06:12:19] [CAM] 摄像头未检测到，等待重连...
[2026-07-06 06:12:20] [CAM] 摄像头捕获器已释放
[2026-07-06 06:12:20] [CAM] 摄像头未检测到，等待重连...
[2026-07-06 06:12:20] [CAM] 摄像头捕获器已释放
[2026-07-06 06:12:20] [CAM] 摄像头未检测到，等待重连...
[2026-07-06 06:12:21] [CAM] 摄像头捕获器已释放
[2026-07-06 06:12:21] [CAM] 摄像头未检测到，等待重连...
[2026-07-06 06:12:21] [SENSOR] 传感器数据异常
[2026-07-06 06:12:21] [CAM] 摄像头捕获器已释放
[2026-07-06 06:12:21] [CAM] 摄像头未检测到，等待重连...
[2026-07-06 06:12:22] [CAM] 摄像头捕获器已释放
[2026-07-06 06:12:22] [CAM] 摄像头未检测到，等待重连...
[2026-07-06 06:12:22] [CAM] 摄像头捕获器已释放
[2026-07-06 06:12:22] [CAM] 摄像头未检测到，等待重连...
[2026-07-06 06:12:23] [CAM] 摄像头捕获器已释放
[2026-07-06 06:12:23] [CAM] 摄像头未检测到，等待重连...
[2026-07-06 06:12:23] [CAM] 摄像头捕获器已释放
[2026-07-06 06:12:23] [CAM] 摄像头未检测到，等待重连...
[2026-07-06 06:12:24] [CAM] 摄像头捕获器已释放
[2026-07-06 06:12:24] [CAM] 摄像头未检测到，等待重连...
[2026-07-06 06:12:24] [SENSOR] 传感器采集正常
[2026-07-06 06:12:24] [CAM] 摄像头捕获器已释放
[2026-07-06 06:12:24] [CAM] 摄像头未检测到，等待重连...
[2026-07-06 06:12:25] [INFO] 程序收到关闭信号，开始安全退出流程
[2026-07-06 06:12:25] [CAM] 摄像头捕获器已释放
[2026-07-06 06:12:25] [INFO] 摄像头采集线程正常退出
[2026-07-06 06:12:25] [INFO] 程序正常退出
[2026-07-06 06:12:25] [INFO] 程序结束，退出码:0
[2026-07-06 06:24:37] [INFO] ========== 幼儿园AI安全卫士程序启动 ==========
[2026-07-06 06:24:37] [INFO] 主程序窗口初始化完成
[2026-07-06 06:24:37] [INFO] AI环境模拟线程启动
[2026-07-06 06:24:37] [INFO] 摄像头采集线程启动
[2026-07-06 06:24:38] [CAM] 摄像头未检测到，等待重连...
[2026-07-06 06:24:38] [SENSOR] 传感器采集正常
[2026-07-06 06:24:38] [WARN] 触发弹窗告警：危险品预警 内容:幼儿手持别针行走过道
[2026-07-06 06:24:38] [CAM] 摄像头捕获器已释放
[2026-07-06 06:24:38] [CAM] 摄像头未检测到，等待重连...
[2026-07-06 06:24:39] [CAM] 摄像头捕获器已释放
[2026-07-06 06:24:39] [CAM] 摄像头未检测到，等待重连...
[2026-07-06 06:24:39] [CAM] 摄像头捕获器已释放
[2026-07-06 06:24:39] [CAM] 摄像头未检测到，等待重连...
[2026-07-06 06:24:40] [CAM] 摄像头捕获器已释放
[2026-07-06 06:24:40] [CAM] 摄像头未检测到，等待重连...
[2026-07-06 06:24:40] [NET] 网络已恢复连通
[2026-07-06 06:24:40] [CAM] 摄像头捕获器已释放
[2026-07-06 06:24:40] [CAM] 摄像头未检测到，等待重连...
[2026-07-06 06:24:41] [CAM] 摄像头捕获器已释放
[2026-07-06 06:24:41] [CAM] 摄像头未检测到，等待重连...
[2026-07-06 06:24:41] [CAM] 摄像头捕获器已释放
[2026-07-06 06:24:41] [CAM] 摄像头未检测到，等待重连...
[2026-07-06 06:24:42] [CAM] 摄像头捕获器已释放
[2026-07-06 06:24:42] [CAM] 摄像头未检测到，等待重连...
[2026-07-06 06:24:42] [CAM] 摄像头捕获器已释放
[2026-07-06 06:24:42] [CAM] 摄像头未检测到，等待重连...
[2026-07-06 06:24:43] [CAM] 摄像头捕获器已释放
[2026-07-06 06:24:43] [CAM] 摄像头未检测到，等待重连...
[2026-07-06 06:24:43] [CAM] 摄像头捕获器已释放
[2026-07-06 06:24:43] [CAM] 摄像头未检测到，等待重连...
[2026-07-06 06:24:44] [CAM] 摄像头捕获器已释放
[2026-07-06 06:24:44] [CAM] 摄像头未检测到，等待重连...
[2026-07-06 06:24:44] [CAM] 摄像头捕获器已释放
[2026-07-06 06:24:44] [CAM] 摄像头未检测到，等待重连...
[2026-07-06 06:24:44] [INFO] 程序收到关闭信号，开始安全退出流程
[2026-07-06 06:24:45] [CAM] 摄像头捕获器已释放
[2026-07-06 06:24:45] [INFO] 摄像头采集线程正常退出
[2026-07-06 06:24:45] [INFO] 程序正常退出
[2026-07-06 06:24:45] [INFO] 程序结束，退出码:0
[2026-07-06 06:30:35] [INFO] ========== 幼儿园AI安全卫士程序启动 ==========
[2026-07-06 06:30:35] [INFO] 主程序窗口初始化完成
[2026-07-06 06:30:35] [INFO] AI环境模拟线程启动
[2026-07-06 06:30:35] [INFO] 摄像头采集线程启动
[2026-07-06 06:30:35] [CAM] 摄像头未检测到，等待重连...
[2026-07-06 06:30:35] [SENSOR] 传感器采集正常
[2026-07-06 06:30:36] [CAM] 摄像头捕获器已释放
[2026-07-06 06:30:36] [CAM] 摄像头未检测到，等待重连...
[2026-07-06 06:30:36] [CAM] 摄像头捕获器已释放
[2026-07-06 06:30:36] [CAM] 摄像头未检测到，等待重连...
[2026-07-06 06:30:37] [CAM] 摄像头捕获器已释放
[2026-07-06 06:30:37] [CAM] 摄像头未检测到，等待重连...
[2026-07-06 06:30:37] [NET] 网络已恢复连通
[2026-07-06 06:30:37] [CAM] 摄像头捕获器已释放
[2026-07-06 06:30:37] [CAM] 摄像头未检测到，等待重连...
[2026-07-06 06:30:38] [CAM] 摄像头捕获器已释放
[2026-07-06 06:30:38] [CAM] 摄像头未检测到，等待重连...
[2026-07-06 06:30:38] [CAM] 摄像头捕获器已释放
[2026-07-06 06:30:38] [CAM] 摄像头未检测到，等待重连...
[2026-07-06 06:30:39] [CAM] 摄像头捕获器已释放
[2026-07-06 06:30:39] [CAM] 摄像头未检测到，等待重连...
[2026-07-06 06:30:39] [CAM] 摄像头捕获器已释放
[2026-07-06 06:30:39] [CAM] 摄像头未检测到，等待重连...
[2026-07-06 06:30:40] [CAM] 摄像头捕获器已释放
[2026-07-06 06:30:40] [CAM] 摄像头未检测到，等待重连...
[2026-07-06 06:30:40] [CAM] 摄像头捕获器已释放
[2026-07-06 06:30:40] [CAM] 摄像头未检测到，等待重连...
[2026-07-06 06:30:41] [CAM] 摄像头捕获器已释放
[2026-07-06 06:30:41] [CAM] 摄像头未检测到，等待重连...
[2026-07-06 06:30:41] [WARN] 触发弹窗告警：奔跑预警 内容:幼儿在过道快速追逐打闹
[2026-07-06 06:30:41] [CAM] 摄像头捕获器已释放
[2026-07-06 06:30:41] [CAM] 摄像头未检测到，等待重连...
[2026-07-06 06:30:42] [INFO] 程序收到关闭信号，开始安全退出流程
[2026-07-06 06:30:42] [CAM] 摄像头捕获器已释放
[2026-07-06 06:30:42] [INFO] 摄像头采集线程正常退出
[2026-07-06 06:30:42] [INFO] 程序正常退出
[2026-07-06 06:30:42] [INFO] 程序结束，退出码:0
[2026-07-06 06:37:50] [INFO] ========== 幼儿园AI安全卫士程序启动 ==========
[2026-07-06 06:37:50] [INFO] 主程序窗口初始化完成
[2026-07-06 06:37:50] [INFO] AI环境模拟线程启动
[2026-07-06 06:37:50] [INFO] 摄像头采集线程启动
[2026-07-06 06:37:50] [CAM] 摄像头未检测到，等待重连...
[2026-07-06 06:37:50] [SENSOR] 传感器采集正常
[2026-07-06 06:37:51] [CAM] 摄像头捕获器已释放
[2026-07-06 06:37:51] [CAM] 摄像头未检测到，等待重连...
[2026-07-06 06:37:51] [CAM] 摄像头捕获器已释放
[2026-07-06 06:37:51] [CAM] 摄像头未检测到，等待重连...
[2026-07-06 06:37:52] [CAM] 摄像头捕获器已释放
[2026-07-06 06:37:52] [CAM] 摄像头未检测到，等待重连...
[2026-07-06 06:37:52] [CAM] 摄像头捕获器已释放
[2026-07-06 06:37:52] [CAM] 摄像头未检测到，等待重连...
[2026-07-06 06:37:52] [NET] 网络已恢复连通
[2026-07-06 06:37:53] [CAM] 摄像头捕获器已释放
[2026-07-06 06:37:53] [CAM] 摄像头未检测到，等待重连...
[2026-07-06 06:37:53] [WARN] 触发弹窗告警：奔跑预警 内容:幼儿在过道快速追逐打闹
[2026-07-06 06:37:53] [CAM] 摄像头捕获器已释放
[2026-07-06 06:37:53] [CAM] 摄像头未检测到，等待重连...
[2026-07-06 06:37:54] [CAM] 摄像头捕获器已释放
[2026-07-06 06:37:54] [CAM] 摄像头未检测到，等待重连...
[2026-07-06 06:37:54] [CAM] 摄像头捕获器已释放
[2026-07-06 06:37:54] [CAM] 摄像头未检测到，等待重连...
[2026-07-06 06:37:55] [CAM] 摄像头捕获器已释放
[2026-07-06 06:37:55] [CAM] 摄像头未检测到，等待重连...
[2026-07-06 06:37:55] [CAM] 摄像头捕获器已释放
[2026-07-06 06:37:55] [CAM] 摄像头未检测到，等待重连...
[2026-07-06 06:37:56] [CAM] 摄像头捕获器已释放
[2026-07-06 06:37:56] [CAM] 摄像头未检测到，等待重连...
[2026-07-06 06:37:56] [CAM] 摄像头捕获器已释放
[2026-07-06 06:37:56] [CAM] 摄像头未检测到，等待重连...
[2026-07-06 06:37:57] [CAM] 摄像头捕获器已释放
[2026-07-06 06:37:57] [CAM] 摄像头未检测到，等待重连...
[2026-07-06 06:37:57] [CAM] 摄像头捕获器已释放
[2026-07-06 06:37:57] [CAM] 摄像头未检测到，等待重连...
[2026-07-06 06:37:58] [CAM] 摄像头捕获器已释放
[2026-07-06 06:37:58] [CAM] 摄像头未检测到，等待重连...
[2026-07-06 06:37:58] [CAM] 摄像头捕获器已释放
[2026-07-06 06:37:58] [CAM] 摄像头未检测到，等待重连...
[2026-07-06 06:37:59] [CAM] 摄像头捕获器已释放
[2026-07-06 06:37:59] [CAM] 摄像头未检测到，等待重连...
[2026-07-06 06:37:59] [INFO] 程序收到关闭信号，开始安全退出流程
[2026-07-06 06:37:59] [CAM] 摄像头捕获器已释放
[2026-07-06 06:37:59] [INFO] 摄像头采集线程正常退出
[2026-07-06 06:37:59] [INFO] 程序正常退出
[2026-07-06 06:37:59] [INFO] 程序结束，退出码:0
