[2026-07-15 09:55:46] [INFO] ========== 幼儿园AI安全卫士程序启动 ==========
[2026-07-15 09:55:46] [INFO] 主程序窗口初始化完成
[2026-07-15 09:55:46] [SENSOR] RS485传感器采集线程已启动，串口：/dev/ttyUSB0
[2026-07-15 09:55:46] [INFO] AI环境模拟线程启动
[2026-07-15 09:55:46] [INFO] 摄像头采集线程启动
[2026-07-15 09:55:46] [SENSOR] 温湿度传感器在线，温度:23.8℃ 湿度:64.2%RH
[2026-07-15 09:55:47] [CAM] 摄像头已连接 分辨率1280*720 真实帧率30.0
[2026-07-15 09:55:47] [CAM] 摄像头设备状态变为正常
[2026-07-15 09:55:49] [MIC] 检测到USB麦克风设备
[2026-07-15 09:55:53] [NET] 开机检测无网络，语音提醒
[2026-07-15 09:55:57] [INFO] 切换运行模式: 课堂模式 场景:中四班
[2026-07-15 09:55:58] [INFO] 切换运行模式: 午睡模式 场景:一楼左侧睡眠室
[2026-07-15 09:55:59] [INFO] 切换运行模式: 公共巡查模式 场景:公共过道
[2026-07-15 09:56:09] [RECORD] 已启动视频录制开始录制声音...
[2026-07-15 09:56:09] [RECORD] 启动声音录制声音
[2026-07-15 09:56:09] [RECORD] 录制启动成功 ./video_record/video_20260715_095609.mp4 分辨率1280*720
[2026-07-15 09:56:10] [RECORD] 已启动视频录制开始录制声音...
[2026-07-15 09:56:10] [RECORD] 停止录制
[2026-07-15 09:56:10] [RECORD] 录制结束，总共写入6帧
[2026-07-15 09:56:10] [RECORD] 开始合并./video_record/video_20260715_095609.mp4和./video_record/video_20260715_095609.wav至./video_record/video_20260715_095609_with_audio.mp4文件
[2026-07-15 09:56:10] [RECORD] 音视频合成完成，文件：./video_record/video_20260715_095609_with_audio.mp4
[2026-07-15 09:56:11] [RECORD] 已启动视频录制开始录制声音...
[2026-07-15 09:56:11] [RECORD] 启动声音录制声音
[2026-07-15 09:56:11] [RECORD] 录制启动成功 ./video_record/video_20260715_095611.mp4 分辨率1280*720
[2026-07-15 09:56:13] [RECORD] 已写入50帧画面
[2026-07-15 09:56:14] [INFO] 手动抓拍完成，保存路径: ./capture/cap_20260715_095612.jpg
[2026-07-15 09:56:15] [RECORD] 已写入100帧画面
[2026-07-15 09:56:18] [RECORD] 已写入150帧画面
[2026-07-15 09:56:21] [RECORD] 已写入200帧画面
[2026-07-15 09:56:22] [RECORD] 已写入250帧画面
[2026-07-15 09:56:24] [RECORD] 已写入300帧画面
[2026-07-15 09:56:25] [RECORD] 已写入350帧画面
[2026-07-15 09:56:27] [RECORD] 已写入400帧画面
[2026-07-15 09:56:29] [RECORD] 已写入450帧画面
[2026-07-15 09:56:30] [RECORD] 已写入500帧画面
[2026-07-15 09:56:32] [RECORD] 已写入550帧画面
[2026-07-15 09:56:34] [RECORD] 已写入600帧画面
[2026-07-15 09:56:35] [RECORD] 已写入650帧画面
[2026-07-15 09:56:37] [RECORD] 已写入700帧画面
[2026-07-15 09:56:38] [RECORD] 已写入750帧画面
[2026-07-15 09:56:40] [RECORD] 已写入800帧画面
[2026-07-15 09:56:42] [RECORD] 已写入850帧画面
[2026-07-15 09:56:43] [RECORD] 已写入900帧画面
[2026-07-15 09:56:45] [RECORD] 已写入950帧画面
[2026-07-15 09:56:46] [ERROR] 摄像头读取帧失败，断开重连
[2026-07-15 09:56:46] [CAM] 摄像头设备断开...........................................
[2026-07-15 09:56:46] [CAM] 摄像头捕获器已释放
[2026-07-15 09:56:46] [CAM] 摄像头未检测到，等待重连...
[2026-07-15 09:56:47] [RECORD] 已写入1000帧画面
[2026-07-15 09:56:49] [CAM] 摄像头捕获器已释放
[2026-07-15 09:56:49] [CAM] 摄像头未检测到，等待重连...
[2026-07-15 09:56:49] [CAM] 摄像头捕获器已释放
[2026-07-15 09:56:49] [CAM] 摄像头未检测到，等待重连...
[2026-07-15 09:56:50] [CAM] 摄像头捕获器已释放
[2026-07-15 09:56:50] [CAM] 摄像头未检测到，等待重连...
[2026-07-15 09:56:50] [CAM] 摄像头捕获器已释放
[2026-07-15 09:56:50] [CAM] 摄像头未检测到，等待重连...
[2026-07-15 09:56:51] [CAM] 摄像头捕获器已释放
[2026-07-15 09:56:51] [CAM] 摄像头未检测到，等待重连...
[2026-07-15 09:56:51] [CAM] 摄像头捕获器已释放
[2026-07-15 09:56:51] [CAM] 摄像头未检测到，等待重连...
[2026-07-15 09:56:52] [CAM] 摄像头捕获器已释放
[2026-07-15 09:56:52] [CAM] 摄像头未检测到，等待重连...
[2026-07-15 09:56:52] [CAM] 摄像头捕获器已释放
[2026-07-15 09:56:52] [CAM] 摄像头未检测到，等待重连...
[2026-07-15 09:56:53] [CAM] 摄像头捕获器已释放
[2026-07-15 09:56:53] [CAM] 摄像头未检测到，等待重连...
[2026-07-15 09:56:53] [CAM] 摄像头捕获器已释放
[2026-07-15 09:56:53] [CAM] 摄像头未检测到，等待重连...
[2026-07-15 09:56:54] [CAM] 摄像头捕获器已释放
[2026-07-15 09:56:54] [CAM] 摄像头已连接 分辨率1280*720 真实帧率30.0
[2026-07-15 09:56:54] [CAM] 摄像头设备状态变为正常
[2026-07-15 09:56:55] [RECORD] 已写入1050帧画面
[2026-07-15 09:56:57] [RECORD] 已写入1100帧画面
[2026-07-15 09:56:58] [RECORD] 已写入1150帧画面
[2026-07-15 09:57:00] [RECORD] 已写入1200帧画面
[2026-07-15 09:57:02] [RECORD] 已写入1250帧画面
[2026-07-15 09:57:03] [RECORD] 已写入1300帧画面
[2026-07-15 09:57:05] [RECORD] 已写入1350帧画面
[2026-07-15 09:57:07] [RECORD] 已写入1400帧画面
[2026-07-15 09:57:08] [RECORD] 已写入1450帧画面
[2026-07-15 09:57:10] [RECORD] 已写入1500帧画面
[2026-07-15 09:57:12] [RECORD] 已写入1550帧画面
[2026-07-15 09:57:13] [RECORD] 已写入1600帧画面
[2026-07-15 09:57:14] [RECORD] 已启动视频录制开始录制声音...
[2026-07-15 09:57:14] [RECORD] 停止录制
[2026-07-15 09:57:15] [RECORD] 录制结束，总共写入1655帧
[2026-07-15 09:57:15] [RECORD] 开始合并./video_record/video_20260715_095611.mp4和./video_record/video_20260715_095611.wav至./video_record/video_20260715_095611_with_audio.mp4文件
[2026-07-15 09:57:19] [RECORD] 音视频合成完成，文件：./video_record/video_20260715_095611_with_audio.mp4
[2026-07-15 09:57:28] [INFO] 切换运行模式: 课堂模式 场景:中四班
[2026-07-15 09:58:17] [INFO] 切换运行模式: 午睡模式 场景:一楼左侧睡眠室
[2026-07-15 09:58:18] [INFO] 切换运行模式: 公共巡查模式 场景:公共过道
[2026-07-15 09:58:18] [INFO] 切换运行模式: 课堂模式 场景:中四班
[2026-07-15 09:58:18] [INFO] 切换运行模式: 午睡模式 场景:一楼左侧睡眠室
[2026-07-15 09:59:50] [INFO] 程序收到关闭信号，开始安全退出流程
[2026-07-15 09:59:50] [SENSOR] RS485采集线程已停止
[2026-07-15 09:59:50] [CAM] 摄像头捕获器已释放
[2026-07-15 09:59:50] [INFO] 摄像头采集线程正常退出
[2026-07-15 09:59:50] [INFO] 程序正常退出
[2026-07-15 09:59:50] [CAM] 摄像头设备断开...........................................
[2026-07-15 09:59:50] [INFO] 程序结束，退出码:0
[2026-07-15 10:01:41] [INFO] ========== 幼儿园AI安全卫士程序启动 ==========
[2026-07-15 10:01:41] [INFO] 主程序窗口初始化完成
[2026-07-15 10:01:41] [SENSOR] RS485传感器采集线程已启动，串口：/dev/ttyUSB0
[2026-07-15 10:01:41] [INFO] AI环境模拟线程启动
[2026-07-15 10:01:41] [INFO] 摄像头采集线程启动
[2026-07-15 10:01:41] [SENSOR] 温湿度传感器在线，温度:23.2℃ 湿度:66.1%RH
[2026-07-15 10:01:41] [CAM] 摄像头已连接 分辨率1280*720 真实帧率30.0
[2026-07-15 10:01:41] [CAM] 摄像头设备状态变为正常
[2026-07-15 10:01:43] [MIC] 检测到USB麦克风设备
[2026-07-15 10:01:47] [NET] 开机检测无网络，语音提醒
[2026-07-15 10:01:53] [INFO] 切换运行模式: 课堂模式 场景:中四班
[2026-07-15 10:01:55] [INFO] 切换运行模式: 午睡模式 场景:一楼左侧睡眠室
[2026-07-15 10:02:00] [INFO] 切换运行模式: 公共巡查模式 场景:公共过道
[2026-07-15 10:02:00] [INFO] 切换运行模式: 课堂模式 场景:中四班
[2026-07-15 10:02:01] [INFO] 切换运行模式: 午睡模式 场景:一楼左侧睡眠室
[2026-07-15 10:02:01] [INFO] 切换运行模式: 公共巡查模式 场景:公共过道
[2026-07-15 10:02:02] [INFO] 切换运行模式: 课堂模式 场景:中四班
[2026-07-15 10:02:04] [INFO] 切换运行模式: 午睡模式 场景:一楼左侧睡眠室
[2026-07-15 10:02:08] [INFO] 切换运行模式: 公共巡查模式 场景:公共过道
[2026-07-15 10:02:09] [INFO] 切换运行模式: 课堂模式 场景:中四班
[2026-07-15 10:02:09] [INFO] 切换运行模式: 午睡模式 场景:一楼左侧睡眠室
[2026-07-15 10:02:46] [INFO] 手动清空告警列表
[2026-07-15 10:02:50] [INFO] 手动抓拍完成，保存路径: ./capture/cap_20260715_100249.jpg
[2026-07-15 10:12:48] [ERROR] 摄像头读取帧失败，断开重连
[2026-07-15 10:12:48] [CAM] 摄像头捕获器已释放
[2026-07-15 10:12:48] [CAM] 摄像头设备断开...........................................
[2026-07-15 10:12:49] [CAM] 摄像头未检测到，等待重连...
[2026-07-15 10:12:51] [CAM] 摄像头捕获器已释放
[2026-07-15 10:12:51] [CAM] 摄像头未检测到，等待重连...
[2026-07-15 10:12:52] [CAM] 摄像头捕获器已释放
[2026-07-15 10:12:52] [CAM] 摄像头未检测到，等待重连...
[2026-07-15 10:12:52] [CAM] 摄像头捕获器已释放
[2026-07-15 10:12:52] [CAM] 摄像头未检测到，等待重连...
[2026-07-15 10:12:53] [CAM] 摄像头捕获器已释放
[2026-07-15 10:12:53] [CAM] 摄像头未检测到，等待重连...
[2026-07-15 10:12:53] [CAM] 摄像头捕获器已释放
[2026-07-15 10:12:53] [CAM] 摄像头未检测到，等待重连...
[2026-07-15 10:12:54] [CAM] 摄像头捕获器已释放
[2026-07-15 10:12:54] [CAM] 摄像头已连接 分辨率1280*720 真实帧率30.0
[2026-07-15 10:12:54] [CAM] 摄像头设备状态变为正常
[2026-07-15 10:14:05] [INFO] 程序收到关闭信号，开始安全退出流程
[2026-07-15 10:14:06] [SENSOR] RS485采集线程已停止
[2026-07-15 10:14:06] [CAM] 摄像头捕获器已释放
[2026-07-15 10:14:06] [INFO] 摄像头采集线程正常退出
[2026-07-15 10:14:06] [INFO] 程序正常退出
[2026-07-15 10:14:06] [CAM] 摄像头设备断开...........................................
[2026-07-15 10:14:06] [INFO] 程序结束，退出码:0
[2026-07-15 10:14:31] [INFO] ========== 幼儿园AI安全卫士程序启动 ==========
[2026-07-15 10:14:32] [INFO] 主程序窗口初始化完成
[2026-07-15 10:14:32] [SENSOR] RS485传感器采集线程已启动，串口：/dev/ttyUSB0
[2026-07-15 10:14:32] [INFO] AI环境模拟线程启动
[2026-07-15 10:14:32] [INFO] 摄像头采集线程启动
[2026-07-15 10:14:32] [CAM] 摄像头未检测到，等待重连...
[2026-07-15 10:14:32] [SENSOR] 开机未检测到温湿度传感器，延时播报
[2026-07-15 10:14:34] [MIC] 开机未检测到USB麦克风，延时播报
[2026-07-15 10:14:34] [CAM] 摄像头捕获器已释放
[2026-07-15 10:14:34] [CAM] 摄像头未检测到，等待重连...
[2026-07-15 10:14:35] [CAM] 摄像头捕获器已释放
[2026-07-15 10:14:35] [CAM] 摄像头未检测到，等待重连...
[2026-07-15 10:14:35] [CAM] 摄像头捕获器已释放
[2026-07-15 10:14:35] [CAM] 摄像头未检测到，等待重连...
[2026-07-15 10:14:36] [CAM] 摄像头捕获器已释放
[2026-07-15 10:14:36] [CAM] 摄像头未检测到，等待重连...
[2026-07-15 10:14:36] [CAM] 摄像头捕获器已释放
[2026-07-15 10:14:36] [CAM] 摄像头未检测到，等待重连...
[2026-07-15 10:14:37] [CAM] 摄像头捕获器已释放
[2026-07-15 10:14:37] [CAM] 摄像头未检测到，等待重连...
[2026-07-15 10:14:37] [CAM] 摄像头捕获器已释放
[2026-07-15 10:14:37] [CAM] 摄像头未检测到，等待重连...
[2026-07-15 10:14:38] [NET] 开机检测无网络，语音提醒
[2026-07-15 10:14:38] [CAM] 摄像头捕获器已释放
[2026-07-15 10:14:38] [CAM] 摄像头未检测到，等待重连...
[2026-07-15 10:14:38] [CAM] 摄像头捕获器已释放
[2026-07-15 10:14:38] [CAM] 摄像头未检测到，等待重连...
[2026-07-15 10:14:39] [CAM] 摄像头捕获器已释放
[2026-07-15 10:14:39] [CAM] 摄像头未检测到，等待重连...
[2026-07-15 10:14:39] [CAM] 摄像头捕获器已释放
[2026-07-15 10:14:39] [CAM] 摄像头未检测到，等待重连...
[2026-07-15 10:14:40] [CAM] 摄像头捕获器已释放
[2026-07-15 10:14:40] [CAM] 摄像头未检测到，等待重连...
[2026-07-15 10:14:40] [CAM] 摄像头捕获器已释放
[2026-07-15 10:14:40] [CAM] 摄像头未检测到，等待重连...
[2026-07-15 10:14:41] [CAM] 摄像头捕获器已释放
[2026-07-15 10:14:41] [CAM] 摄像头未检测到，等待重连...
[2026-07-15 10:14:41] [CAM] 摄像头捕获器已释放
[2026-07-15 10:14:41] [CAM] 摄像头未检测到，等待重连...
[2026-07-15 10:14:42] [CAM] 摄像头捕获器已释放
[2026-07-15 10:14:42] [CAM] 摄像头未检测到，等待重连...
[2026-07-15 10:14:42] [CAM] 摄像头捕获器已释放
[2026-07-15 10:14:42] [CAM] 摄像头未检测到，等待重连...
[2026-07-15 10:14:43] [CAM] 摄像头捕获器已释放
[2026-07-15 10:14:43] [CAM] 摄像头未检测到，等待重连...
[2026-07-15 10:14:43] [CAM] 摄像头捕获器已释放
[2026-07-15 10:14:43] [CAM] 摄像头未检测到，等待重连...
[2026-07-15 10:14:44] [CAM] 摄像头捕获器已释放
[2026-07-15 10:14:44] [CAM] 摄像头未检测到，等待重连...
[2026-07-15 10:14:44] [CAM] 摄像头捕获器已释放
[2026-07-15 10:14:44] [CAM] 摄像头未检测到，等待重连...
[2026-07-15 10:14:45] [CAM] 摄像头捕获器已释放
[2026-07-15 10:14:45] [CAM] 摄像头未检测到，等待重连...
[2026-07-15 10:14:45] [CAM] 摄像头捕获器已释放
[2026-07-15 10:14:45] [CAM] 摄像头未检测到，等待重连...
[2026-07-15 10:14:46] [CAM] 摄像头捕获器已释放
[2026-07-15 10:14:46] [CAM] 摄像头未检测到，等待重连...
[2026-07-15 10:14:46] [CAM] 摄像头捕获器已释放
[2026-07-15 10:14:46] [CAM] 摄像头未检测到，等待重连...
[2026-07-15 10:14:47] [CAM] 摄像头捕获器已释放
[2026-07-15 10:14:47] [CAM] 摄像头未检测到，等待重连...
[2026-07-15 10:14:47] [CAM] 摄像头捕获器已释放
[2026-07-15 10:14:47] [CAM] 摄像头未检测到，等待重连...
[2026-07-15 10:14:48] [CAM] 摄像头捕获器已释放
[2026-07-15 10:14:48] [CAM] 摄像头未检测到，等待重连...
[2026-07-15 10:14:48] [CAM] 摄像头捕获器已释放
[2026-07-15 10:14:48] [CAM] 摄像头未检测到，等待重连...
[2026-07-15 10:14:49] [CAM] 摄像头捕获器已释放
[2026-07-15 10:14:49] [CAM] 摄像头未检测到，等待重连...
[2026-07-15 10:14:49] [CAM] 摄像头捕获器已释放
[2026-07-15 10:14:49] [CAM] 摄像头未检测到，等待重连...
[2026-07-15 10:14:50] [CAM] 摄像头捕获器已释放
[2026-07-15 10:14:50] [CAM] 摄像头未检测到，等待重连...
[2026-07-15 10:14:50] [CAM] 摄像头捕获器已释放
[2026-07-15 10:14:50] [CAM] 摄像头未检测到，等待重连...
[2026-07-15 10:14:51] [CAM] 摄像头捕获器已释放
[2026-07-15 10:14:51] [CAM] 摄像头未检测到，等待重连...
[2026-07-15 10:14:51] [CAM] 摄像头捕获器已释放
[2026-07-15 10:14:51] [CAM] 摄像头未检测到，等待重连...
[2026-07-15 10:14:52] [CAM] 摄像头捕获器已释放
[2026-07-15 10:14:52] [CAM] 摄像头未检测到，等待重连...
[2026-07-15 10:14:52] [CAM] 摄像头捕获器已释放
[2026-07-15 10:14:52] [CAM] 摄像头未检测到，等待重连...
[2026-07-15 10:14:53] [CAM] 摄像头捕获器已释放
[2026-07-15 10:14:53] [CAM] 摄像头未检测到，等待重连...
[2026-07-15 10:14:53] [CAM] 摄像头捕获器已释放
[2026-07-15 10:14:53] [CAM] 摄像头未检测到，等待重连...
[2026-07-15 10:14:54] [CAM] 摄像头捕获器已释放
[2026-07-15 10:14:54] [CAM] 摄像头未检测到，等待重连...
[2026-07-15 10:14:54] [CAM] 摄像头捕获器已释放
[2026-07-15 10:14:54] [CAM] 摄像头未检测到，等待重连...
[2026-07-15 10:14:55] [CAM] 摄像头捕获器已释放
[2026-07-15 10:14:55] [CAM] 摄像头未检测到，等待重连...
[2026-07-15 10:14:55] [CAM] 摄像头捕获器已释放
[2026-07-15 10:14:55] [CAM] 摄像头未检测到，等待重连...
[2026-07-15 10:14:56] [CAM] 摄像头捕获器已释放
[2026-07-15 10:14:56] [CAM] 摄像头未检测到，等待重连...
[2026-07-15 10:14:56] [CAM] 摄像头捕获器已释放
[2026-07-15 10:14:56] [CAM] 摄像头未检测到，等待重连...
[2026-07-15 10:14:57] [CAM] 摄像头捕获器已释放
[2026-07-15 10:14:57] [CAM] 摄像头未检测到，等待重连...
[2026-07-15 10:14:57] [CAM] 摄像头捕获器已释放
[2026-07-15 10:14:57] [CAM] 摄像头未检测到，等待重连...
[2026-07-15 10:14:58] [CAM] 摄像头捕获器已释放
[2026-07-15 10:14:58] [CAM] 摄像头未检测到，等待重连...
[2026-07-15 10:14:58] [CAM] 摄像头捕获器已释放
[2026-07-15 10:14:58] [CAM] 摄像头未检测到，等待重连...
[2026-07-15 10:14:59] [CAM] 摄像头捕获器已释放
[2026-07-15 10:14:59] [CAM] 摄像头未检测到，等待重连...
[2026-07-15 10:14:59] [CAM] 摄像头捕获器已释放
[2026-07-15 10:14:59] [CAM] 摄像头未检测到，等待重连...
[2026-07-15 10:15:00] [CAM] 摄像头捕获器已释放
[2026-07-15 10:15:00] [CAM] 摄像头未检测到，等待重连...
[2026-07-15 10:15:00] [CAM] 摄像头捕获器已释放
[2026-07-15 10:15:00] [CAM] 摄像头未检测到，等待重连...
[2026-07-15 10:15:01] [CAM] 摄像头捕获器已释放
[2026-07-15 10:15:01] [CAM] 摄像头未检测到，等待重连...
[2026-07-15 10:15:01] [CAM] 摄像头捕获器已释放
[2026-07-15 10:15:01] [CAM] 摄像头未检测到，等待重连...
[2026-07-15 10:15:02] [CAM] 摄像头捕获器已释放
[2026-07-15 10:15:02] [CAM] 摄像头未检测到，等待重连...
[2026-07-15 10:15:02] [CAM] 摄像头捕获器已释放
[2026-07-15 10:15:02] [CAM] 摄像头未检测到，等待重连...
[2026-07-15 10:15:03] [CAM] 摄像头捕获器已释放
[2026-07-15 10:15:03] [CAM] 摄像头未检测到，等待重连...
[2026-07-15 10:15:03] [CAM] 摄像头捕获器已释放
[2026-07-15 10:15:03] [CAM] 摄像头未检测到，等待重连...
[2026-07-15 10:15:04] [CAM] 摄像头捕获器已释放
[2026-07-15 10:15:04] [CAM] 摄像头未检测到，等待重连...
[2026-07-15 10:15:04] [CAM] 摄像头捕获器已释放
[2026-07-15 10:15:04] [CAM] 摄像头未检测到，等待重连...
[2026-07-15 10:15:05] [CAM] 摄像头捕获器已释放
[2026-07-15 10:15:05] [CAM] 摄像头未检测到，等待重连...
[2026-07-15 10:15:05] [CAM] 摄像头捕获器已释放
[2026-07-15 10:15:05] [CAM] 摄像头未检测到，等待重连...
[2026-07-15 10:15:06] [CAM] 摄像头捕获器已释放
[2026-07-15 10:15:06] [CAM] 摄像头未检测到，等待重连...
[2026-07-15 10:15:06] [CAM] 摄像头捕获器已释放
[2026-07-15 10:15:06] [CAM] 摄像头未检测到，等待重连...
[2026-07-15 10:15:07] [INFO] 切换运行模式: 课堂模式 场景:中四班
[2026-07-15 10:15:07] [CAM] 摄像头捕获器已释放
[2026-07-15 10:15:07] [CAM] 摄像头未检测到，等待重连...
[2026-07-15 10:15:07] [CAM] 摄像头捕获器已释放
[2026-07-15 10:15:07] [CAM] 摄像头未检测到，等待重连...
[2026-07-15 10:15:08] [CAM] 摄像头捕获器已释放
[2026-07-15 10:15:08] [CAM] 摄像头未检测到，等待重连...
[2026-07-15 10:15:08] [CAM] 摄像头捕获器已释放
[2026-07-15 10:15:08] [CAM] 摄像头未检测到，等待重连...
[2026-07-15 10:15:09] [CAM] 摄像头捕获器已释放
[2026-07-15 10:15:09] [CAM] 摄像头未检测到，等待重连...
[2026-07-15 10:15:09] [CAM] 摄像头捕获器已释放
[2026-07-15 10:15:09] [CAM] 摄像头未检测到，等待重连...
[2026-07-15 10:15:09] [INFO] 切换运行模式: 午睡模式 场景:一楼左侧睡眠室
[2026-07-15 10:15:10] [CAM] 摄像头捕获器已释放
[2026-07-15 10:15:10] [CAM] 摄像头未检测到，等待重连...
[2026-07-15 10:15:10] [CAM] 摄像头捕获器已释放
[2026-07-15 10:15:10] [CAM] 摄像头未检测到，等待重连...
[2026-07-15 10:15:11] [INFO] 切换运行模式: 公共巡查模式 场景:公共过道
[2026-07-15 10:15:11] [CAM] 摄像头捕获器已释放
[2026-07-15 10:15:11] [CAM] 摄像头未检测到，等待重连...
[2026-07-15 10:15:11] [CAM] 摄像头捕获器已释放
[2026-07-15 10:15:11] [CAM] 摄像头未检测到，等待重连...
[2026-07-15 10:15:12] [CAM] 摄像头捕获器已释放
[2026-07-15 10:15:12] [CAM] 摄像头未检测到，等待重连...
[2026-07-15 10:15:12] [CAM] 摄像头捕获器已释放
[2026-07-15 10:15:12] [CAM] 摄像头未检测到，等待重连...
[2026-07-15 10:15:13] [INFO] 切换运行模式: 课堂模式 场景:中四班
[2026-07-15 10:15:13] [CAM] 摄像头捕获器已释放
[2026-07-15 10:15:13] [CAM] 摄像头未检测到，等待重连...
[2026-07-15 10:15:13] [CAM] 摄像头捕获器已释放
[2026-07-15 10:15:13] [CAM] 摄像头未检测到，等待重连...
[2026-07-15 10:15:14] [CAM] 摄像头捕获器已释放
[2026-07-15 10:15:14] [CAM] 摄像头未检测到，等待重连...
[2026-07-15 10:15:14] [INFO] 切换运行模式: 午睡模式 场景:一楼左侧睡眠室
[2026-07-15 10:15:14] [CAM] 摄像头捕获器已释放
[2026-07-15 10:15:14] [CAM] 摄像头未检测到，等待重连...
[2026-07-15 10:15:15] [CAM] 摄像头捕获器已释放
[2026-07-15 10:15:15] [CAM] 摄像头未检测到，等待重连...
[2026-07-15 10:15:15] [CAM] 摄像头捕获器已释放
[2026-07-15 10:15:15] [CAM] 摄像头未检测到，等待重连...
[2026-07-15 10:15:16] [INFO] 切换运行模式: 公共巡查模式 场景:公共过道
[2026-07-15 10:15:16] [CAM] 摄像头捕获器已释放
[2026-07-15 10:15:16] [CAM] 摄像头未检测到，等待重连...
[2026-07-15 10:15:16] [CAM] 摄像头捕获器已释放
[2026-07-15 10:15:16] [CAM] 摄像头未检测到，等待重连...
[2026-07-15 10:15:17] [INFO] 切换运行模式: 课堂模式 场景:中四班
[2026-07-15 10:15:17] [CAM] 摄像头捕获器已释放
[2026-07-15 10:15:17] [CAM] 摄像头未检测到，等待重连...
[2026-07-15 10:15:17] [CAM] 摄像头捕获器已释放
[2026-07-15 10:15:17] [CAM] 摄像头未检测到，等待重连...
[2026-07-15 10:15:18] [CAM] 摄像头捕获器已释放
[2026-07-15 10:15:18] [CAM] 摄像头未检测到，等待重连...
[2026-07-15 10:15:18] [INFO] 切换运行模式: 午睡模式 场景:一楼左侧睡眠室
[2026-07-15 10:15:18] [CAM] 摄像头捕获器已释放
[2026-07-15 10:15:18] [CAM] 摄像头未检测到，等待重连...
[2026-07-15 10:15:19] [INFO] 切换运行模式: 公共巡查模式 场景:公共过道
[2026-07-15 10:15:19] [CAM] 摄像头捕获器已释放
[2026-07-15 10:15:19] [CAM] 摄像头未检测到，等待重连...
[2026-07-15 10:15:19] [CAM] 摄像头捕获器已释放
[2026-07-15 10:15:19] [CAM] 摄像头未检测到，等待重连...
[2026-07-15 10:15:20] [INFO] 切换运行模式: 课堂模式 场景:中四班
[2026-07-15 10:15:20] [CAM] 摄像头捕获器已释放
[2026-07-15 10:15:20] [CAM] 摄像头未检测到，等待重连...
[2026-07-15 10:15:20] [INFO] 切换运行模式: 午睡模式 场景:一楼左侧睡眠室
[2026-07-15 10:15:20] [CAM] 摄像头捕获器已释放
[2026-07-15 10:15:20] [CAM] 摄像头未检测到，等待重连...
[2026-07-15 10:15:21] [CAM] 摄像头捕获器已释放
[2026-07-15 10:15:21] [CAM] 摄像头未检测到，等待重连...
[2026-07-15 10:15:22] [CAM] 摄像头捕获器已释放
[2026-07-15 10:15:22] [CAM] 摄像头未检测到，等待重连...
[2026-07-15 10:15:22] [CAM] 摄像头捕获器已释放
[2026-07-15 10:15:22] [CAM] 摄像头未检测到，等待重连...
[2026-07-15 10:15:23] [CAM] 摄像头捕获器已释放
[2026-07-15 10:15:23] [CAM] 摄像头未检测到，等待重连...
[2026-07-15 10:15:23] [CAM] 摄像头捕获器已释放
[2026-07-15 10:15:23] [CAM] 摄像头未检测到，等待重连...
[2026-07-15 10:15:24] [CAM] 摄像头捕获器已释放
[2026-07-15 10:15:24] [CAM] 摄像头未检测到，等待重连...
[2026-07-15 10:15:24] [CAM] 摄像头捕获器已释放
[2026-07-15 10:15:24] [CAM] 摄像头未检测到，等待重连...
[2026-07-15 10:15:25] [CAM] 摄像头捕获器已释放
[2026-07-15 10:15:25] [CAM] 摄像头未检测到，等待重连...
[2026-07-15 10:15:25] [CAM] 摄像头捕获器已释放
[2026-07-15 10:15:25] [CAM] 摄像头未检测到，等待重连...
[2026-07-15 10:15:26] [CAM] 摄像头捕获器已释放
[2026-07-15 10:15:26] [CAM] 摄像头未检测到，等待重连...
[2026-07-15 10:15:26] [CAM] 摄像头捕获器已释放
[2026-07-15 10:15:26] [CAM] 摄像头未检测到，等待重连...
[2026-07-15 10:15:27] [CAM] 摄像头捕获器已释放
[2026-07-15 10:15:27] [CAM] 摄像头未检测到，等待重连...
[2026-07-15 10:15:27] [CAM] 摄像头捕获器已释放
[2026-07-15 10:15:27] [CAM] 摄像头未检测到，等待重连...
[2026-07-15 10:15:28] [CAM] 摄像头捕获器已释放
[2026-07-15 10:15:28] [CAM] 摄像头未检测到，等待重连...
[2026-07-15 10:15:28] [CAM] 摄像头捕获器已释放
[2026-07-15 10:15:28] [CAM] 摄像头未检测到，等待重连...
[2026-07-15 10:15:29] [CAM] 摄像头捕获器已释放
[2026-07-15 10:15:29] [CAM] 摄像头未检测到，等待重连...
[2026-07-15 10:15:29] [CAM] 摄像头捕获器已释放
[2026-07-15 10:15:29] [CAM] 摄像头未检测到，等待重连...
[2026-07-15 10:15:30] [CAM] 摄像头捕获器已释放
[2026-07-15 10:15:30] [CAM] 摄像头未检测到，等待重连...
[2026-07-15 10:15:30] [CAM] 摄像头捕获器已释放
[2026-07-15 10:15:30] [CAM] 摄像头未检测到，等待重连...
[2026-07-15 10:15:31] [CAM] 摄像头捕获器已释放
[2026-07-15 10:15:31] [CAM] 摄像头未检测到，等待重连...
[2026-07-15 10:15:31] [CAM] 摄像头捕获器已释放
[2026-07-15 10:15:31] [CAM] 摄像头未检测到，等待重连...
[2026-07-15 10:15:32] [CAM] 摄像头捕获器已释放
[2026-07-15 10:15:32] [CAM] 摄像头未检测到，等待重连...
[2026-07-15 10:15:32] [CAM] 摄像头捕获器已释放
[2026-07-15 10:15:32] [CAM] 摄像头未检测到，等待重连...
[2026-07-15 10:15:33] [CAM] 摄像头捕获器已释放
[2026-07-15 10:15:33] [CAM] 摄像头未检测到，等待重连...
[2026-07-15 10:15:33] [CAM] 摄像头捕获器已释放
[2026-07-15 10:15:33] [CAM] 摄像头未检测到，等待重连...
[2026-07-15 10:15:34] [CAM] 摄像头捕获器已释放
[2026-07-15 10:15:34] [CAM] 摄像头未检测到，等待重连...
[2026-07-15 10:15:34] [CAM] 摄像头捕获器已释放
[2026-07-15 10:15:34] [CAM] 摄像头未检测到，等待重连...
[2026-07-15 10:15:35] [CAM] 摄像头捕获器已释放
[2026-07-15 10:15:35] [CAM] 摄像头未检测到，等待重连...
[2026-07-15 10:15:35] [CAM] 摄像头捕获器已释放
[2026-07-15 10:15:35] [CAM] 摄像头未检测到，等待重连...
[2026-07-15 10:15:36] [CAM] 摄像头捕获器已释放
[2026-07-15 10:15:36] [CAM] 摄像头未检测到，等待重连...
[2026-07-15 10:15:36] [CAM] 摄像头捕获器已释放
[2026-07-15 10:15:36] [CAM] 摄像头未检测到，等待重连...
[2026-07-15 10:15:37] [CAM] 摄像头捕获器已释放
[2026-07-15 10:15:37] [CAM] 摄像头未检测到，等待重连...
[2026-07-15 10:15:37] [CAM] 摄像头捕获器已释放
[2026-07-15 10:15:37] [CAM] 摄像头未检测到，等待重连...
[2026-07-15 10:15:38] [CAM] 摄像头捕获器已释放
[2026-07-15 10:15:38] [CAM] 摄像头未检测到，等待重连...
[2026-07-15 10:15:38] [CAM] 摄像头捕获器已释放
[2026-07-15 10:15:38] [CAM] 摄像头未检测到，等待重连...
[2026-07-15 10:15:39] [CAM] 摄像头捕获器已释放
[2026-07-15 10:15:39] [CAM] 摄像头未检测到，等待重连...
[2026-07-15 10:15:39] [CAM] 摄像头捕获器已释放
[2026-07-15 10:15:39] [CAM] 摄像头未检测到，等待重连...
[2026-07-15 10:15:40] [CAM] 摄像头捕获器已释放
[2026-07-15 10:15:40] [CAM] 摄像头未检测到，等待重连...
[2026-07-15 10:15:40] [CAM] 摄像头捕获器已释放
[2026-07-15 10:15:40] [CAM] 摄像头未检测到，等待重连...
[2026-07-15 10:15:41] [CAM] 摄像头捕获器已释放
[2026-07-15 10:15:41] [CAM] 摄像头未检测到，等待重连...
[2026-07-15 10:15:41] [CAM] 摄像头捕获器已释放
[2026-07-15 10:15:41] [CAM] 摄像头未检测到，等待重连...
[2026-07-15 10:15:42] [CAM] 摄像头捕获器已释放
[2026-07-15 10:15:42] [CAM] 摄像头未检测到，等待重连...
[2026-07-15 10:15:42] [CAM] 摄像头捕获器已释放
[2026-07-15 10:15:42] [CAM] 摄像头未检测到，等待重连...
[2026-07-15 10:15:43] [CAM] 摄像头捕获器已释放
[2026-07-15 10:15:43] [CAM] 摄像头未检测到，等待重连...
[2026-07-15 10:15:43] [CAM] 摄像头捕获器已释放
[2026-07-15 10:15:43] [CAM] 摄像头未检测到，等待重连...
[2026-07-15 10:15:44] [CAM] 摄像头捕获器已释放
[2026-07-15 10:15:44] [CAM] 摄像头未检测到，等待重连...
[2026-07-15 10:15:44] [CAM] 摄像头捕获器已释放
[2026-07-15 10:15:44] [CAM] 摄像头未检测到，等待重连...
[2026-07-15 10:15:45] [CAM] 摄像头捕获器已释放
[2026-07-15 10:15:45] [CAM] 摄像头未检测到，等待重连...
[2026-07-15 10:15:45] [CAM] 摄像头捕获器已释放
[2026-07-15 10:15:45] [CAM] 摄像头未检测到，等待重连...
[2026-07-15 10:15:46] [CAM] 摄像头捕获器已释放
[2026-07-15 10:15:46] [CAM] 摄像头未检测到，等待重连...
[2026-07-15 10:15:46] [CAM] 摄像头捕获器已释放
[2026-07-15 10:15:46] [CAM] 摄像头未检测到，等待重连...
[2026-07-15 10:15:47] [CAM] 摄像头捕获器已释放
[2026-07-15 10:15:47] [CAM] 摄像头未检测到，等待重连...
[2026-07-15 10:15:47] [CAM] 摄像头捕获器已释放
[2026-07-15 10:15:47] [CAM] 摄像头未检测到，等待重连...
[2026-07-15 10:15:48] [CAM] 摄像头捕获器已释放
[2026-07-15 10:15:48] [CAM] 摄像头未检测到，等待重连...
[2026-07-15 10:15:48] [CAM] 摄像头捕获器已释放
[2026-07-15 10:15:48] [CAM] 摄像头未检测到，等待重连...
[2026-07-15 10:15:49] [CAM] 摄像头捕获器已释放
[2026-07-15 10:15:49] [CAM] 摄像头未检测到，等待重连...
[2026-07-15 10:15:49] [CAM] 摄像头捕获器已释放
[2026-07-15 10:15:49] [CAM] 摄像头未检测到，等待重连...
[2026-07-15 10:15:50] [CAM] 摄像头捕获器已释放
[2026-07-15 10:15:50] [CAM] 摄像头未检测到，等待重连...
[2026-07-15 10:15:50] [CAM] 摄像头捕获器已释放
[2026-07-15 10:15:50] [CAM] 摄像头未检测到，等待重连...
[2026-07-15 10:15:51] [CAM] 摄像头捕获器已释放
[2026-07-15 10:15:51] [CAM] 摄像头未检测到，等待重连...
[2026-07-15 10:15:51] [CAM] 摄像头捕获器已释放
[2026-07-15 10:15:51] [CAM] 摄像头未检测到，等待重连...
[2026-07-15 10:15:52] [CAM] 摄像头捕获器已释放
[2026-07-15 10:15:52] [CAM] 摄像头未检测到，等待重连...
[2026-07-15 10:15:52] [CAM] 摄像头捕获器已释放
[2026-07-15 10:15:52] [CAM] 摄像头未检测到，等待重连...
[2026-07-15 10:15:53] [CAM] 摄像头捕获器已释放
[2026-07-15 10:15:53] [CAM] 摄像头未检测到，等待重连...
[2026-07-15 10:15:53] [CAM] 摄像头捕获器已释放
[2026-07-15 10:15:53] [CAM] 摄像头未检测到，等待重连...
[2026-07-15 10:15:54] [CAM] 摄像头捕获器已释放
[2026-07-15 10:15:54] [CAM] 摄像头未检测到，等待重连...
[2026-07-15 10:15:54] [CAM] 摄像头捕获器已释放
[2026-07-15 10:15:54] [CAM] 摄像头未检测到，等待重连...
[2026-07-15 10:15:55] [CAM] 摄像头捕获器已释放
[2026-07-15 10:15:55] [CAM] 摄像头未检测到，等待重连...
[2026-07-15 10:15:55] [CAM] 摄像头捕获器已释放
[2026-07-15 10:15:55] [CAM] 摄像头未检测到，等待重连...
[2026-07-15 10:15:56] [CAM] 摄像头捕获器已释放
[2026-07-15 10:15:56] [CAM] 摄像头未检测到，等待重连...
[2026-07-15 10:15:56] [CAM] 摄像头捕获器已释放
[2026-07-15 10:15:56] [CAM] 摄像头未检测到，等待重连...
[2026-07-15 10:15:57] [CAM] 摄像头捕获器已释放
[2026-07-15 10:15:57] [CAM] 摄像头未检测到，等待重连...
[2026-07-15 10:15:57] [CAM] 摄像头捕获器已释放
[2026-07-15 10:15:57] [CAM] 摄像头未检测到，等待重连...
[2026-07-15 10:15:58] [CAM] 摄像头捕获器已释放
[2026-07-15 10:15:58] [CAM] 摄像头未检测到，等待重连...
[2026-07-15 10:15:58] [CAM] 摄像头捕获器已释放
[2026-07-15 10:15:58] [CAM] 摄像头未检测到，等待重连...
[2026-07-15 10:15:59] [CAM] 摄像头捕获器已释放
[2026-07-15 10:15:59] [CAM] 摄像头未检测到，等待重连...
[2026-07-15 10:15:59] [CAM] 摄像头捕获器已释放
[2026-07-15 10:15:59] [CAM] 摄像头未检测到，等待重连...
[2026-07-15 10:16:00] [CAM] 摄像头捕获器已释放
[2026-07-15 10:16:00] [CAM] 摄像头未检测到，等待重连...
[2026-07-15 10:16:00] [CAM] 摄像头捕获器已释放
[2026-07-15 10:16:00] [CAM] 摄像头未检测到，等待重连...
[2026-07-15 10:16:01] [CAM] 摄像头捕获器已释放
[2026-07-15 10:16:01] [CAM] 摄像头未检测到，等待重连...
[2026-07-15 10:16:01] [CAM] 摄像头捕获器已释放
[2026-07-15 10:16:01] [CAM] 摄像头未检测到，等待重连...
[2026-07-15 10:16:02] [CAM] 摄像头捕获器已释放
[2026-07-15 10:16:02] [CAM] 摄像头未检测到，等待重连...
[2026-07-15 10:16:02] [CAM] 摄像头捕获器已释放
[2026-07-15 10:16:02] [CAM] 摄像头未检测到，等待重连...
[2026-07-15 10:16:03] [CAM] 摄像头捕获器已释放
[2026-07-15 10:16:03] [CAM] 摄像头未检测到，等待重连...
[2026-07-15 10:16:03] [CAM] 摄像头捕获器已释放
[2026-07-15 10:16:03] [CAM] 摄像头未检测到，等待重连...
[2026-07-15 10:16:04] [CAM] 摄像头捕获器已释放
[2026-07-15 10:16:04] [CAM] 摄像头未检测到，等待重连...
[2026-07-15 10:16:04] [CAM] 摄像头捕获器已释放
[2026-07-15 10:16:04] [CAM] 摄像头未检测到，等待重连...
[2026-07-15 10:16:05] [CAM] 摄像头捕获器已释放
[2026-07-15 10:16:05] [CAM] 摄像头未检测到，等待重连...
[2026-07-15 10:16:05] [CAM] 摄像头捕获器已释放
[2026-07-15 10:16:05] [CAM] 摄像头未检测到，等待重连...
[2026-07-15 10:16:06] [CAM] 摄像头捕获器已释放
[2026-07-15 10:16:06] [CAM] 摄像头未检测到，等待重连...
[2026-07-15 10:16:06] [CAM] 摄像头捕获器已释放
[2026-07-15 10:16:06] [CAM] 摄像头未检测到，等待重连...
[2026-07-15 10:16:07] [CAM] 摄像头捕获器已释放
[2026-07-15 10:16:07] [CAM] 摄像头未检测到，等待重连...
[2026-07-15 10:16:07] [CAM] 摄像头捕获器已释放
[2026-07-15 10:16:07] [CAM] 摄像头未检测到，等待重连...
[2026-07-15 10:16:08] [CAM] 摄像头捕获器已释放
[2026-07-15 10:16:08] [CAM] 摄像头未检测到，等待重连...
[2026-07-15 10:16:08] [CAM] 摄像头捕获器已释放
[2026-07-15 10:16:08] [CAM] 摄像头未检测到，等待重连...
[2026-07-15 10:16:09] [CAM] 摄像头捕获器已释放
[2026-07-15 10:16:09] [CAM] 摄像头未检测到，等待重连...
[2026-07-15 10:16:09] [CAM] 摄像头捕获器已释放
[2026-07-15 10:16:09] [CAM] 摄像头未检测到，等待重连...
[2026-07-15 10:16:10] [CAM] 摄像头捕获器已释放
[2026-07-15 10:16:10] [CAM] 摄像头未检测到，等待重连...
[2026-07-15 10:16:10] [CAM] 摄像头捕获器已释放
[2026-07-15 10:16:10] [CAM] 摄像头未检测到，等待重连...
[2026-07-15 10:16:11] [CAM] 摄像头捕获器已释放
[2026-07-15 10:16:11] [CAM] 摄像头未检测到，等待重连...
[2026-07-15 10:16:11] [CAM] 摄像头捕获器已释放
[2026-07-15 10:16:11] [CAM] 摄像头未检测到，等待重连...
[2026-07-15 10:16:12] [CAM] 摄像头捕获器已释放
[2026-07-15 10:16:12] [CAM] 摄像头未检测到，等待重连...
[2026-07-15 10:16:12] [CAM] 摄像头捕获器已释放
[2026-07-15 10:16:12] [CAM] 摄像头未检测到，等待重连...
[2026-07-15 10:16:13] [CAM] 摄像头捕获器已释放
[2026-07-15 10:16:13] [CAM] 摄像头未检测到，等待重连...
[2026-07-15 10:16:13] [CAM] 摄像头捕获器已释放
[2026-07-15 10:16:13] [CAM] 摄像头未检测到，等待重连...
[2026-07-15 10:16:14] [CAM] 摄像头捕获器已释放
[2026-07-15 10:16:14] [CAM] 摄像头未检测到，等待重连...
[2026-07-15 10:16:14] [CAM] 摄像头捕获器已释放
[2026-07-15 10:16:14] [CAM] 摄像头未检测到，等待重连...
[2026-07-15 10:16:15] [CAM] 摄像头捕获器已释放
[2026-07-15 10:16:15] [CAM] 摄像头未检测到，等待重连...
[2026-07-15 10:16:15] [CAM] 摄像头捕获器已释放
[2026-07-15 10:16:15] [CAM] 摄像头未检测到，等待重连...
[2026-07-15 10:16:16] [CAM] 摄像头捕获器已释放
[2026-07-15 10:16:16] [CAM] 摄像头未检测到，等待重连...
[2026-07-15 10:16:16] [CAM] 摄像头捕获器已释放
[2026-07-15 10:16:16] [CAM] 摄像头未检测到，等待重连...
[2026-07-15 10:16:17] [CAM] 摄像头捕获器已释放
[2026-07-15 10:16:17] [CAM] 摄像头未检测到，等待重连...
[2026-07-15 10:16:17] [CAM] 摄像头捕获器已释放
[2026-07-15 10:16:17] [CAM] 摄像头未检测到，等待重连...
[2026-07-15 10:16:18] [CAM] 摄像头捕获器已释放
[2026-07-15 10:16:18] [CAM] 摄像头未检测到，等待重连...
[2026-07-15 10:16:18] [CAM] 摄像头捕获器已释放
[2026-07-15 10:16:18] [CAM] 摄像头未检测到，等待重连...
[2026-07-15 10:16:19] [CAM] 摄像头捕获器已释放
[2026-07-15 10:16:19] [CAM] 摄像头未检测到，等待重连...
[2026-07-15 10:16:19] [CAM] 摄像头捕获器已释放
[2026-07-15 10:16:19] [CAM] 摄像头未检测到，等待重连...
[2026-07-15 10:16:20] [CAM] 摄像头捕获器已释放
[2026-07-15 10:16:20] [CAM] 摄像头未检测到，等待重连...
[2026-07-15 10:16:20] [CAM] 摄像头捕获器已释放
[2026-07-15 10:16:20] [CAM] 摄像头未检测到，等待重连...
[2026-07-15 10:16:21] [CAM] 摄像头捕获器已释放
[2026-07-15 10:16:21] [CAM] 摄像头未检测到，等待重连...
[2026-07-15 10:16:21] [CAM] 摄像头捕获器已释放
[2026-07-15 10:16:21] [CAM] 摄像头未检测到，等待重连...
[2026-07-15 10:16:22] [CAM] 摄像头捕获器已释放
[2026-07-15 10:16:22] [CAM] 摄像头未检测到，等待重连...
[2026-07-15 10:16:22] [CAM] 摄像头捕获器已释放
[2026-07-15 10:16:22] [CAM] 摄像头未检测到，等待重连...
[2026-07-15 10:16:23] [CAM] 摄像头捕获器已释放
[2026-07-15 10:16:23] [CAM] 摄像头未检测到，等待重连...
[2026-07-15 10:16:23] [CAM] 摄像头捕获器已释放
[2026-07-15 10:16:23] [CAM] 摄像头未检测到，等待重连...
[2026-07-15 10:16:24] [CAM] 摄像头捕获器已释放
[2026-07-15 10:16:24] [CAM] 摄像头未检测到，等待重连...
[2026-07-15 10:16:24] [CAM] 摄像头捕获器已释放
[2026-07-15 10:16:24] [CAM] 摄像头未检测到，等待重连...
[2026-07-15 10:16:25] [CAM] 摄像头捕获器已释放
[2026-07-15 10:16:25] [CAM] 摄像头未检测到，等待重连...
[2026-07-15 10:16:25] [CAM] 摄像头捕获器已释放
[2026-07-15 10:16:25] [CAM] 摄像头未检测到，等待重连...
[2026-07-15 10:16:26] [CAM] 摄像头捕获器已释放
[2026-07-15 10:16:26] [CAM] 摄像头未检测到，等待重连...
[2026-07-15 10:16:26] [CAM] 摄像头捕获器已释放
[2026-07-15 10:16:26] [CAM] 摄像头未检测到，等待重连...
[2026-07-15 10:16:27] [CAM] 摄像头捕获器已释放
[2026-07-15 10:16:27] [CAM] 摄像头未检测到，等待重连...
[2026-07-15 10:16:27] [CAM] 摄像头捕获器已释放
[2026-07-15 10:16:27] [CAM] 摄像头未检测到，等待重连...
[2026-07-15 10:16:28] [CAM] 摄像头捕获器已释放
[2026-07-15 10:16:28] [CAM] 摄像头未检测到，等待重连...
[2026-07-15 10:16:28] [CAM] 摄像头捕获器已释放
[2026-07-15 10:16:28] [CAM] 摄像头未检测到，等待重连...
[2026-07-15 10:16:29] [CAM] 摄像头捕获器已释放
[2026-07-15 10:16:29] [CAM] 摄像头未检测到，等待重连...
[2026-07-15 10:16:29] [CAM] 摄像头捕获器已释放
[2026-07-15 10:16:29] [CAM] 摄像头未检测到，等待重连...
[2026-07-15 10:16:30] [CAM] 摄像头捕获器已释放
[2026-07-15 10:16:30] [CAM] 摄像头未检测到，等待重连...
[2026-07-15 10:16:30] [CAM] 摄像头捕获器已释放
[2026-07-15 10:16:30] [CAM] 摄像头未检测到，等待重连...
[2026-07-15 10:16:31] [CAM] 摄像头捕获器已释放
[2026-07-15 10:16:31] [CAM] 摄像头未检测到，等待重连...
[2026-07-15 10:16:31] [CAM] 摄像头捕获器已释放
[2026-07-15 10:16:31] [CAM] 摄像头未检测到，等待重连...
[2026-07-15 10:16:32] [CAM] 摄像头捕获器已释放
[2026-07-15 10:16:32] [CAM] 摄像头未检测到，等待重连...
[2026-07-15 10:16:32] [CAM] 摄像头捕获器已释放
[2026-07-15 10:16:32] [CAM] 摄像头未检测到，等待重连...
[2026-07-15 10:16:33] [CAM] 摄像头捕获器已释放
[2026-07-15 10:16:33] [CAM] 摄像头未检测到，等待重连...
[2026-07-15 10:16:33] [CAM] 摄像头捕获器已释放
[2026-07-15 10:16:33] [CAM] 摄像头未检测到，等待重连...
[2026-07-15 10:16:34] [CAM] 摄像头捕获器已释放
[2026-07-15 10:16:34] [CAM] 摄像头未检测到，等待重连...
[2026-07-15 10:16:34] [CAM] 摄像头捕获器已释放
[2026-07-15 10:16:34] [CAM] 摄像头未检测到，等待重连...
[2026-07-15 10:16:35] [CAM] 摄像头捕获器已释放
[2026-07-15 10:16:35] [CAM] 摄像头未检测到，等待重连...
[2026-07-15 10:16:35] [CAM] 摄像头捕获器已释放
[2026-07-15 10:16:35] [CAM] 摄像头未检测到，等待重连...
[2026-07-15 10:16:36] [CAM] 摄像头捕获器已释放
[2026-07-15 10:16:36] [CAM] 摄像头未检测到，等待重连...
[2026-07-15 10:16:36] [CAM] 摄像头捕获器已释放
[2026-07-15 10:16:36] [CAM] 摄像头未检测到，等待重连...
[2026-07-15 10:16:37] [CAM] 摄像头捕获器已释放
[2026-07-15 10:16:37] [CAM] 摄像头未检测到，等待重连...
[2026-07-15 10:16:37] [CAM] 摄像头捕获器已释放
[2026-07-15 10:16:37] [CAM] 摄像头未检测到，等待重连...
[2026-07-15 10:16:38] [CAM] 摄像头捕获器已释放
[2026-07-15 10:16:38] [CAM] 摄像头未检测到，等待重连...
[2026-07-15 10:16:38] [CAM] 摄像头捕获器已释放
[2026-07-15 10:16:38] [CAM] 摄像头未检测到，等待重连...
[2026-07-15 10:16:39] [CAM] 摄像头捕获器已释放
[2026-07-15 10:16:39] [CAM] 摄像头未检测到，等待重连...
[2026-07-15 10:16:39] [CAM] 摄像头捕获器已释放
[2026-07-15 10:16:39] [CAM] 摄像头未检测到，等待重连...
[2026-07-15 10:16:40] [CAM] 摄像头捕获器已释放
[2026-07-15 10:16:40] [CAM] 摄像头未检测到，等待重连...
[2026-07-15 10:16:40] [CAM] 摄像头捕获器已释放
[2026-07-15 10:16:40] [CAM] 摄像头未检测到，等待重连...
[2026-07-15 10:16:41] [CAM] 摄像头捕获器已释放
[2026-07-15 10:16:41] [CAM] 摄像头未检测到，等待重连...
[2026-07-15 10:16:41] [CAM] 摄像头捕获器已释放
[2026-07-15 10:16:41] [CAM] 摄像头未检测到，等待重连...
[2026-07-15 10:16:42] [CAM] 摄像头捕获器已释放
[2026-07-15 10:16:42] [CAM] 摄像头未检测到，等待重连...
[2026-07-15 10:16:42] [CAM] 摄像头捕获器已释放
[2026-07-15 10:16:42] [CAM] 摄像头未检测到，等待重连...
[2026-07-15 10:16:43] [CAM] 摄像头捕获器已释放
[2026-07-15 10:16:43] [CAM] 摄像头未检测到，等待重连...
[2026-07-15 10:16:43] [CAM] 摄像头捕获器已释放
[2026-07-15 10:16:43] [CAM] 摄像头未检测到，等待重连...
[2026-07-15 10:16:44] [CAM] 摄像头捕获器已释放
[2026-07-15 10:16:44] [CAM] 摄像头未检测到，等待重连...
[2026-07-15 10:16:44] [CAM] 摄像头捕获器已释放
[2026-07-15 10:16:44] [CAM] 摄像头未检测到，等待重连...
[2026-07-15 10:16:45] [CAM] 摄像头捕获器已释放
[2026-07-15 10:16:45] [CAM] 摄像头未检测到，等待重连...
[2026-07-15 10:16:45] [CAM] 摄像头捕获器已释放
[2026-07-15 10:16:45] [CAM] 摄像头未检测到，等待重连...
[2026-07-15 10:16:46] [CAM] 摄像头捕获器已释放
[2026-07-15 10:16:46] [CAM] 摄像头未检测到，等待重连...
[2026-07-15 10:16:46] [CAM] 摄像头捕获器已释放
[2026-07-15 10:16:46] [CAM] 摄像头未检测到，等待重连...
[2026-07-15 10:16:47] [CAM] 摄像头捕获器已释放
[2026-07-15 10:16:47] [CAM] 摄像头未检测到，等待重连...
[2026-07-15 10:16:47] [CAM] 摄像头捕获器已释放
[2026-07-15 10:16:47] [CAM] 摄像头未检测到，等待重连...
[2026-07-15 10:16:48] [CAM] 摄像头捕获器已释放
[2026-07-15 10:16:48] [CAM] 摄像头未检测到，等待重连...
[2026-07-15 10:16:48] [CAM] 摄像头捕获器已释放
[2026-07-15 10:16:48] [CAM] 摄像头未检测到，等待重连...
[2026-07-15 10:16:49] [CAM] 摄像头捕获器已释放
[2026-07-15 10:16:49] [CAM] 摄像头未检测到，等待重连...
[2026-07-15 10:16:49] [CAM] 摄像头捕获器已释放
[2026-07-15 10:16:49] [CAM] 摄像头未检测到，等待重连...
[2026-07-15 10:16:50] [CAM] 摄像头捕获器已释放
[2026-07-15 10:16:50] [CAM] 摄像头未检测到，等待重连...
[2026-07-15 10:16:50] [CAM] 摄像头捕获器已释放
[2026-07-15 10:16:50] [CAM] 摄像头未检测到，等待重连...
[2026-07-15 10:16:51] [CAM] 摄像头捕获器已释放
[2026-07-15 10:16:51] [CAM] 摄像头未检测到，等待重连...
[2026-07-15 10:16:51] [CAM] 摄像头捕获器已释放
[2026-07-15 10:16:51] [CAM] 摄像头未检测到，等待重连...
[2026-07-15 10:16:52] [CAM] 摄像头捕获器已释放
[2026-07-15 10:16:52] [CAM] 摄像头未检测到，等待重连...
[2026-07-15 10:16:52] [CAM] 摄像头捕获器已释放
[2026-07-15 10:16:52] [CAM] 摄像头未检测到，等待重连...
[2026-07-15 10:16:53] [CAM] 摄像头捕获器已释放
[2026-07-15 10:16:53] [CAM] 摄像头未检测到，等待重连...
[2026-07-15 10:16:53] [CAM] 摄像头捕获器已释放
[2026-07-15 10:16:53] [CAM] 摄像头未检测到，等待重连...
[2026-07-15 10:16:54] [CAM] 摄像头捕获器已释放
[2026-07-15 10:16:54] [CAM] 摄像头未检测到，等待重连...
[2026-07-15 10:16:54] [CAM] 摄像头捕获器已释放
[2026-07-15 10:16:54] [CAM] 摄像头未检测到，等待重连...
[2026-07-15 10:16:55] [CAM] 摄像头捕获器已释放
[2026-07-15 10:16:55] [CAM] 摄像头未检测到，等待重连...
[2026-07-15 10:16:55] [CAM] 摄像头捕获器已释放
[2026-07-15 10:16:55] [CAM] 摄像头未检测到，等待重连...
[2026-07-15 10:16:56] [CAM] 摄像头捕获器已释放
[2026-07-15 10:16:56] [CAM] 摄像头未检测到，等待重连...
[2026-07-15 10:16:56] [CAM] 摄像头捕获器已释放
[2026-07-15 10:16:56] [CAM] 摄像头未检测到，等待重连...
[2026-07-15 10:16:57] [CAM] 摄像头捕获器已释放
[2026-07-15 10:16:57] [CAM] 摄像头未检测到，等待重连...
[2026-07-15 10:16:57] [CAM] 摄像头捕获器已释放
[2026-07-15 10:16:57] [CAM] 摄像头未检测到，等待重连...
[2026-07-15 10:16:58] [CAM] 摄像头捕获器已释放
[2026-07-15 10:16:58] [CAM] 摄像头未检测到，等待重连...
[2026-07-15 10:16:58] [CAM] 摄像头捕获器已释放
[2026-07-15 10:16:58] [CAM] 摄像头未检测到，等待重连...
[2026-07-15 10:16:59] [CAM] 摄像头捕获器已释放
[2026-07-15 10:16:59] [CAM] 摄像头未检测到，等待重连...
[2026-07-15 10:16:59] [CAM] 摄像头捕获器已释放
[2026-07-15 10:16:59] [CAM] 摄像头未检测到，等待重连...
[2026-07-15 10:17:00] [CAM] 摄像头捕获器已释放
[2026-07-15 10:17:00] [CAM] 摄像头未检测到，等待重连...
[2026-07-15 10:17:00] [CAM] 摄像头捕获器已释放
[2026-07-15 10:17:00] [CAM] 摄像头未检测到，等待重连...
[2026-07-15 10:17:01] [CAM] 摄像头捕获器已释放
[2026-07-15 10:17:01] [CAM] 摄像头未检测到，等待重连...
[2026-07-15 10:17:01] [CAM] 摄像头捕获器已释放
[2026-07-15 10:17:01] [CAM] 摄像头未检测到，等待重连...
[2026-07-15 10:17:02] [CAM] 摄像头捕获器已释放
[2026-07-15 10:17:02] [CAM] 摄像头未检测到，等待重连...
[2026-07-15 10:17:02] [CAM] 摄像头捕获器已释放
[2026-07-15 10:17:02] [CAM] 摄像头未检测到，等待重连...
[2026-07-15 10:17:03] [CAM] 摄像头捕获器已释放
[2026-07-15 10:17:03] [CAM] 摄像头未检测到，等待重连...
[2026-07-15 10:17:03] [CAM] 摄像头捕获器已释放
[2026-07-15 10:17:03] [CAM] 摄像头未检测到，等待重连...
[2026-07-15 10:17:04] [CAM] 摄像头捕获器已释放
[2026-07-15 10:17:04] [CAM] 摄像头未检测到，等待重连...
[2026-07-15 10:17:04] [CAM] 摄像头捕获器已释放
[2026-07-15 10:17:04] [CAM] 摄像头未检测到，等待重连...
[2026-07-15 10:17:05] [CAM] 摄像头捕获器已释放
[2026-07-15 10:17:05] [CAM] 摄像头未检测到，等待重连...
[2026-07-15 10:17:05] [CAM] 摄像头捕获器已释放
[2026-07-15 10:17:05] [CAM] 摄像头未检测到，等待重连...
[2026-07-15 10:17:06] [CAM] 摄像头捕获器已释放
[2026-07-15 10:17:06] [CAM] 摄像头未检测到，等待重连...
[2026-07-15 10:17:06] [CAM] 摄像头捕获器已释放
[2026-07-15 10:17:06] [CAM] 摄像头未检测到，等待重连...
[2026-07-15 10:17:07] [CAM] 摄像头捕获器已释放
[2026-07-15 10:17:07] [CAM] 摄像头未检测到，等待重连...
[2026-07-15 10:17:07] [CAM] 摄像头捕获器已释放
[2026-07-15 10:17:07] [CAM] 摄像头未检测到，等待重连...
[2026-07-15 10:17:08] [CAM] 摄像头捕获器已释放
[2026-07-15 10:17:08] [CAM] 摄像头未检测到，等待重连...
[2026-07-15 10:17:08] [CAM] 摄像头捕获器已释放
[2026-07-15 10:17:08] [CAM] 摄像头未检测到，等待重连...
[2026-07-15 10:17:09] [CAM] 摄像头捕获器已释放
[2026-07-15 10:17:09] [CAM] 摄像头未检测到，等待重连...
[2026-07-15 10:17:09] [CAM] 摄像头捕获器已释放
[2026-07-15 10:17:09] [CAM] 摄像头未检测到，等待重连...
[2026-07-15 10:17:10] [CAM] 摄像头捕获器已释放
[2026-07-15 10:17:10] [CAM] 摄像头未检测到，等待重连...
[2026-07-15 10:17:10] [CAM] 摄像头捕获器已释放
[2026-07-15 10:17:10] [CAM] 摄像头未检测到，等待重连...
[2026-07-15 10:17:11] [CAM] 摄像头捕获器已释放
[2026-07-15 10:17:11] [CAM] 摄像头未检测到，等待重连...
[2026-07-15 10:17:11] [CAM] 摄像头捕获器已释放
[2026-07-15 10:17:11] [CAM] 摄像头未检测到，等待重连...
[2026-07-15 10:17:12] [CAM] 摄像头捕获器已释放
[2026-07-15 10:17:12] [CAM] 摄像头未检测到，等待重连...
[2026-07-15 10:17:12] [CAM] 摄像头捕获器已释放
[2026-07-15 10:17:12] [CAM] 摄像头未检测到，等待重连...
[2026-07-15 10:17:13] [CAM] 摄像头捕获器已释放
[2026-07-15 10:17:13] [CAM] 摄像头未检测到，等待重连...
[2026-07-15 10:17:13] [CAM] 摄像头捕获器已释放
[2026-07-15 10:17:13] [CAM] 摄像头未检测到，等待重连...
[2026-07-15 10:17:14] [CAM] 摄像头捕获器已释放
[2026-07-15 10:17:14] [CAM] 摄像头未检测到，等待重连...
[2026-07-15 10:17:14] [CAM] 摄像头捕获器已释放
[2026-07-15 10:17:14] [CAM] 摄像头未检测到，等待重连...
[2026-07-15 10:17:15] [CAM] 摄像头捕获器已释放
[2026-07-15 10:17:15] [CAM] 摄像头未检测到，等待重连...
[2026-07-15 10:17:15] [CAM] 摄像头捕获器已释放
[2026-07-15 10:17:15] [CAM] 摄像头未检测到，等待重连...
[2026-07-15 10:17:16] [CAM] 摄像头捕获器已释放
[2026-07-15 10:17:16] [CAM] 摄像头未检测到，等待重连...
[2026-07-15 10:17:16] [CAM] 摄像头捕获器已释放
[2026-07-15 10:17:16] [CAM] 摄像头未检测到，等待重连...
[2026-07-15 10:17:17] [CAM] 摄像头捕获器已释放
[2026-07-15 10:17:17] [CAM] 摄像头未检测到，等待重连...
[2026-07-15 10:17:17] [CAM] 摄像头捕获器已释放
[2026-07-15 10:17:17] [CAM] 摄像头未检测到，等待重连...
[2026-07-15 10:17:18] [CAM] 摄像头捕获器已释放
[2026-07-15 10:17:18] [CAM] 摄像头未检测到，等待重连...
[2026-07-15 10:17:18] [CAM] 摄像头捕获器已释放
[2026-07-15 10:17:18] [CAM] 摄像头未检测到，等待重连...
[2026-07-15 10:17:19] [CAM] 摄像头捕获器已释放
[2026-07-15 10:17:19] [CAM] 摄像头未检测到，等待重连...
[2026-07-15 10:17:19] [CAM] 摄像头捕获器已释放
[2026-07-15 10:17:19] [CAM] 摄像头未检测到，等待重连...
[2026-07-15 10:17:20] [CAM] 摄像头捕获器已释放
[2026-07-15 10:17:20] [CAM] 摄像头未检测到，等待重连...
[2026-07-15 10:17:20] [CAM] 摄像头捕获器已释放
[2026-07-15 10:17:20] [CAM] 摄像头未检测到，等待重连...
[2026-07-15 10:17:21] [CAM] 摄像头捕获器已释放
[2026-07-15 10:17:21] [CAM] 摄像头未检测到，等待重连...
[2026-07-15 10:17:21] [CAM] 摄像头捕获器已释放
[2026-07-15 10:17:21] [CAM] 摄像头未检测到，等待重连...
[2026-07-15 10:17:22] [CAM] 摄像头捕获器已释放
[2026-07-15 10:17:22] [CAM] 摄像头未检测到，等待重连...
[2026-07-15 10:17:22] [CAM] 摄像头捕获器已释放
[2026-07-15 10:17:22] [CAM] 摄像头未检测到，等待重连...
[2026-07-15 10:17:23] [CAM] 摄像头捕获器已释放
[2026-07-15 10:17:23] [CAM] 摄像头未检测到，等待重连...
[2026-07-15 10:17:23] [CAM] 摄像头捕获器已释放
[2026-07-15 10:17:23] [CAM] 摄像头未检测到，等待重连...
[2026-07-15 10:17:24] [CAM] 摄像头捕获器已释放
[2026-07-15 10:17:24] [CAM] 摄像头未检测到，等待重连...
[2026-07-15 10:17:24] [CAM] 摄像头捕获器已释放
[2026-07-15 10:17:24] [CAM] 摄像头未检测到，等待重连...
[2026-07-15 10:17:25] [CAM] 摄像头捕获器已释放
[2026-07-15 10:17:25] [CAM] 摄像头未检测到，等待重连...
[2026-07-15 10:17:25] [CAM] 摄像头捕获器已释放
[2026-07-15 10:17:25] [CAM] 摄像头未检测到，等待重连...
[2026-07-15 10:17:26] [CAM] 摄像头捕获器已释放
[2026-07-15 10:17:26] [CAM] 摄像头未检测到，等待重连...
[2026-07-15 10:17:26] [CAM] 摄像头捕获器已释放
[2026-07-15 10:17:26] [CAM] 摄像头未检测到，等待重连...
[2026-07-15 10:17:27] [CAM] 摄像头捕获器已释放
[2026-07-15 10:17:27] [CAM] 摄像头未检测到，等待重连...
[2026-07-15 10:17:27] [CAM] 摄像头捕获器已释放
[2026-07-15 10:17:27] [CAM] 摄像头未检测到，等待重连...
[2026-07-15 10:17:28] [CAM] 摄像头捕获器已释放
[2026-07-15 10:17:28] [CAM] 摄像头未检测到，等待重连...
[2026-07-15 10:17:28] [CAM] 摄像头捕获器已释放
[2026-07-15 10:17:28] [CAM] 摄像头未检测到，等待重连...
[2026-07-15 10:17:29] [CAM] 摄像头捕获器已释放
[2026-07-15 10:17:29] [CAM] 摄像头未检测到，等待重连...
[2026-07-15 10:17:29] [CAM] 摄像头捕获器已释放
[2026-07-15 10:17:29] [CAM] 摄像头未检测到，等待重连...
[2026-07-15 10:17:30] [CAM] 摄像头捕获器已释放
[2026-07-15 10:17:30] [CAM] 摄像头未检测到，等待重连...
[2026-07-15 10:17:30] [CAM] 摄像头捕获器已释放
[2026-07-15 10:17:30] [CAM] 摄像头未检测到，等待重连...
[2026-07-15 10:17:31] [CAM] 摄像头捕获器已释放
[2026-07-15 10:17:31] [CAM] 摄像头未检测到，等待重连...
[2026-07-15 10:17:31] [CAM] 摄像头捕获器已释放
[2026-07-15 10:17:31] [CAM] 摄像头未检测到，等待重连...
[2026-07-15 10:17:32] [CAM] 摄像头捕获器已释放
[2026-07-15 10:17:32] [CAM] 摄像头未检测到，等待重连...
[2026-07-15 10:17:32] [CAM] 摄像头捕获器已释放
[2026-07-15 10:17:32] [CAM] 摄像头未检测到，等待重连...
[2026-07-15 10:17:33] [CAM] 摄像头捕获器已释放
[2026-07-15 10:17:33] [CAM] 摄像头未检测到，等待重连...
[2026-07-15 10:17:33] [CAM] 摄像头捕获器已释放
[2026-07-15 10:17:33] [CAM] 摄像头未检测到，等待重连...
[2026-07-15 10:17:34] [CAM] 摄像头捕获器已释放
[2026-07-15 10:17:34] [CAM] 摄像头未检测到，等待重连...
[2026-07-15 10:17:34] [CAM] 摄像头捕获器已释放
[2026-07-15 10:17:34] [CAM] 摄像头未检测到，等待重连...
[2026-07-15 10:17:35] [CAM] 摄像头捕获器已释放
[2026-07-15 10:17:35] [CAM] 摄像头未检测到，等待重连...
[2026-07-15 10:17:35] [CAM] 摄像头捕获器已释放
[2026-07-15 10:17:35] [CAM] 摄像头未检测到，等待重连...
[2026-07-15 10:17:36] [CAM] 摄像头捕获器已释放
[2026-07-15 10:17:36] [CAM] 摄像头未检测到，等待重连...
[2026-07-15 10:17:36] [CAM] 摄像头捕获器已释放
[2026-07-15 10:17:36] [CAM] 摄像头未检测到，等待重连...
[2026-07-15 10:17:37] [CAM] 摄像头捕获器已释放
[2026-07-15 10:17:37] [CAM] 摄像头未检测到，等待重连...
[2026-07-15 10:17:37] [CAM] 摄像头捕获器已释放
[2026-07-15 10:17:37] [CAM] 摄像头未检测到，等待重连...
[2026-07-15 10:17:38] [CAM] 摄像头捕获器已释放
[2026-07-15 10:17:38] [CAM] 摄像头未检测到，等待重连...
[2026-07-15 10:17:38] [CAM] 摄像头捕获器已释放
[2026-07-15 10:17:38] [CAM] 摄像头未检测到，等待重连...
[2026-07-15 10:17:39] [CAM] 摄像头捕获器已释放
[2026-07-15 10:17:39] [CAM] 摄像头未检测到，等待重连...
[2026-07-15 10:17:39] [CAM] 摄像头捕获器已释放
[2026-07-15 10:17:39] [CAM] 摄像头未检测到，等待重连...
[2026-07-15 10:17:40] [CAM] 摄像头捕获器已释放
[2026-07-15 10:17:40] [CAM] 摄像头未检测到，等待重连...
[2026-07-15 10:17:40] [CAM] 摄像头捕获器已释放
[2026-07-15 10:17:40] [CAM] 摄像头未检测到，等待重连...
[2026-07-15 10:17:41] [CAM] 摄像头捕获器已释放
[2026-07-15 10:17:41] [CAM] 摄像头未检测到，等待重连...
[2026-07-15 10:17:41] [CAM] 摄像头捕获器已释放
[2026-07-15 10:17:41] [CAM] 摄像头未检测到，等待重连...
[2026-07-15 10:17:42] [CAM] 摄像头捕获器已释放
[2026-07-15 10:17:42] [CAM] 摄像头未检测到，等待重连...
[2026-07-15 10:17:42] [CAM] 摄像头捕获器已释放
[2026-07-15 10:17:42] [CAM] 摄像头未检测到，等待重连...
[2026-07-15 10:17:43] [CAM] 摄像头捕获器已释放
[2026-07-15 10:17:43] [CAM] 摄像头未检测到，等待重连...
[2026-07-15 10:17:43] [CAM] 摄像头捕获器已释放
[2026-07-15 10:17:43] [CAM] 摄像头未检测到，等待重连...
[2026-07-15 10:17:44] [CAM] 摄像头捕获器已释放
[2026-07-15 10:17:44] [CAM] 摄像头未检测到，等待重连...
[2026-07-15 10:17:44] [CAM] 摄像头捕获器已释放
[2026-07-15 10:17:44] [CAM] 摄像头未检测到，等待重连...
[2026-07-15 10:17:45] [CAM] 摄像头捕获器已释放
[2026-07-15 10:17:45] [CAM] 摄像头未检测到，等待重连...
[2026-07-15 10:17:45] [CAM] 摄像头捕获器已释放
[2026-07-15 10:17:45] [CAM] 摄像头未检测到，等待重连...
[2026-07-15 10:17:46] [CAM] 摄像头捕获器已释放
[2026-07-15 10:17:46] [CAM] 摄像头未检测到，等待重连...
[2026-07-15 10:17:46] [CAM] 摄像头捕获器已释放
[2026-07-15 10:17:46] [CAM] 摄像头未检测到，等待重连...
[2026-07-15 10:17:47] [CAM] 摄像头捕获器已释放
[2026-07-15 10:17:47] [CAM] 摄像头未检测到，等待重连...
[2026-07-15 10:17:47] [CAM] 摄像头捕获器已释放
[2026-07-15 10:17:47] [CAM] 摄像头未检测到，等待重连...
[2026-07-15 10:17:48] [CAM] 摄像头捕获器已释放
[2026-07-15 10:17:48] [CAM] 摄像头未检测到，等待重连...
[2026-07-15 10:17:48] [CAM] 摄像头捕获器已释放
[2026-07-15 10:17:48] [CAM] 摄像头未检测到，等待重连...
[2026-07-15 10:17:49] [CAM] 摄像头捕获器已释放
[2026-07-15 10:17:49] [CAM] 摄像头未检测到，等待重连...
[2026-07-15 10:17:49] [CAM] 摄像头捕获器已释放
[2026-07-15 10:17:49] [CAM] 摄像头未检测到，等待重连...
[2026-07-15 10:17:50] [CAM] 摄像头捕获器已释放
[2026-07-15 10:17:50] [CAM] 摄像头未检测到，等待重连...
[2026-07-15 10:17:50] [CAM] 摄像头捕获器已释放
[2026-07-15 10:17:50] [CAM] 摄像头未检测到，等待重连...
[2026-07-15 10:17:51] [CAM] 摄像头捕获器已释放
[2026-07-15 10:17:51] [CAM] 摄像头未检测到，等待重连...
[2026-07-15 10:17:51] [CAM] 摄像头捕获器已释放
[2026-07-15 10:17:51] [CAM] 摄像头未检测到，等待重连...
[2026-07-15 10:17:52] [CAM] 摄像头捕获器已释放
[2026-07-15 10:17:52] [CAM] 摄像头未检测到，等待重连...
[2026-07-15 10:17:52] [CAM] 摄像头捕获器已释放
[2026-07-15 10:17:52] [CAM] 摄像头未检测到，等待重连...
[2026-07-15 10:17:53] [CAM] 摄像头捕获器已释放
[2026-07-15 10:17:53] [CAM] 摄像头未检测到，等待重连...
[2026-07-15 10:17:53] [CAM] 摄像头捕获器已释放
[2026-07-15 10:17:53] [CAM] 摄像头未检测到，等待重连...
[2026-07-15 10:17:54] [CAM] 摄像头捕获器已释放
[2026-07-15 10:17:54] [CAM] 摄像头未检测到，等待重连...
[2026-07-15 10:17:54] [CAM] 摄像头捕获器已释放
[2026-07-15 10:17:54] [CAM] 摄像头未检测到，等待重连...
[2026-07-15 10:17:55] [CAM] 摄像头捕获器已释放
[2026-07-15 10:17:55] [CAM] 摄像头未检测到，等待重连...
[2026-07-15 10:17:55] [CAM] 摄像头捕获器已释放
[2026-07-15 10:17:55] [CAM] 摄像头未检测到，等待重连...
[2026-07-15 10:17:56] [CAM] 摄像头捕获器已释放
[2026-07-15 10:17:56] [CAM] 摄像头未检测到，等待重连...
[2026-07-15 10:17:56] [CAM] 摄像头捕获器已释放
[2026-07-15 10:17:56] [CAM] 摄像头未检测到，等待重连...
[2026-07-15 10:17:57] [CAM] 摄像头捕获器已释放
[2026-07-15 10:17:57] [CAM] 摄像头未检测到，等待重连...
[2026-07-15 10:17:57] [CAM] 摄像头捕获器已释放
[2026-07-15 10:17:57] [CAM] 摄像头未检测到，等待重连...
[2026-07-15 10:17:58] [CAM] 摄像头捕获器已释放
[2026-07-15 10:17:58] [CAM] 摄像头未检测到，等待重连...
[2026-07-15 10:17:58] [CAM] 摄像头捕获器已释放
[2026-07-15 10:17:58] [CAM] 摄像头未检测到，等待重连...
[2026-07-15 10:17:59] [CAM] 摄像头捕获器已释放
[2026-07-15 10:17:59] [CAM] 摄像头未检测到，等待重连...
[2026-07-15 10:17:59] [CAM] 摄像头捕获器已释放
[2026-07-15 10:17:59] [CAM] 摄像头未检测到，等待重连...
[2026-07-15 10:18:00] [CAM] 摄像头捕获器已释放
[2026-07-15 10:18:00] [CAM] 摄像头未检测到，等待重连...
[2026-07-15 10:18:00] [CAM] 摄像头捕获器已释放
[2026-07-15 10:18:00] [CAM] 摄像头未检测到，等待重连...
[2026-07-15 10:18:01] [CAM] 摄像头捕获器已释放
[2026-07-15 10:18:01] [CAM] 摄像头未检测到，等待重连...
[2026-07-15 10:18:01] [CAM] 摄像头捕获器已释放
[2026-07-15 10:18:01] [CAM] 摄像头未检测到，等待重连...
[2026-07-15 10:18:02] [CAM] 摄像头捕获器已释放
[2026-07-15 10:18:02] [CAM] 摄像头未检测到，等待重连...
[2026-07-15 10:18:02] [CAM] 摄像头捕获器已释放
[2026-07-15 10:18:02] [CAM] 摄像头未检测到，等待重连...
[2026-07-15 10:18:03] [CAM] 摄像头捕获器已释放
[2026-07-15 10:18:03] [CAM] 摄像头未检测到，等待重连...
[2026-07-15 10:18:03] [CAM] 摄像头捕获器已释放
[2026-07-15 10:18:03] [CAM] 摄像头未检测到，等待重连...
[2026-07-15 10:18:04] [CAM] 摄像头捕获器已释放
[2026-07-15 10:18:04] [CAM] 摄像头未检测到，等待重连...
[2026-07-15 10:18:04] [CAM] 摄像头捕获器已释放
[2026-07-15 10:18:04] [CAM] 摄像头未检测到，等待重连...
[2026-07-15 10:18:05] [CAM] 摄像头捕获器已释放
[2026-07-15 10:18:05] [CAM] 摄像头未检测到，等待重连...
[2026-07-15 10:18:05] [CAM] 摄像头捕获器已释放
[2026-07-15 10:18:05] [CAM] 摄像头未检测到，等待重连...
[2026-07-15 10:18:06] [CAM] 摄像头捕获器已释放
[2026-07-15 10:18:06] [CAM] 摄像头未检测到，等待重连...
[2026-07-15 10:18:06] [CAM] 摄像头捕获器已释放
[2026-07-15 10:18:06] [CAM] 摄像头未检测到，等待重连...
[2026-07-15 10:18:07] [CAM] 摄像头捕获器已释放
[2026-07-15 10:18:07] [CAM] 摄像头未检测到，等待重连...
[2026-07-15 10:18:07] [CAM] 摄像头捕获器已释放
[2026-07-15 10:18:07] [CAM] 摄像头未检测到，等待重连...
[2026-07-15 10:18:08] [CAM] 摄像头捕获器已释放
[2026-07-15 10:18:08] [CAM] 摄像头未检测到，等待重连...
[2026-07-15 10:18:08] [CAM] 摄像头捕获器已释放
[2026-07-15 10:18:08] [CAM] 摄像头未检测到，等待重连...
[2026-07-15 10:18:09] [CAM] 摄像头捕获器已释放
[2026-07-15 10:18:09] [CAM] 摄像头未检测到，等待重连...
[2026-07-15 10:18:09] [CAM] 摄像头捕获器已释放
[2026-07-15 10:18:09] [CAM] 摄像头未检测到，等待重连...
[2026-07-15 10:18:10] [CAM] 摄像头捕获器已释放
[2026-07-15 10:18:10] [CAM] 摄像头未检测到，等待重连...
[2026-07-15 10:18:10] [CAM] 摄像头捕获器已释放
[2026-07-15 10:18:10] [CAM] 摄像头未检测到，等待重连...
[2026-07-15 10:18:11] [CAM] 摄像头捕获器已释放
[2026-07-15 10:18:11] [CAM] 摄像头未检测到，等待重连...
[2026-07-15 10:18:11] [CAM] 摄像头捕获器已释放
[2026-07-15 10:18:11] [CAM] 摄像头未检测到，等待重连...
[2026-07-15 10:18:12] [CAM] 摄像头捕获器已释放
[2026-07-15 10:18:12] [CAM] 摄像头未检测到，等待重连...
[2026-07-15 10:18:12] [CAM] 摄像头捕获器已释放
[2026-07-15 10:18:12] [CAM] 摄像头未检测到，等待重连...
[2026-07-15 10:18:13] [CAM] 摄像头捕获器已释放
[2026-07-15 10:18:13] [CAM] 摄像头未检测到，等待重连...
[2026-07-15 10:18:13] [INFO] 程序收到关闭信号，开始安全退出流程
[2026-07-15 10:18:13] [CAM] 摄像头捕获器已释放
[2026-07-15 10:18:13] [CAM] 摄像头未检测到，等待重连...
[2026-07-15 10:18:14] [CAM] 摄像头捕获器已释放
[2026-07-15 10:18:14] [CAM] 摄像头未检测到，等待重连...
[2026-07-15 10:18:14] [SENSOR] RS485采集线程已停止
[2026-07-15 10:18:14] [CAM] 摄像头捕获器已释放
[2026-07-15 10:18:14] [INFO] 摄像头采集线程正常退出
[2026-07-15 10:18:14] [INFO] 程序正常退出
[2026-07-15 10:18:15] [INFO] 程序结束，退出码:0
[2026-07-15 10:18:56] [INFO] ========== 幼儿园AI安全卫士程序启动 ==========
[2026-07-15 10:18:56] [INFO] 主程序窗口初始化完成
[2026-07-15 10:18:56] [SENSOR] RS485传感器采集线程已启动，串口：/dev/ttyUSB0
[2026-07-15 10:18:56] [INFO] AI环境模拟线程启动
[2026-07-15 10:18:56] [INFO] 摄像头采集线程启动
[2026-07-15 10:18:56] [CAM] 摄像头未检测到，等待重连...
[2026-07-15 10:18:56] [SENSOR] 开机未检测到温湿度传感器，延时播报
[2026-07-15 10:18:58] [MIC] 检测到USB麦克风设备
[2026-07-15 10:18:58] [CAM] 摄像头捕获器已释放
[2026-07-15 10:18:58] [CAM] 摄像头未检测到，等待重连...
[2026-07-15 10:18:59] [CAM] 摄像头捕获器已释放
[2026-07-15 10:18:59] [CAM] 摄像头未检测到，等待重连...
[2026-07-15 10:18:59] [CAM] 摄像头捕获器已释放
[2026-07-15 10:18:59] [CAM] 摄像头未检测到，等待重连...
[2026-07-15 10:19:00] [CAM] 摄像头捕获器已释放
[2026-07-15 10:19:00] [CAM] 摄像头未检测到，等待重连...
[2026-07-15 10:19:00] [CAM] 摄像头捕获器已释放
[2026-07-15 10:19:00] [CAM] 摄像头未检测到，等待重连...
[2026-07-15 10:19:01] [CAM] 摄像头捕获器已释放
[2026-07-15 10:19:01] [CAM] 摄像头未检测到，等待重连...
[2026-07-15 10:19:01] [CAM] 摄像头捕获器已释放
[2026-07-15 10:19:01] [CAM] 摄像头未检测到，等待重连...
[2026-07-15 10:19:02] [CAM] 摄像头捕获器已释放
[2026-07-15 10:19:02] [CAM] 摄像头未检测到，等待重连...
[2026-07-15 10:19:02] [NET] 开机检测无网络，语音提醒
[2026-07-15 10:19:02] [CAM] 摄像头捕获器已释放
[2026-07-15 10:19:02] [CAM] 摄像头未检测到，等待重连...
[2026-07-15 10:19:03] [CAM] 摄像头捕获器已释放
[2026-07-15 10:19:03] [CAM] 摄像头未检测到，等待重连...
[2026-07-15 10:19:03] [CAM] 摄像头捕获器已释放
[2026-07-15 10:19:03] [CAM] 摄像头未检测到，等待重连...
[2026-07-15 10:19:04] [CAM] 摄像头捕获器已释放
[2026-07-15 10:19:04] [CAM] 摄像头未检测到，等待重连...
[2026-07-15 10:19:04] [CAM] 摄像头捕获器已释放
[2026-07-15 10:19:04] [CAM] 摄像头未检测到，等待重连...
[2026-07-15 10:19:05] [CAM] 摄像头捕获器已释放
[2026-07-15 10:19:05] [CAM] 摄像头未检测到，等待重连...
[2026-07-15 10:19:05] [CAM] 摄像头捕获器已释放
[2026-07-15 10:19:05] [CAM] 摄像头未检测到，等待重连...
[2026-07-15 10:19:06] [CAM] 摄像头捕获器已释放
[2026-07-15 10:19:06] [CAM] 摄像头未检测到，等待重连...
[2026-07-15 10:19:06] [CAM] 摄像头捕获器已释放
[2026-07-15 10:19:06] [CAM] 摄像头未检测到，等待重连...
[2026-07-15 10:19:07] [CAM] 摄像头捕获器已释放
[2026-07-15 10:19:07] [CAM] 摄像头未检测到，等待重连...
[2026-07-15 10:19:07] [CAM] 摄像头捕获器已释放
[2026-07-15 10:19:07] [CAM] 摄像头未检测到，等待重连...
[2026-07-15 10:19:08] [CAM] 摄像头捕获器已释放
[2026-07-15 10:19:08] [CAM] 摄像头未检测到，等待重连...
[2026-07-15 10:19:08] [CAM] 摄像头捕获器已释放
[2026-07-15 10:19:08] [CAM] 摄像头未检测到，等待重连...
[2026-07-15 10:19:09] [CAM] 摄像头捕获器已释放
[2026-07-15 10:19:09] [CAM] 摄像头未检测到，等待重连...
[2026-07-15 10:19:09] [CAM] 摄像头捕获器已释放
[2026-07-15 10:19:09] [CAM] 摄像头未检测到，等待重连...
[2026-07-15 10:19:10] [CAM] 摄像头捕获器已释放
[2026-07-15 10:19:10] [CAM] 摄像头未检测到，等待重连...
[2026-07-15 10:19:10] [CAM] 摄像头捕获器已释放
[2026-07-15 10:19:10] [CAM] 摄像头未检测到，等待重连...
[2026-07-15 10:19:11] [CAM] 摄像头捕获器已释放
[2026-07-15 10:19:11] [CAM] 摄像头未检测到，等待重连...
[2026-07-15 10:19:11] [CAM] 摄像头捕获器已释放
[2026-07-15 10:19:12] [CAM] 摄像头未检测到，等待重连...
[2026-07-15 10:19:12] [CAM] 摄像头捕获器已释放
[2026-07-15 10:19:12] [CAM] 摄像头未检测到，等待重连...
[2026-07-15 10:19:13] [CAM] 摄像头捕获器已释放
[2026-07-15 10:19:13] [CAM] 摄像头未检测到，等待重连...
[2026-07-15 10:19:13] [CAM] 摄像头捕获器已释放
[2026-07-15 10:19:13] [CAM] 摄像头未检测到，等待重连...
[2026-07-15 10:19:14] [CAM] 摄像头捕获器已释放
[2026-07-15 10:19:14] [CAM] 摄像头未检测到，等待重连...
[2026-07-15 10:19:14] [CAM] 摄像头捕获器已释放
[2026-07-15 10:19:14] [CAM] 摄像头未检测到，等待重连...
[2026-07-15 10:19:15] [CAM] 摄像头捕获器已释放
[2026-07-15 10:19:15] [CAM] 摄像头未检测到，等待重连...
[2026-07-15 10:19:15] [CAM] 摄像头捕获器已释放
[2026-07-15 10:19:15] [CAM] 摄像头未检测到，等待重连...
[2026-07-15 10:19:16] [CAM] 摄像头捕获器已释放
[2026-07-15 10:19:16] [CAM] 摄像头未检测到，等待重连...
[2026-07-15 10:19:16] [CAM] 摄像头捕获器已释放
[2026-07-15 10:19:16] [CAM] 摄像头未检测到，等待重连...
[2026-07-15 10:19:17] [CAM] 摄像头捕获器已释放
[2026-07-15 10:19:17] [CAM] 摄像头未检测到，等待重连...
[2026-07-15 10:19:17] [CAM] 摄像头捕获器已释放
[2026-07-15 10:19:17] [CAM] 摄像头未检测到，等待重连...
[2026-07-15 10:19:18] [CAM] 摄像头捕获器已释放
[2026-07-15 10:19:18] [CAM] 摄像头未检测到，等待重连...
[2026-07-15 10:19:18] [CAM] 摄像头捕获器已释放
[2026-07-15 10:19:18] [CAM] 摄像头未检测到，等待重连...
[2026-07-15 10:19:19] [CAM] 摄像头捕获器已释放
[2026-07-15 10:19:19] [CAM] 摄像头未检测到，等待重连...
[2026-07-15 10:19:19] [CAM] 摄像头捕获器已释放
[2026-07-15 10:19:19] [CAM] 摄像头未检测到，等待重连...
[2026-07-15 10:19:20] [CAM] 摄像头捕获器已释放
[2026-07-15 10:19:20] [CAM] 摄像头未检测到，等待重连...
[2026-07-15 10:19:20] [CAM] 摄像头捕获器已释放
[2026-07-15 10:19:20] [CAM] 摄像头未检测到，等待重连...
[2026-07-15 10:19:21] [CAM] 摄像头捕获器已释放
[2026-07-15 10:19:21] [CAM] 摄像头未检测到，等待重连...
[2026-07-15 10:19:21] [CAM] 摄像头捕获器已释放
[2026-07-15 10:19:21] [CAM] 摄像头未检测到，等待重连...
[2026-07-15 10:19:22] [CAM] 摄像头捕获器已释放
[2026-07-15 10:19:22] [CAM] 摄像头未检测到，等待重连...
[2026-07-15 10:19:22] [CAM] 摄像头捕获器已释放
[2026-07-15 10:19:22] [CAM] 摄像头未检测到，等待重连...
[2026-07-15 10:19:23] [CAM] 摄像头捕获器已释放
[2026-07-15 10:19:23] [CAM] 摄像头未检测到，等待重连...
[2026-07-15 10:19:23] [CAM] 摄像头捕获器已释放
[2026-07-15 10:19:23] [CAM] 摄像头未检测到，等待重连...
[2026-07-15 10:19:24] [CAM] 摄像头捕获器已释放
[2026-07-15 10:19:24] [CAM] 摄像头未检测到，等待重连...
[2026-07-15 10:19:24] [CAM] 摄像头捕获器已释放
[2026-07-15 10:19:24] [CAM] 摄像头未检测到，等待重连...
[2026-07-15 10:19:25] [CAM] 摄像头捕获器已释放
[2026-07-15 10:19:25] [CAM] 摄像头未检测到，等待重连...
[2026-07-15 10:19:25] [CAM] 摄像头捕获器已释放
[2026-07-15 10:19:25] [CAM] 摄像头未检测到，等待重连...
[2026-07-15 10:19:26] [CAM] 摄像头捕获器已释放
[2026-07-15 10:19:26] [CAM] 摄像头未检测到，等待重连...
[2026-07-15 10:19:26] [CAM] 摄像头捕获器已释放
[2026-07-15 10:19:26] [CAM] 摄像头未检测到，等待重连...
[2026-07-15 10:19:27] [CAM] 摄像头捕获器已释放
[2026-07-15 10:19:27] [CAM] 摄像头未检测到，等待重连...
[2026-07-15 10:19:27] [CAM] 摄像头捕获器已释放
[2026-07-15 10:19:27] [CAM] 摄像头未检测到，等待重连...
[2026-07-15 10:19:28] [CAM] 摄像头捕获器已释放
[2026-07-15 10:19:28] [CAM] 摄像头未检测到，等待重连...
[2026-07-15 10:19:28] [CAM] 摄像头捕获器已释放
[2026-07-15 10:19:28] [CAM] 摄像头未检测到，等待重连...
[2026-07-15 10:19:29] [CAM] 摄像头捕获器已释放
[2026-07-15 10:19:29] [CAM] 摄像头未检测到，等待重连...
[2026-07-15 10:19:29] [CAM] 摄像头捕获器已释放
[2026-07-15 10:19:29] [CAM] 摄像头未检测到，等待重连...
[2026-07-15 10:19:30] [CAM] 摄像头捕获器已释放
[2026-07-15 10:19:30] [CAM] 摄像头未检测到，等待重连...
[2026-07-15 10:19:30] [CAM] 摄像头捕获器已释放
[2026-07-15 10:19:30] [CAM] 摄像头未检测到，等待重连...
[2026-07-15 10:19:31] [CAM] 摄像头捕获器已释放
[2026-07-15 10:19:31] [CAM] 摄像头未检测到，等待重连...
[2026-07-15 10:19:31] [CAM] 摄像头捕获器已释放
[2026-07-15 10:19:31] [CAM] 摄像头未检测到，等待重连...
[2026-07-15 10:19:32] [CAM] 摄像头捕获器已释放
[2026-07-15 10:19:32] [CAM] 摄像头未检测到，等待重连...
[2026-07-15 10:19:32] [CAM] 摄像头捕获器已释放
[2026-07-15 10:19:32] [CAM] 摄像头未检测到，等待重连...
[2026-07-15 10:19:33] [CAM] 摄像头捕获器已释放
[2026-07-15 10:19:33] [CAM] 摄像头未检测到，等待重连...
[2026-07-15 10:19:33] [CAM] 摄像头捕获器已释放
[2026-07-15 10:19:33] [CAM] 摄像头未检测到，等待重连...
[2026-07-15 10:19:34] [CAM] 摄像头捕获器已释放
[2026-07-15 10:19:34] [CAM] 摄像头未检测到，等待重连...
[2026-07-15 10:19:34] [CAM] 摄像头捕获器已释放
[2026-07-15 10:19:34] [CAM] 摄像头未检测到，等待重连...
[2026-07-15 10:19:35] [CAM] 摄像头捕获器已释放
[2026-07-15 10:19:35] [CAM] 摄像头未检测到，等待重连...
[2026-07-15 10:19:35] [CAM] 摄像头捕获器已释放
[2026-07-15 10:19:35] [CAM] 摄像头未检测到，等待重连...
[2026-07-15 10:19:36] [CAM] 摄像头捕获器已释放
[2026-07-15 10:19:36] [CAM] 摄像头未检测到，等待重连...
[2026-07-15 10:19:36] [CAM] 摄像头捕获器已释放
[2026-07-15 10:19:36] [CAM] 摄像头未检测到，等待重连...
[2026-07-15 10:19:37] [CAM] 摄像头捕获器已释放
[2026-07-15 10:19:37] [CAM] 摄像头未检测到，等待重连...
[2026-07-15 10:19:37] [CAM] 摄像头捕获器已释放
[2026-07-15 10:19:37] [CAM] 摄像头未检测到，等待重连...
[2026-07-15 10:19:38] [CAM] 摄像头捕获器已释放
[2026-07-15 10:19:38] [CAM] 摄像头未检测到，等待重连...
[2026-07-15 10:19:38] [CAM] 摄像头捕获器已释放
[2026-07-15 10:19:38] [CAM] 摄像头未检测到，等待重连...
[2026-07-15 10:19:39] [CAM] 摄像头捕获器已释放
[2026-07-15 10:19:39] [CAM] 摄像头未检测到，等待重连...
[2026-07-15 10:19:39] [CAM] 摄像头捕获器已释放
[2026-07-15 10:19:39] [CAM] 摄像头未检测到，等待重连...
[2026-07-15 10:19:40] [CAM] 摄像头捕获器已释放
[2026-07-15 10:19:40] [CAM] 摄像头未检测到，等待重连...
[2026-07-15 10:19:40] [CAM] 摄像头捕获器已释放
[2026-07-15 10:19:40] [CAM] 摄像头未检测到，等待重连...
[2026-07-15 10:19:41] [CAM] 摄像头捕获器已释放
[2026-07-15 10:19:41] [CAM] 摄像头未检测到，等待重连...
[2026-07-15 10:19:41] [CAM] 摄像头捕获器已释放
[2026-07-15 10:19:41] [CAM] 摄像头未检测到，等待重连...
[2026-07-15 10:19:42] [CAM] 摄像头捕获器已释放
[2026-07-15 10:19:42] [CAM] 摄像头未检测到，等待重连...
[2026-07-15 10:19:42] [CAM] 摄像头捕获器已释放
[2026-07-15 10:19:42] [CAM] 摄像头未检测到，等待重连...
[2026-07-15 10:19:43] [CAM] 摄像头捕获器已释放
[2026-07-15 10:19:43] [CAM] 摄像头未检测到，等待重连...
[2026-07-15 10:19:43] [CAM] 摄像头捕获器已释放
[2026-07-15 10:19:43] [CAM] 摄像头未检测到，等待重连...
[2026-07-15 10:19:44] [CAM] 摄像头捕获器已释放
[2026-07-15 10:19:44] [CAM] 摄像头未检测到，等待重连...
[2026-07-15 10:19:44] [CAM] 摄像头捕获器已释放
[2026-07-15 10:19:44] [CAM] 摄像头未检测到，等待重连...
[2026-07-15 10:19:45] [CAM] 摄像头捕获器已释放
[2026-07-15 10:19:45] [CAM] 摄像头未检测到，等待重连...
[2026-07-15 10:19:45] [CAM] 摄像头捕获器已释放
[2026-07-15 10:19:45] [CAM] 摄像头未检测到，等待重连...
[2026-07-15 10:19:46] [CAM] 摄像头捕获器已释放
[2026-07-15 10:19:46] [CAM] 摄像头未检测到，等待重连...
[2026-07-15 10:19:46] [CAM] 摄像头捕获器已释放
[2026-07-15 10:19:46] [CAM] 摄像头未检测到，等待重连...
[2026-07-15 10:19:47] [CAM] 摄像头捕获器已释放
[2026-07-15 10:19:47] [CAM] 摄像头未检测到，等待重连...
[2026-07-15 10:19:47] [CAM] 摄像头捕获器已释放
[2026-07-15 10:19:47] [CAM] 摄像头未检测到，等待重连...
[2026-07-15 10:19:48] [CAM] 摄像头捕获器已释放
[2026-07-15 10:19:48] [CAM] 摄像头未检测到，等待重连...
[2026-07-15 10:19:48] [CAM] 摄像头捕获器已释放
[2026-07-15 10:19:48] [CAM] 摄像头未检测到，等待重连...
[2026-07-15 10:19:49] [CAM] 摄像头捕获器已释放
[2026-07-15 10:19:49] [CAM] 摄像头未检测到，等待重连...
[2026-07-15 10:19:49] [CAM] 摄像头捕获器已释放
[2026-07-15 10:19:49] [CAM] 摄像头未检测到，等待重连...
[2026-07-15 10:19:50] [CAM] 摄像头捕获器已释放
[2026-07-15 10:19:50] [CAM] 摄像头未检测到，等待重连...
[2026-07-15 10:19:50] [CAM] 摄像头捕获器已释放
[2026-07-15 10:19:50] [CAM] 摄像头未检测到，等待重连...
[2026-07-15 10:19:51] [CAM] 摄像头捕获器已释放
[2026-07-15 10:19:51] [CAM] 摄像头未检测到，等待重连...
[2026-07-15 10:19:51] [CAM] 摄像头捕获器已释放
[2026-07-15 10:19:51] [CAM] 摄像头未检测到，等待重连...
[2026-07-15 10:19:52] [CAM] 摄像头捕获器已释放
[2026-07-15 10:19:52] [CAM] 摄像头未检测到，等待重连...
[2026-07-15 10:19:52] [CAM] 摄像头捕获器已释放
[2026-07-15 10:19:52] [CAM] 摄像头未检测到，等待重连...
[2026-07-15 10:19:53] [CAM] 摄像头捕获器已释放
[2026-07-15 10:19:53] [CAM] 摄像头未检测到，等待重连...
[2026-07-15 10:19:53] [CAM] 摄像头捕获器已释放
[2026-07-15 10:19:53] [CAM] 摄像头未检测到，等待重连...
[2026-07-15 10:19:54] [CAM] 摄像头捕获器已释放
[2026-07-15 10:19:54] [CAM] 摄像头未检测到，等待重连...
[2026-07-15 10:19:54] [CAM] 摄像头捕获器已释放
[2026-07-15 10:19:54] [CAM] 摄像头未检测到，等待重连...
[2026-07-15 10:19:55] [CAM] 摄像头捕获器已释放
[2026-07-15 10:19:55] [CAM] 摄像头未检测到，等待重连...
[2026-07-15 10:19:55] [CAM] 摄像头捕获器已释放
[2026-07-15 10:19:55] [CAM] 摄像头未检测到，等待重连...
[2026-07-15 10:19:56] [CAM] 摄像头捕获器已释放
[2026-07-15 10:19:56] [CAM] 摄像头未检测到，等待重连...
[2026-07-15 10:19:56] [CAM] 摄像头捕获器已释放
[2026-07-15 10:19:56] [CAM] 摄像头未检测到，等待重连...
[2026-07-15 10:19:57] [CAM] 摄像头捕获器已释放
[2026-07-15 10:19:57] [CAM] 摄像头未检测到，等待重连...
[2026-07-15 10:19:57] [CAM] 摄像头捕获器已释放
[2026-07-15 10:19:57] [CAM] 摄像头未检测到，等待重连...
[2026-07-15 10:19:58] [CAM] 摄像头捕获器已释放
[2026-07-15 10:19:58] [CAM] 摄像头未检测到，等待重连...
[2026-07-15 10:19:58] [CAM] 摄像头捕获器已释放
[2026-07-15 10:19:58] [CAM] 摄像头未检测到，等待重连...
[2026-07-15 10:19:59] [CAM] 摄像头捕获器已释放
[2026-07-15 10:19:59] [CAM] 摄像头未检测到，等待重连...
[2026-07-15 10:19:59] [CAM] 摄像头捕获器已释放
[2026-07-15 10:19:59] [CAM] 摄像头未检测到，等待重连...
[2026-07-15 10:20:00] [CAM] 摄像头捕获器已释放
[2026-07-15 10:20:00] [CAM] 摄像头未检测到，等待重连...
[2026-07-15 10:20:00] [CAM] 摄像头捕获器已释放
[2026-07-15 10:20:00] [CAM] 摄像头未检测到，等待重连...
[2026-07-15 10:20:01] [CAM] 摄像头捕获器已释放
[2026-07-15 10:20:01] [CAM] 摄像头未检测到，等待重连...
[2026-07-15 10:20:01] [CAM] 摄像头捕获器已释放
[2026-07-15 10:20:01] [CAM] 摄像头未检测到，等待重连...
[2026-07-15 10:20:02] [CAM] 摄像头捕获器已释放
[2026-07-15 10:20:02] [CAM] 摄像头未检测到，等待重连...
[2026-07-15 10:20:02] [CAM] 摄像头捕获器已释放
[2026-07-15 10:20:02] [CAM] 摄像头未检测到，等待重连...
[2026-07-15 10:20:03] [CAM] 摄像头捕获器已释放
[2026-07-15 10:20:03] [CAM] 摄像头未检测到，等待重连...
[2026-07-15 10:20:03] [CAM] 摄像头捕获器已释放
[2026-07-15 10:20:03] [CAM] 摄像头未检测到，等待重连...
[2026-07-15 10:20:04] [CAM] 摄像头捕获器已释放
[2026-07-15 10:20:04] [CAM] 摄像头未检测到，等待重连...
[2026-07-15 10:20:04] [CAM] 摄像头捕获器已释放
[2026-07-15 10:20:04] [CAM] 摄像头未检测到，等待重连...
[2026-07-15 10:20:05] [CAM] 摄像头捕获器已释放
[2026-07-15 10:20:05] [CAM] 摄像头未检测到，等待重连...
[2026-07-15 10:20:05] [CAM] 摄像头捕获器已释放
[2026-07-15 10:20:05] [CAM] 摄像头未检测到，等待重连...
[2026-07-15 10:20:06] [CAM] 摄像头捕获器已释放
[2026-07-15 10:20:06] [CAM] 摄像头未检测到，等待重连...
[2026-07-15 10:20:06] [CAM] 摄像头捕获器已释放
[2026-07-15 10:20:06] [CAM] 摄像头未检测到，等待重连...
[2026-07-15 10:20:07] [CAM] 摄像头捕获器已释放
[2026-07-15 10:20:07] [CAM] 摄像头未检测到，等待重连...
[2026-07-15 10:20:07] [CAM] 摄像头捕获器已释放
[2026-07-15 10:20:07] [CAM] 摄像头未检测到，等待重连...
[2026-07-15 10:20:08] [CAM] 摄像头捕获器已释放
[2026-07-15 10:20:08] [CAM] 摄像头未检测到，等待重连...
[2026-07-15 10:20:08] [CAM] 摄像头捕获器已释放
[2026-07-15 10:20:08] [CAM] 摄像头未检测到，等待重连...
[2026-07-15 10:20:09] [CAM] 摄像头捕获器已释放
[2026-07-15 10:20:09] [CAM] 摄像头未检测到，等待重连...
[2026-07-15 10:20:09] [CAM] 摄像头捕获器已释放
[2026-07-15 10:20:09] [CAM] 摄像头未检测到，等待重连...
[2026-07-15 10:20:10] [CAM] 摄像头捕获器已释放
[2026-07-15 10:20:10] [CAM] 摄像头未检测到，等待重连...
[2026-07-15 10:20:10] [CAM] 摄像头捕获器已释放
[2026-07-15 10:20:10] [CAM] 摄像头未检测到，等待重连...
[2026-07-15 10:20:11] [CAM] 摄像头捕获器已释放
[2026-07-15 10:20:11] [CAM] 摄像头未检测到，等待重连...
[2026-07-15 10:20:11] [CAM] 摄像头捕获器已释放
[2026-07-15 10:20:11] [CAM] 摄像头未检测到，等待重连...
[2026-07-15 10:20:12] [CAM] 摄像头捕获器已释放
[2026-07-15 10:20:12] [CAM] 摄像头未检测到，等待重连...
[2026-07-15 10:20:12] [CAM] 摄像头捕获器已释放
[2026-07-15 10:20:12] [CAM] 摄像头未检测到，等待重连...
[2026-07-15 10:20:13] [CAM] 摄像头捕获器已释放
[2026-07-15 10:20:13] [CAM] 摄像头未检测到，等待重连...
[2026-07-15 10:20:13] [CAM] 摄像头捕获器已释放
[2026-07-15 10:20:13] [CAM] 摄像头未检测到，等待重连...
[2026-07-15 10:20:14] [CAM] 摄像头捕获器已释放
[2026-07-15 10:20:14] [CAM] 摄像头未检测到，等待重连...
[2026-07-15 10:20:14] [CAM] 摄像头捕获器已释放
[2026-07-15 10:20:14] [CAM] 摄像头未检测到，等待重连...
[2026-07-15 10:20:15] [CAM] 摄像头捕获器已释放
[2026-07-15 10:20:15] [CAM] 摄像头未检测到，等待重连...
[2026-07-15 10:20:15] [CAM] 摄像头捕获器已释放
[2026-07-15 10:20:15] [CAM] 摄像头未检测到，等待重连...
[2026-07-15 10:20:16] [CAM] 摄像头捕获器已释放
[2026-07-15 10:20:16] [CAM] 摄像头未检测到，等待重连...
[2026-07-15 10:20:16] [CAM] 摄像头捕获器已释放
[2026-07-15 10:20:16] [CAM] 摄像头未检测到，等待重连...
[2026-07-15 10:20:17] [CAM] 摄像头捕获器已释放
[2026-07-15 10:20:17] [CAM] 摄像头未检测到，等待重连...
[2026-07-15 10:20:17] [CAM] 摄像头捕获器已释放
[2026-07-15 10:20:17] [CAM] 摄像头未检测到，等待重连...
[2026-07-15 10:20:18] [CAM] 摄像头捕获器已释放
[2026-07-15 10:20:18] [CAM] 摄像头未检测到，等待重连...
[2026-07-15 10:20:18] [CAM] 摄像头捕获器已释放
[2026-07-15 10:20:18] [CAM] 摄像头未检测到，等待重连...
[2026-07-15 10:20:19] [CAM] 摄像头捕获器已释放
[2026-07-15 10:20:19] [CAM] 摄像头未检测到，等待重连...
[2026-07-15 10:20:19] [CAM] 摄像头捕获器已释放
[2026-07-15 10:20:19] [CAM] 摄像头未检测到，等待重连...
[2026-07-15 10:20:20] [CAM] 摄像头捕获器已释放
[2026-07-15 10:20:20] [CAM] 摄像头未检测到，等待重连...
[2026-07-15 10:20:20] [CAM] 摄像头捕获器已释放
[2026-07-15 10:20:20] [CAM] 摄像头未检测到，等待重连...
[2026-07-15 10:20:21] [CAM] 摄像头捕获器已释放
[2026-07-15 10:20:21] [CAM] 摄像头未检测到，等待重连...
[2026-07-15 10:20:21] [CAM] 摄像头捕获器已释放
[2026-07-15 10:20:21] [CAM] 摄像头未检测到，等待重连...
[2026-07-15 10:20:22] [CAM] 摄像头捕获器已释放
[2026-07-15 10:20:22] [CAM] 摄像头未检测到，等待重连...
[2026-07-15 10:20:22] [CAM] 摄像头捕获器已释放
[2026-07-15 10:20:22] [CAM] 摄像头未检测到，等待重连...
[2026-07-15 10:20:23] [CAM] 摄像头捕获器已释放
[2026-07-15 10:20:23] [CAM] 摄像头未检测到，等待重连...
[2026-07-15 10:20:23] [CAM] 摄像头捕获器已释放
[2026-07-15 10:20:23] [CAM] 摄像头未检测到，等待重连...
[2026-07-15 10:20:24] [CAM] 摄像头捕获器已释放
[2026-07-15 10:20:24] [CAM] 摄像头未检测到，等待重连...
[2026-07-15 10:20:24] [CAM] 摄像头捕获器已释放
[2026-07-15 10:20:24] [CAM] 摄像头未检测到，等待重连...
[2026-07-15 10:20:25] [CAM] 摄像头捕获器已释放
[2026-07-15 10:20:25] [CAM] 摄像头未检测到，等待重连...
[2026-07-15 10:20:25] [CAM] 摄像头捕获器已释放
[2026-07-15 10:20:25] [CAM] 摄像头未检测到，等待重连...
[2026-07-15 10:20:26] [CAM] 摄像头捕获器已释放
[2026-07-15 10:20:26] [CAM] 摄像头未检测到，等待重连...
[2026-07-15 10:20:26] [CAM] 摄像头捕获器已释放
[2026-07-15 10:20:26] [CAM] 摄像头未检测到，等待重连...
[2026-07-15 10:20:27] [CAM] 摄像头捕获器已释放
[2026-07-15 10:20:27] [CAM] 摄像头未检测到，等待重连...
[2026-07-15 10:20:27] [CAM] 摄像头捕获器已释放
[2026-07-15 10:20:27] [CAM] 摄像头未检测到，等待重连...
[2026-07-15 10:20:28] [CAM] 摄像头捕获器已释放
[2026-07-15 10:20:28] [CAM] 摄像头未检测到，等待重连...
[2026-07-15 10:20:28] [CAM] 摄像头捕获器已释放
[2026-07-15 10:20:28] [CAM] 摄像头未检测到，等待重连...
[2026-07-15 10:20:29] [CAM] 摄像头捕获器已释放
[2026-07-15 10:20:29] [CAM] 摄像头未检测到，等待重连...
[2026-07-15 10:20:29] [CAM] 摄像头捕获器已释放
[2026-07-15 10:20:29] [CAM] 摄像头未检测到，等待重连...
[2026-07-15 10:20:30] [CAM] 摄像头捕获器已释放
[2026-07-15 10:20:30] [CAM] 摄像头未检测到，等待重连...
[2026-07-15 10:20:30] [CAM] 摄像头捕获器已释放
[2026-07-15 10:20:30] [CAM] 摄像头未检测到，等待重连...
[2026-07-15 10:20:31] [CAM] 摄像头捕获器已释放
[2026-07-15 10:20:31] [CAM] 摄像头未检测到，等待重连...
[2026-07-15 10:20:31] [CAM] 摄像头捕获器已释放
[2026-07-15 10:20:31] [CAM] 摄像头未检测到，等待重连...
[2026-07-15 10:20:32] [CAM] 摄像头捕获器已释放
[2026-07-15 10:20:32] [CAM] 摄像头未检测到，等待重连...
[2026-07-15 10:20:32] [CAM] 摄像头捕获器已释放
[2026-07-15 10:20:32] [CAM] 摄像头未检测到，等待重连...
[2026-07-15 10:20:33] [CAM] 摄像头捕获器已释放
[2026-07-15 10:20:33] [CAM] 摄像头未检测到，等待重连...
[2026-07-15 10:20:33] [CAM] 摄像头捕获器已释放
[2026-07-15 10:20:33] [CAM] 摄像头未检测到，等待重连...
[2026-07-15 10:20:34] [CAM] 摄像头捕获器已释放
[2026-07-15 10:20:34] [CAM] 摄像头未检测到，等待重连...
[2026-07-15 10:20:34] [CAM] 摄像头捕获器已释放
[2026-07-15 10:20:34] [CAM] 摄像头未检测到，等待重连...
[2026-07-15 10:20:35] [CAM] 摄像头捕获器已释放
[2026-07-15 10:20:35] [CAM] 摄像头未检测到，等待重连...
[2026-07-15 10:20:35] [CAM] 摄像头捕获器已释放
[2026-07-15 10:20:35] [CAM] 摄像头未检测到，等待重连...
[2026-07-15 10:20:36] [CAM] 摄像头捕获器已释放
[2026-07-15 10:20:36] [CAM] 摄像头未检测到，等待重连...
[2026-07-15 10:20:36] [CAM] 摄像头捕获器已释放
[2026-07-15 10:20:36] [CAM] 摄像头未检测到，等待重连...
[2026-07-15 10:20:37] [CAM] 摄像头捕获器已释放
[2026-07-15 10:20:37] [CAM] 摄像头未检测到，等待重连...
[2026-07-15 10:20:37] [CAM] 摄像头捕获器已释放
[2026-07-15 10:20:37] [CAM] 摄像头未检测到，等待重连...
[2026-07-15 10:20:38] [CAM] 摄像头捕获器已释放
[2026-07-15 10:20:38] [CAM] 摄像头未检测到，等待重连...
[2026-07-15 10:20:38] [CAM] 摄像头捕获器已释放
[2026-07-15 10:20:38] [CAM] 摄像头未检测到，等待重连...
[2026-07-15 10:20:39] [CAM] 摄像头捕获器已释放
[2026-07-15 10:20:39] [CAM] 摄像头未检测到，等待重连...
[2026-07-15 10:20:39] [CAM] 摄像头捕获器已释放
[2026-07-15 10:20:39] [CAM] 摄像头未检测到，等待重连...
[2026-07-15 10:20:40] [CAM] 摄像头捕获器已释放
[2026-07-15 10:20:40] [CAM] 摄像头未检测到，等待重连...
[2026-07-15 10:20:40] [CAM] 摄像头捕获器已释放
[2026-07-15 10:20:40] [CAM] 摄像头未检测到，等待重连...
[2026-07-15 10:20:41] [CAM] 摄像头捕获器已释放
[2026-07-15 10:20:41] [CAM] 摄像头未检测到，等待重连...
[2026-07-15 10:20:41] [CAM] 摄像头捕获器已释放
[2026-07-15 10:20:41] [CAM] 摄像头未检测到，等待重连...
[2026-07-15 10:20:42] [CAM] 摄像头捕获器已释放
[2026-07-15 10:20:42] [CAM] 摄像头未检测到，等待重连...
[2026-07-15 10:20:42] [CAM] 摄像头捕获器已释放
[2026-07-15 10:20:42] [CAM] 摄像头未检测到，等待重连...
[2026-07-15 10:20:43] [CAM] 摄像头捕获器已释放
[2026-07-15 10:20:43] [CAM] 摄像头未检测到，等待重连...
[2026-07-15 10:20:43] [CAM] 摄像头捕获器已释放
[2026-07-15 10:20:43] [CAM] 摄像头未检测到，等待重连...
[2026-07-15 10:20:44] [CAM] 摄像头捕获器已释放
[2026-07-15 10:20:44] [CAM] 摄像头未检测到，等待重连...
[2026-07-15 10:20:44] [CAM] 摄像头捕获器已释放
[2026-07-15 10:20:44] [CAM] 摄像头未检测到，等待重连...
[2026-07-15 10:20:45] [CAM] 摄像头捕获器已释放
[2026-07-15 10:20:45] [CAM] 摄像头未检测到，等待重连...
[2026-07-15 10:20:45] [CAM] 摄像头捕获器已释放
[2026-07-15 10:20:45] [CAM] 摄像头未检测到，等待重连...
[2026-07-15 10:20:46] [CAM] 摄像头捕获器已释放
[2026-07-15 10:20:46] [CAM] 摄像头未检测到，等待重连...
[2026-07-15 10:20:46] [CAM] 摄像头捕获器已释放
[2026-07-15 10:20:46] [CAM] 摄像头未检测到，等待重连...
[2026-07-15 10:20:47] [CAM] 摄像头捕获器已释放
[2026-07-15 10:20:47] [CAM] 摄像头未检测到，等待重连...
[2026-07-15 10:20:47] [CAM] 摄像头捕获器已释放
[2026-07-15 10:20:47] [CAM] 摄像头未检测到，等待重连...
[2026-07-15 10:20:48] [CAM] 摄像头捕获器已释放
[2026-07-15 10:20:48] [CAM] 摄像头未检测到，等待重连...
[2026-07-15 10:20:48] [CAM] 摄像头捕获器已释放
[2026-07-15 10:20:48] [CAM] 摄像头未检测到，等待重连...
[2026-07-15 10:20:49] [CAM] 摄像头捕获器已释放
[2026-07-15 10:20:49] [CAM] 摄像头未检测到，等待重连...
[2026-07-15 10:20:49] [CAM] 摄像头捕获器已释放
[2026-07-15 10:20:49] [CAM] 摄像头未检测到，等待重连...
[2026-07-15 10:20:50] [CAM] 摄像头捕获器已释放
[2026-07-15 10:20:50] [CAM] 摄像头未检测到，等待重连...
[2026-07-15 10:20:50] [CAM] 摄像头捕获器已释放
[2026-07-15 10:20:50] [CAM] 摄像头未检测到，等待重连...
[2026-07-15 10:20:51] [CAM] 摄像头捕获器已释放
[2026-07-15 10:20:51] [CAM] 摄像头未检测到，等待重连...
[2026-07-15 10:20:51] [CAM] 摄像头捕获器已释放
[2026-07-15 10:20:51] [CAM] 摄像头未检测到，等待重连...
[2026-07-15 10:20:52] [CAM] 摄像头捕获器已释放
[2026-07-15 10:20:52] [CAM] 摄像头未检测到，等待重连...
[2026-07-15 10:20:52] [CAM] 摄像头捕获器已释放
[2026-07-15 10:20:52] [CAM] 摄像头未检测到，等待重连...
[2026-07-15 10:20:53] [CAM] 摄像头捕获器已释放
[2026-07-15 10:20:53] [CAM] 摄像头未检测到，等待重连...
[2026-07-15 10:20:53] [CAM] 摄像头捕获器已释放
[2026-07-15 10:20:53] [CAM] 摄像头未检测到，等待重连...
[2026-07-15 10:20:54] [CAM] 摄像头捕获器已释放
[2026-07-15 10:20:54] [CAM] 摄像头未检测到，等待重连...
[2026-07-15 10:20:54] [CAM] 摄像头捕获器已释放
[2026-07-15 10:20:54] [CAM] 摄像头未检测到，等待重连...
[2026-07-15 10:20:55] [CAM] 摄像头捕获器已释放
[2026-07-15 10:20:55] [CAM] 摄像头未检测到，等待重连...
[2026-07-15 10:20:55] [CAM] 摄像头捕获器已释放
[2026-07-15 10:20:55] [CAM] 摄像头未检测到，等待重连...
[2026-07-15 10:20:56] [CAM] 摄像头捕获器已释放
[2026-07-15 10:20:56] [CAM] 摄像头未检测到，等待重连...
[2026-07-15 10:20:56] [CAM] 摄像头捕获器已释放
[2026-07-15 10:20:56] [CAM] 摄像头未检测到，等待重连...
[2026-07-15 10:20:57] [CAM] 摄像头捕获器已释放
[2026-07-15 10:20:57] [CAM] 摄像头未检测到，等待重连...
[2026-07-15 10:20:57] [CAM] 摄像头捕获器已释放
[2026-07-15 10:20:57] [CAM] 摄像头未检测到，等待重连...
[2026-07-15 10:20:58] [CAM] 摄像头捕获器已释放
[2026-07-15 10:20:58] [CAM] 摄像头未检测到，等待重连...
[2026-07-15 10:20:58] [CAM] 摄像头捕获器已释放
[2026-07-15 10:20:58] [CAM] 摄像头未检测到，等待重连...
[2026-07-15 10:20:59] [CAM] 摄像头捕获器已释放
[2026-07-15 10:20:59] [CAM] 摄像头未检测到，等待重连...
[2026-07-15 10:20:59] [CAM] 摄像头捕获器已释放
[2026-07-15 10:20:59] [CAM] 摄像头未检测到，等待重连...
[2026-07-15 10:21:00] [CAM] 摄像头捕获器已释放
[2026-07-15 10:21:00] [CAM] 摄像头未检测到，等待重连...
[2026-07-15 10:21:00] [CAM] 摄像头捕获器已释放
[2026-07-15 10:21:00] [CAM] 摄像头未检测到，等待重连...
[2026-07-15 10:21:01] [CAM] 摄像头捕获器已释放
[2026-07-15 10:21:01] [CAM] 摄像头未检测到，等待重连...
[2026-07-15 10:21:01] [CAM] 摄像头捕获器已释放
[2026-07-15 10:21:01] [CAM] 摄像头未检测到，等待重连...
[2026-07-15 10:21:02] [CAM] 摄像头捕获器已释放
[2026-07-15 10:21:02] [CAM] 摄像头未检测到，等待重连...
[2026-07-15 10:21:02] [CAM] 摄像头捕获器已释放
[2026-07-15 10:21:02] [CAM] 摄像头未检测到，等待重连...
[2026-07-15 10:21:03] [CAM] 摄像头捕获器已释放
[2026-07-15 10:21:03] [CAM] 摄像头未检测到，等待重连...
[2026-07-15 10:21:03] [CAM] 摄像头捕获器已释放
[2026-07-15 10:21:03] [CAM] 摄像头未检测到，等待重连...
[2026-07-15 10:21:04] [CAM] 摄像头捕获器已释放
[2026-07-15 10:21:04] [CAM] 摄像头未检测到，等待重连...
[2026-07-15 10:21:04] [CAM] 摄像头捕获器已释放
[2026-07-15 10:21:04] [CAM] 摄像头未检测到，等待重连...
[2026-07-15 10:21:05] [CAM] 摄像头捕获器已释放
[2026-07-15 10:21:05] [CAM] 摄像头未检测到，等待重连...
[2026-07-15 10:21:05] [CAM] 摄像头捕获器已释放
[2026-07-15 10:21:05] [CAM] 摄像头未检测到，等待重连...
[2026-07-15 10:21:06] [CAM] 摄像头捕获器已释放
[2026-07-15 10:21:06] [CAM] 摄像头未检测到，等待重连...
[2026-07-15 10:21:06] [CAM] 摄像头捕获器已释放
[2026-07-15 10:21:06] [CAM] 摄像头未检测到，等待重连...
[2026-07-15 10:21:07] [CAM] 摄像头捕获器已释放
[2026-07-15 10:21:07] [CAM] 摄像头未检测到，等待重连...
[2026-07-15 10:21:07] [CAM] 摄像头捕获器已释放
[2026-07-15 10:21:07] [CAM] 摄像头未检测到，等待重连...
[2026-07-15 10:21:08] [CAM] 摄像头捕获器已释放
[2026-07-15 10:21:08] [CAM] 摄像头未检测到，等待重连...
[2026-07-15 10:21:08] [CAM] 摄像头捕获器已释放
[2026-07-15 10:21:08] [CAM] 摄像头未检测到，等待重连...
[2026-07-15 10:21:09] [CAM] 摄像头捕获器已释放
[2026-07-15 10:21:09] [CAM] 摄像头未检测到，等待重连...
[2026-07-15 10:21:09] [CAM] 摄像头捕获器已释放
[2026-07-15 10:21:09] [CAM] 摄像头未检测到，等待重连...
[2026-07-15 10:21:10] [CAM] 摄像头捕获器已释放
[2026-07-15 10:21:10] [CAM] 摄像头未检测到，等待重连...
[2026-07-15 10:21:10] [CAM] 摄像头捕获器已释放
[2026-07-15 10:21:10] [CAM] 摄像头未检测到，等待重连...
[2026-07-15 10:21:11] [CAM] 摄像头捕获器已释放
[2026-07-15 10:21:11] [CAM] 摄像头未检测到，等待重连...
[2026-07-15 10:21:11] [CAM] 摄像头捕获器已释放
[2026-07-15 10:21:11] [CAM] 摄像头未检测到，等待重连...
[2026-07-15 10:21:12] [CAM] 摄像头捕获器已释放
[2026-07-15 10:21:12] [CAM] 摄像头未检测到，等待重连...
[2026-07-15 10:21:12] [CAM] 摄像头捕获器已释放
[2026-07-15 10:21:12] [CAM] 摄像头未检测到，等待重连...
[2026-07-15 10:21:13] [CAM] 摄像头捕获器已释放
[2026-07-15 10:21:13] [CAM] 摄像头未检测到，等待重连...
[2026-07-15 10:21:13] [CAM] 摄像头捕获器已释放
[2026-07-15 10:21:13] [CAM] 摄像头未检测到，等待重连...
[2026-07-15 10:21:14] [CAM] 摄像头捕获器已释放
[2026-07-15 10:21:14] [CAM] 摄像头未检测到，等待重连...
[2026-07-15 10:21:14] [CAM] 摄像头捕获器已释放
[2026-07-15 10:21:14] [CAM] 摄像头未检测到，等待重连...
[2026-07-15 10:21:15] [CAM] 摄像头捕获器已释放
[2026-07-15 10:21:15] [CAM] 摄像头未检测到，等待重连...
[2026-07-15 10:21:15] [CAM] 摄像头捕获器已释放
[2026-07-15 10:21:15] [CAM] 摄像头未检测到，等待重连...
[2026-07-15 10:21:16] [CAM] 摄像头捕获器已释放
[2026-07-15 10:21:16] [CAM] 摄像头未检测到，等待重连...
[2026-07-15 10:21:16] [CAM] 摄像头捕获器已释放
[2026-07-15 10:21:16] [CAM] 摄像头未检测到，等待重连...
[2026-07-15 10:21:17] [CAM] 摄像头捕获器已释放
[2026-07-15 10:21:17] [CAM] 摄像头未检测到，等待重连...
[2026-07-15 10:21:17] [CAM] 摄像头捕获器已释放
[2026-07-15 10:21:17] [CAM] 摄像头未检测到，等待重连...
[2026-07-15 10:21:18] [CAM] 摄像头捕获器已释放
[2026-07-15 10:21:18] [CAM] 摄像头未检测到，等待重连...
[2026-07-15 10:21:18] [CAM] 摄像头捕获器已释放
[2026-07-15 10:21:18] [CAM] 摄像头未检测到，等待重连...
[2026-07-15 10:21:19] [CAM] 摄像头捕获器已释放
[2026-07-15 10:21:19] [CAM] 摄像头未检测到，等待重连...
[2026-07-15 10:21:19] [CAM] 摄像头捕获器已释放
[2026-07-15 10:21:19] [CAM] 摄像头未检测到，等待重连...
[2026-07-15 10:21:20] [CAM] 摄像头捕获器已释放
[2026-07-15 10:21:20] [CAM] 摄像头未检测到，等待重连...
[2026-07-15 10:21:20] [CAM] 摄像头捕获器已释放
[2026-07-15 10:21:20] [CAM] 摄像头未检测到，等待重连...
[2026-07-15 10:21:21] [CAM] 摄像头捕获器已释放
[2026-07-15 10:21:21] [CAM] 摄像头未检测到，等待重连...
[2026-07-15 10:21:21] [CAM] 摄像头捕获器已释放
[2026-07-15 10:21:21] [CAM] 摄像头未检测到，等待重连...
[2026-07-15 10:21:22] [CAM] 摄像头捕获器已释放
[2026-07-15 10:21:22] [CAM] 摄像头未检测到，等待重连...
[2026-07-15 10:21:22] [CAM] 摄像头捕获器已释放
[2026-07-15 10:21:22] [CAM] 摄像头未检测到，等待重连...
[2026-07-15 10:21:23] [CAM] 摄像头捕获器已释放
[2026-07-15 10:21:23] [CAM] 摄像头未检测到，等待重连...
[2026-07-15 10:21:23] [CAM] 摄像头捕获器已释放
[2026-07-15 10:21:23] [CAM] 摄像头未检测到，等待重连...
[2026-07-15 10:21:24] [CAM] 摄像头捕获器已释放
[2026-07-15 10:21:24] [CAM] 摄像头未检测到，等待重连...
[2026-07-15 10:21:24] [CAM] 摄像头捕获器已释放
[2026-07-15 10:21:24] [CAM] 摄像头未检测到，等待重连...
[2026-07-15 10:21:25] [CAM] 摄像头捕获器已释放
[2026-07-15 10:21:25] [CAM] 摄像头未检测到，等待重连...
[2026-07-15 10:21:25] [CAM] 摄像头捕获器已释放
[2026-07-15 10:21:25] [CAM] 摄像头未检测到，等待重连...
[2026-07-15 10:21:26] [CAM] 摄像头捕获器已释放
[2026-07-15 10:21:26] [CAM] 摄像头未检测到，等待重连...
[2026-07-15 10:21:26] [CAM] 摄像头捕获器已释放
[2026-07-15 10:21:26] [CAM] 摄像头未检测到，等待重连...
[2026-07-15 10:21:27] [CAM] 摄像头捕获器已释放
[2026-07-15 10:21:27] [CAM] 摄像头未检测到，等待重连...
[2026-07-15 10:21:27] [CAM] 摄像头捕获器已释放
[2026-07-15 10:21:27] [CAM] 摄像头未检测到，等待重连...
[2026-07-15 10:21:28] [CAM] 摄像头捕获器已释放
[2026-07-15 10:21:28] [CAM] 摄像头未检测到，等待重连...
[2026-07-15 10:21:28] [CAM] 摄像头捕获器已释放
[2026-07-15 10:21:28] [CAM] 摄像头未检测到，等待重连...
[2026-07-15 10:21:29] [CAM] 摄像头捕获器已释放
[2026-07-15 10:21:29] [CAM] 摄像头未检测到，等待重连...
[2026-07-15 10:21:29] [CAM] 摄像头捕获器已释放
[2026-07-15 10:21:29] [CAM] 摄像头未检测到，等待重连...
[2026-07-15 10:21:30] [CAM] 摄像头捕获器已释放
[2026-07-15 10:21:30] [CAM] 摄像头未检测到，等待重连...
[2026-07-15 10:21:30] [CAM] 摄像头捕获器已释放
[2026-07-15 10:21:30] [CAM] 摄像头未检测到，等待重连...
[2026-07-15 10:21:31] [CAM] 摄像头捕获器已释放
[2026-07-15 10:21:31] [CAM] 摄像头未检测到，等待重连...
[2026-07-15 10:21:31] [CAM] 摄像头捕获器已释放
[2026-07-15 10:21:31] [CAM] 摄像头未检测到，等待重连...
[2026-07-15 10:21:32] [CAM] 摄像头捕获器已释放
[2026-07-15 10:21:32] [CAM] 摄像头未检测到，等待重连...
[2026-07-15 10:21:32] [CAM] 摄像头捕获器已释放
[2026-07-15 10:21:32] [CAM] 摄像头未检测到，等待重连...
[2026-07-15 10:21:33] [CAM] 摄像头捕获器已释放
[2026-07-15 10:21:33] [CAM] 摄像头未检测到，等待重连...
[2026-07-15 10:21:33] [CAM] 摄像头捕获器已释放
[2026-07-15 10:21:33] [CAM] 摄像头未检测到，等待重连...
[2026-07-15 10:21:34] [CAM] 摄像头捕获器已释放
[2026-07-15 10:21:34] [CAM] 摄像头未检测到，等待重连...
[2026-07-15 10:21:34] [CAM] 摄像头捕获器已释放
[2026-07-15 10:21:34] [CAM] 摄像头未检测到，等待重连...
[2026-07-15 10:21:35] [CAM] 摄像头捕获器已释放
[2026-07-15 10:21:35] [CAM] 摄像头未检测到，等待重连...
[2026-07-15 10:21:35] [CAM] 摄像头捕获器已释放
[2026-07-15 10:21:35] [CAM] 摄像头未检测到，等待重连...
[2026-07-15 10:21:36] [CAM] 摄像头捕获器已释放
[2026-07-15 10:21:36] [CAM] 摄像头未检测到，等待重连...
[2026-07-15 10:21:36] [CAM] 摄像头捕获器已释放
[2026-07-15 10:21:36] [CAM] 摄像头未检测到，等待重连...
[2026-07-15 10:21:37] [CAM] 摄像头捕获器已释放
[2026-07-15 10:21:37] [CAM] 摄像头未检测到，等待重连...
[2026-07-15 10:21:37] [CAM] 摄像头捕获器已释放
[2026-07-15 10:21:37] [CAM] 摄像头未检测到，等待重连...
[2026-07-15 10:21:38] [CAM] 摄像头捕获器已释放
[2026-07-15 10:21:38] [CAM] 摄像头未检测到，等待重连...
[2026-07-15 10:21:38] [CAM] 摄像头捕获器已释放
[2026-07-15 10:21:38] [CAM] 摄像头未检测到，等待重连...
[2026-07-15 10:21:39] [CAM] 摄像头捕获器已释放
[2026-07-15 10:21:39] [CAM] 摄像头未检测到，等待重连...
[2026-07-15 10:21:39] [CAM] 摄像头捕获器已释放
[2026-07-15 10:21:39] [CAM] 摄像头未检测到，等待重连...
[2026-07-15 10:21:40] [CAM] 摄像头捕获器已释放
[2026-07-15 10:21:40] [CAM] 摄像头未检测到，等待重连...
[2026-07-15 10:21:41] [CAM] 摄像头捕获器已释放
[2026-07-15 10:21:41] [CAM] 摄像头未检测到，等待重连...
[2026-07-15 10:21:41] [CAM] 摄像头捕获器已释放
[2026-07-15 10:21:41] [CAM] 摄像头未检测到，等待重连...
[2026-07-15 10:21:41] [INFO] 切换运行模式: 课堂模式 场景:中四班
[2026-07-15 10:21:42] [CAM] 摄像头捕获器已释放
[2026-07-15 10:21:42] [CAM] 摄像头未检测到，等待重连...
[2026-07-15 10:21:42] [CAM] 摄像头捕获器已释放
[2026-07-15 10:21:42] [CAM] 摄像头未检测到，等待重连...
[2026-07-15 10:21:42] [INFO] 切换运行模式: 午睡模式 场景:一楼左侧睡眠室
[2026-07-15 10:21:43] [CAM] 摄像头捕获器已释放
[2026-07-15 10:21:43] [CAM] 摄像头未检测到，等待重连...
[2026-07-15 10:21:43] [CAM] 摄像头捕获器已释放
[2026-07-15 10:21:43] [CAM] 摄像头未检测到，等待重连...
[2026-07-15 10:21:44] [CAM] 摄像头捕获器已释放
[2026-07-15 10:21:44] [CAM] 摄像头未检测到，等待重连...
[2026-07-15 10:21:44] [INFO] 切换运行模式: 公共巡查模式 场景:公共过道
[2026-07-15 10:21:44] [CAM] 摄像头捕获器已释放
[2026-07-15 10:21:44] [CAM] 摄像头未检测到，等待重连...
[2026-07-15 10:21:45] [CAM] 摄像头捕获器已释放
[2026-07-15 10:21:45] [CAM] 摄像头未检测到，等待重连...
[2026-07-15 10:21:45] [INFO] 切换运行模式: 课堂模式 场景:中四班
[2026-07-15 10:21:45] [CAM] 摄像头捕获器已释放
[2026-07-15 10:21:45] [CAM] 摄像头未检测到，等待重连...
[2026-07-15 10:21:46] [CAM] 摄像头捕获器已释放
[2026-07-15 10:21:46] [CAM] 摄像头未检测到，等待重连...
[2026-07-15 10:21:46] [CAM] 摄像头捕获器已释放
[2026-07-15 10:21:46] [CAM] 摄像头未检测到，等待重连...
[2026-07-15 10:21:47] [CAM] 摄像头捕获器已释放
[2026-07-15 10:21:47] [CAM] 摄像头未检测到，等待重连...
[2026-07-15 10:21:47] [CAM] 摄像头捕获器已释放
[2026-07-15 10:21:47] [CAM] 摄像头未检测到，等待重连...
[2026-07-15 10:21:48] [CAM] 摄像头捕获器已释放
[2026-07-15 10:21:48] [CAM] 摄像头未检测到，等待重连...
[2026-07-15 10:21:48] [CAM] 摄像头捕获器已释放
[2026-07-15 10:21:48] [CAM] 摄像头未检测到，等待重连...
[2026-07-15 10:21:49] [CAM] 摄像头捕获器已释放
[2026-07-15 10:21:49] [CAM] 摄像头未检测到，等待重连...
[2026-07-15 10:21:49] [CAM] 摄像头捕获器已释放
[2026-07-15 10:21:49] [CAM] 摄像头未检测到，等待重连...
[2026-07-15 10:21:50] [CAM] 摄像头捕获器已释放
[2026-07-15 10:21:50] [CAM] 摄像头未检测到，等待重连...
[2026-07-15 10:21:50] [CAM] 摄像头捕获器已释放
[2026-07-15 10:21:50] [CAM] 摄像头未检测到，等待重连...
[2026-07-15 10:21:51] [CAM] 摄像头捕获器已释放
[2026-07-15 10:21:51] [CAM] 摄像头未检测到，等待重连...
[2026-07-15 10:21:51] [CAM] 摄像头捕获器已释放
[2026-07-15 10:21:51] [CAM] 摄像头未检测到，等待重连...
[2026-07-15 10:21:52] [CAM] 摄像头捕获器已释放
[2026-07-15 10:21:52] [CAM] 摄像头未检测到，等待重连...
[2026-07-15 10:21:52] [CAM] 摄像头捕获器已释放
[2026-07-15 10:21:52] [CAM] 摄像头未检测到，等待重连...
[2026-07-15 10:21:53] [CAM] 摄像头捕获器已释放
[2026-07-15 10:21:53] [CAM] 摄像头未检测到，等待重连...
[2026-07-15 10:21:53] [CAM] 摄像头捕获器已释放
[2026-07-15 10:21:53] [CAM] 摄像头未检测到，等待重连...
[2026-07-15 10:21:54] [CAM] 摄像头捕获器已释放
[2026-07-15 10:21:54] [CAM] 摄像头未检测到，等待重连...
[2026-07-15 10:21:54] [CAM] 摄像头捕获器已释放
[2026-07-15 10:21:54] [CAM] 摄像头未检测到，等待重连...
[2026-07-15 10:21:55] [CAM] 摄像头捕获器已释放
[2026-07-15 10:21:55] [CAM] 摄像头未检测到，等待重连...
[2026-07-15 10:21:55] [CAM] 摄像头捕获器已释放
[2026-07-15 10:21:55] [CAM] 摄像头未检测到，等待重连...
[2026-07-15 10:21:56] [CAM] 摄像头捕获器已释放
[2026-07-15 10:21:56] [CAM] 摄像头未检测到，等待重连...
[2026-07-15 10:21:56] [CAM] 摄像头捕获器已释放
[2026-07-15 10:21:56] [CAM] 摄像头未检测到，等待重连...
[2026-07-15 10:21:57] [CAM] 摄像头捕获器已释放
[2026-07-15 10:21:57] [CAM] 摄像头未检测到，等待重连...
[2026-07-15 10:21:57] [CAM] 摄像头捕获器已释放
[2026-07-15 10:21:57] [CAM] 摄像头未检测到，等待重连...
[2026-07-15 10:21:58] [CAM] 摄像头捕获器已释放
[2026-07-15 10:21:58] [CAM] 摄像头未检测到，等待重连...
[2026-07-15 10:21:58] [CAM] 摄像头捕获器已释放
[2026-07-15 10:21:58] [CAM] 摄像头未检测到，等待重连...
[2026-07-15 10:21:59] [CAM] 摄像头捕获器已释放
[2026-07-15 10:21:59] [CAM] 摄像头未检测到，等待重连...
[2026-07-15 10:21:59] [CAM] 摄像头捕获器已释放
[2026-07-15 10:21:59] [CAM] 摄像头未检测到，等待重连...
[2026-07-15 10:22:00] [CAM] 摄像头捕获器已释放
[2026-07-15 10:22:00] [CAM] 摄像头未检测到，等待重连...
[2026-07-15 10:22:00] [CAM] 摄像头捕获器已释放
[2026-07-15 10:22:00] [CAM] 摄像头未检测到，等待重连...
[2026-07-15 10:22:01] [CAM] 摄像头捕获器已释放
[2026-07-15 10:22:01] [CAM] 摄像头未检测到，等待重连...
[2026-07-15 10:22:01] [CAM] 摄像头捕获器已释放
[2026-07-15 10:22:01] [CAM] 摄像头未检测到，等待重连...
[2026-07-15 10:22:02] [CAM] 摄像头捕获器已释放
[2026-07-15 10:22:02] [CAM] 摄像头未检测到，等待重连...
[2026-07-15 10:22:02] [CAM] 摄像头捕获器已释放
[2026-07-15 10:22:02] [CAM] 摄像头未检测到，等待重连...
[2026-07-15 10:22:03] [CAM] 摄像头捕获器已释放
[2026-07-15 10:22:03] [CAM] 摄像头未检测到，等待重连...
[2026-07-15 10:22:03] [CAM] 摄像头捕获器已释放
[2026-07-15 10:22:03] [CAM] 摄像头未检测到，等待重连...
[2026-07-15 10:22:04] [CAM] 摄像头捕获器已释放
[2026-07-15 10:22:04] [CAM] 摄像头未检测到，等待重连...
[2026-07-15 10:22:04] [CAM] 摄像头捕获器已释放
[2026-07-15 10:22:04] [CAM] 摄像头未检测到，等待重连...
[2026-07-15 10:22:05] [CAM] 摄像头捕获器已释放
[2026-07-15 10:22:05] [CAM] 摄像头未检测到，等待重连...
[2026-07-15 10:22:05] [CAM] 摄像头捕获器已释放
[2026-07-15 10:22:05] [CAM] 摄像头未检测到，等待重连...
[2026-07-15 10:22:06] [CAM] 摄像头捕获器已释放
[2026-07-15 10:22:06] [CAM] 摄像头未检测到，等待重连...
[2026-07-15 10:22:06] [CAM] 摄像头捕获器已释放
[2026-07-15 10:22:06] [CAM] 摄像头未检测到，等待重连...
[2026-07-15 10:22:07] [CAM] 摄像头捕获器已释放
[2026-07-15 10:22:07] [CAM] 摄像头未检测到，等待重连...
[2026-07-15 10:22:07] [CAM] 摄像头捕获器已释放
[2026-07-15 10:22:07] [CAM] 摄像头未检测到，等待重连...
[2026-07-15 10:22:08] [CAM] 摄像头捕获器已释放
[2026-07-15 10:22:08] [CAM] 摄像头未检测到，等待重连...
[2026-07-15 10:22:08] [CAM] 摄像头捕获器已释放
[2026-07-15 10:22:08] [CAM] 摄像头未检测到，等待重连...
[2026-07-15 10:22:09] [CAM] 摄像头捕获器已释放
[2026-07-15 10:22:09] [CAM] 摄像头未检测到，等待重连...
[2026-07-15 10:22:09] [CAM] 摄像头捕获器已释放
[2026-07-15 10:22:09] [CAM] 摄像头未检测到，等待重连...
[2026-07-15 10:22:10] [CAM] 摄像头捕获器已释放
[2026-07-15 10:22:10] [CAM] 摄像头未检测到，等待重连...
[2026-07-15 10:22:10] [CAM] 摄像头捕获器已释放
[2026-07-15 10:22:10] [CAM] 摄像头未检测到，等待重连...
[2026-07-15 10:22:10] [MIC] 未检测到USB麦克风
[2026-07-15 10:22:11] [CAM] 摄像头捕获器已释放
[2026-07-15 10:22:11] [CAM] 摄像头未检测到，等待重连...
[2026-07-15 10:22:11] [CAM] 摄像头捕获器已释放
[2026-07-15 10:22:11] [CAM] 摄像头未检测到，等待重连...
[2026-07-15 10:22:12] [CAM] 摄像头捕获器已释放
[2026-07-15 10:22:12] [CAM] 摄像头未检测到，等待重连...
[2026-07-15 10:22:12] [CAM] 摄像头捕获器已释放
[2026-07-15 10:22:12] [CAM] 摄像头未检测到，等待重连...
[2026-07-15 10:22:12] [MIC] 开机未检测到USB麦克风，延时播报
[2026-07-15 10:22:13] [CAM] 摄像头捕获器已释放
[2026-07-15 10:22:13] [CAM] 摄像头未检测到，等待重连...
[2026-07-15 10:22:13] [CAM] 摄像头捕获器已释放
[2026-07-15 10:22:13] [CAM] 摄像头未检测到，等待重连...
[2026-07-15 10:22:14] [CAM] 摄像头捕获器已释放
[2026-07-15 10:22:14] [CAM] 摄像头未检测到，等待重连...
[2026-07-15 10:22:14] [CAM] 摄像头捕获器已释放
[2026-07-15 10:22:14] [CAM] 摄像头未检测到，等待重连...
[2026-07-15 10:22:14] [MIC] 检测到USB麦克风设备
[2026-07-15 10:22:15] [CAM] 摄像头捕获器已释放
[2026-07-15 10:22:15] [CAM] 摄像头未检测到，等待重连...
[2026-07-15 10:22:15] [CAM] 摄像头捕获器已释放
[2026-07-15 10:22:15] [CAM] 摄像头未检测到，等待重连...
[2026-07-15 10:22:16] [CAM] 摄像头捕获器已释放
[2026-07-15 10:22:16] [CAM] 摄像头未检测到，等待重连...
[2026-07-15 10:22:16] [CAM] 摄像头捕获器已释放
[2026-07-15 10:22:16] [CAM] 摄像头未检测到，等待重连...
[2026-07-15 10:22:17] [CAM] 摄像头捕获器已释放
[2026-07-15 10:22:17] [CAM] 摄像头未检测到，等待重连...
[2026-07-15 10:22:17] [CAM] 摄像头捕获器已释放
[2026-07-15 10:22:17] [CAM] 摄像头未检测到，等待重连...
[2026-07-15 10:22:18] [CAM] 摄像头捕获器已释放
[2026-07-15 10:22:18] [CAM] 摄像头未检测到，等待重连...
[2026-07-15 10:22:18] [CAM] 摄像头捕获器已释放
[2026-07-15 10:22:18] [CAM] 摄像头未检测到，等待重连...
[2026-07-15 10:22:19] [CAM] 摄像头捕获器已释放
[2026-07-15 10:22:19] [CAM] 摄像头未检测到，等待重连...
[2026-07-15 10:22:19] [CAM] 摄像头捕获器已释放
[2026-07-15 10:22:19] [CAM] 摄像头未检测到，等待重连...
[2026-07-15 10:22:20] [CAM] 摄像头捕获器已释放
[2026-07-15 10:22:20] [CAM] 摄像头未检测到，等待重连...
[2026-07-15 10:22:20] [CAM] 摄像头捕获器已释放
[2026-07-15 10:22:20] [CAM] 摄像头未检测到，等待重连...
[2026-07-15 10:22:21] [CAM] 摄像头捕获器已释放
[2026-07-15 10:22:21] [CAM] 摄像头未检测到，等待重连...
[2026-07-15 10:22:21] [CAM] 摄像头捕获器已释放
[2026-07-15 10:22:21] [CAM] 摄像头未检测到，等待重连...
[2026-07-15 10:22:22] [CAM] 摄像头捕获器已释放
[2026-07-15 10:22:22] [CAM] 摄像头未检测到，等待重连...
[2026-07-15 10:22:22] [CAM] 摄像头捕获器已释放
[2026-07-15 10:22:22] [CAM] 摄像头未检测到，等待重连...
[2026-07-15 10:22:23] [CAM] 摄像头捕获器已释放
[2026-07-15 10:22:23] [CAM] 摄像头未检测到，等待重连...
[2026-07-15 10:22:23] [CAM] 摄像头捕获器已释放
[2026-07-15 10:22:23] [CAM] 摄像头未检测到，等待重连...
[2026-07-15 10:22:24] [CAM] 摄像头捕获器已释放
[2026-07-15 10:22:24] [CAM] 摄像头已连接 分辨率1280*720 真实帧率30.0
[2026-07-15 10:22:24] [CAM] 摄像头设备状态变为正常
[2026-07-15 10:22:29] [ERROR] 摄像头读取帧失败，断开重连
[2026-07-15 10:22:29] [CAM] 摄像头捕获器已释放
[2026-07-15 10:22:29] [CAM] 摄像头设备断开...........................................
[2026-07-15 10:22:29] [CAM] 摄像头未检测到，等待重连...
[2026-07-15 10:22:32] [CAM] 摄像头捕获器已释放
[2026-07-15 10:22:32] [CAM] 摄像头未检测到，等待重连...
[2026-07-15 10:22:32] [CAM] 摄像头捕获器已释放
[2026-07-15 10:22:32] [CAM] 摄像头未检测到，等待重连...
[2026-07-15 10:22:33] [CAM] 摄像头捕获器已释放
[2026-07-15 10:22:33] [CAM] 摄像头未检测到，等待重连...
[2026-07-15 10:22:33] [CAM] 摄像头捕获器已释放
[2026-07-15 10:22:33] [CAM] 摄像头未检测到，等待重连...
[2026-07-15 10:22:34] [CAM] 摄像头捕获器已释放
[2026-07-15 10:22:34] [CAM] 摄像头未检测到，等待重连...
[2026-07-15 10:22:34] [CAM] 摄像头捕获器已释放
[2026-07-15 10:22:34] [CAM] 摄像头未检测到，等待重连...
[2026-07-15 10:22:35] [CAM] 摄像头捕获器已释放
[2026-07-15 10:22:35] [CAM] 摄像头未检测到，等待重连...
[2026-07-15 10:22:35] [CAM] 摄像头捕获器已释放
[2026-07-15 10:22:35] [CAM] 摄像头未检测到，等待重连...
[2026-07-15 10:22:36] [CAM] 摄像头捕获器已释放
[2026-07-15 10:22:36] [CAM] 摄像头未检测到，等待重连...
[2026-07-15 10:22:36] [CAM] 摄像头捕获器已释放
[2026-07-15 10:22:36] [CAM] 摄像头未检测到，等待重连...
[2026-07-15 10:22:37] [CAM] 摄像头捕获器已释放
[2026-07-15 10:22:37] [CAM] 摄像头未检测到，等待重连...
[2026-07-15 10:22:37] [CAM] 摄像头捕获器已释放
[2026-07-15 10:22:37] [CAM] 摄像头未检测到，等待重连...
[2026-07-15 10:22:38] [CAM] 摄像头捕获器已释放
[2026-07-15 10:22:38] [CAM] 摄像头未检测到，等待重连...
[2026-07-15 10:22:38] [CAM] 摄像头捕获器已释放
[2026-07-15 10:22:38] [CAM] 摄像头未检测到，等待重连...
[2026-07-15 10:22:39] [CAM] 摄像头捕获器已释放
[2026-07-15 10:22:39] [CAM] 摄像头未检测到，等待重连...
[2026-07-15 10:22:39] [CAM] 摄像头捕获器已释放
[2026-07-15 10:22:39] [CAM] 摄像头未检测到，等待重连...
[2026-07-15 10:22:40] [CAM] 摄像头捕获器已释放
[2026-07-15 10:22:40] [CAM] 摄像头未检测到，等待重连...
[2026-07-15 10:22:40] [CAM] 摄像头捕获器已释放
[2026-07-15 10:22:40] [CAM] 摄像头未检测到，等待重连...
[2026-07-15 10:22:41] [CAM] 摄像头捕获器已释放
[2026-07-15 10:22:41] [CAM] 摄像头未检测到，等待重连...
[2026-07-15 10:22:41] [CAM] 摄像头捕获器已释放
[2026-07-15 10:22:41] [CAM] 摄像头未检测到，等待重连...
[2026-07-15 10:22:42] [CAM] 摄像头捕获器已释放
[2026-07-15 10:22:42] [CAM] 摄像头未检测到，等待重连...
[2026-07-15 10:22:42] [CAM] 摄像头捕获器已释放
[2026-07-15 10:22:42] [CAM] 摄像头未检测到，等待重连...
[2026-07-15 10:22:43] [CAM] 摄像头捕获器已释放
[2026-07-15 10:22:43] [CAM] 摄像头未检测到，等待重连...
[2026-07-15 10:22:43] [CAM] 摄像头捕获器已释放
[2026-07-15 10:22:43] [CAM] 摄像头未检测到，等待重连...
[2026-07-15 10:22:44] [CAM] 摄像头捕获器已释放
[2026-07-15 10:22:44] [CAM] 摄像头未检测到，等待重连...
[2026-07-15 10:22:44] [CAM] 摄像头捕获器已释放
[2026-07-15 10:22:44] [CAM] 摄像头未检测到，等待重连...
[2026-07-15 10:22:45] [CAM] 摄像头捕获器已释放
[2026-07-15 10:22:45] [CAM] 摄像头未检测到，等待重连...
[2026-07-15 10:22:45] [CAM] 摄像头捕获器已释放
[2026-07-15 10:22:45] [CAM] 摄像头未检测到，等待重连...
[2026-07-15 10:22:46] [CAM] 摄像头捕获器已释放
[2026-07-15 10:22:46] [CAM] 摄像头未检测到，等待重连...
[2026-07-15 10:22:46] [CAM] 摄像头捕获器已释放
[2026-07-15 10:22:46] [CAM] 摄像头未检测到，等待重连...
[2026-07-15 10:22:47] [CAM] 摄像头捕获器已释放
[2026-07-15 10:22:47] [CAM] 摄像头未检测到，等待重连...
[2026-07-15 10:22:47] [CAM] 摄像头捕获器已释放
[2026-07-15 10:22:47] [CAM] 摄像头未检测到，等待重连...
[2026-07-15 10:22:48] [CAM] 摄像头捕获器已释放
[2026-07-15 10:22:48] [CAM] 摄像头未检测到，等待重连...
[2026-07-15 10:22:48] [CAM] 摄像头捕获器已释放
[2026-07-15 10:22:48] [CAM] 摄像头未检测到，等待重连...
[2026-07-15 10:22:49] [CAM] 摄像头捕获器已释放
[2026-07-15 10:22:49] [CAM] 摄像头未检测到，等待重连...
[2026-07-15 10:22:49] [CAM] 摄像头捕获器已释放
[2026-07-15 10:22:49] [CAM] 摄像头未检测到，等待重连...
[2026-07-15 10:22:50] [CAM] 摄像头捕获器已释放
[2026-07-15 10:22:50] [CAM] 摄像头未检测到，等待重连...
[2026-07-15 10:22:50] [CAM] 摄像头捕获器已释放
[2026-07-15 10:22:50] [CAM] 摄像头未检测到，等待重连...
[2026-07-15 10:22:51] [CAM] 摄像头捕获器已释放
[2026-07-15 10:22:51] [CAM] 摄像头未检测到，等待重连...
[2026-07-15 10:22:51] [CAM] 摄像头捕获器已释放
[2026-07-15 10:22:51] [CAM] 摄像头未检测到，等待重连...
[2026-07-15 10:22:52] [CAM] 摄像头捕获器已释放
[2026-07-15 10:22:52] [CAM] 摄像头未检测到，等待重连...
[2026-07-15 10:22:52] [CAM] 摄像头捕获器已释放
[2026-07-15 10:22:52] [CAM] 摄像头未检测到，等待重连...
[2026-07-15 10:22:53] [CAM] 摄像头捕获器已释放
[2026-07-15 10:22:53] [CAM] 摄像头未检测到，等待重连...
[2026-07-15 10:22:53] [CAM] 摄像头捕获器已释放
[2026-07-15 10:22:53] [CAM] 摄像头未检测到，等待重连...
[2026-07-15 10:22:54] [CAM] 摄像头捕获器已释放
[2026-07-15 10:22:54] [CAM] 摄像头未检测到，等待重连...
[2026-07-15 10:22:54] [CAM] 摄像头捕获器已释放
[2026-07-15 10:22:54] [CAM] 摄像头未检测到，等待重连...
[2026-07-15 10:22:55] [CAM] 摄像头捕获器已释放
[2026-07-15 10:22:55] [CAM] 摄像头未检测到，等待重连...
[2026-07-15 10:22:55] [CAM] 摄像头捕获器已释放
[2026-07-15 10:22:55] [CAM] 摄像头未检测到，等待重连...
[2026-07-15 10:22:56] [CAM] 摄像头捕获器已释放
[2026-07-15 10:22:56] [CAM] 摄像头未检测到，等待重连...
[2026-07-15 10:22:56] [CAM] 摄像头捕获器已释放
[2026-07-15 10:22:56] [CAM] 摄像头未检测到，等待重连...
[2026-07-15 10:22:57] [CAM] 摄像头捕获器已释放
[2026-07-15 10:22:57] [CAM] 摄像头未检测到，等待重连...
[2026-07-15 10:22:57] [CAM] 摄像头捕获器已释放
[2026-07-15 10:22:57] [CAM] 摄像头未检测到，等待重连...
[2026-07-15 10:22:58] [CAM] 摄像头捕获器已释放
[2026-07-15 10:22:58] [CAM] 摄像头未检测到，等待重连...
[2026-07-15 10:22:58] [CAM] 摄像头捕获器已释放
[2026-07-15 10:22:58] [CAM] 摄像头未检测到，等待重连...
[2026-07-15 10:22:59] [CAM] 摄像头捕获器已释放
[2026-07-15 10:22:59] [CAM] 摄像头未检测到，等待重连...
[2026-07-15 10:22:59] [CAM] 摄像头捕获器已释放
[2026-07-15 10:22:59] [CAM] 摄像头未检测到，等待重连...
[2026-07-15 10:23:00] [CAM] 摄像头捕获器已释放
[2026-07-15 10:23:00] [CAM] 摄像头未检测到，等待重连...
[2026-07-15 10:23:00] [CAM] 摄像头捕获器已释放
[2026-07-15 10:23:00] [CAM] 摄像头未检测到，等待重连...
[2026-07-15 10:23:01] [CAM] 摄像头捕获器已释放
[2026-07-15 10:23:01] [CAM] 摄像头未检测到，等待重连...
[2026-07-15 10:23:01] [CAM] 摄像头捕获器已释放
[2026-07-15 10:23:01] [CAM] 摄像头未检测到，等待重连...
[2026-07-15 10:23:02] [CAM] 摄像头捕获器已释放
[2026-07-15 10:23:02] [CAM] 摄像头未检测到，等待重连...
[2026-07-15 10:23:02] [CAM] 摄像头捕获器已释放
[2026-07-15 10:23:02] [CAM] 摄像头未检测到，等待重连...
[2026-07-15 10:23:03] [CAM] 摄像头捕获器已释放
[2026-07-15 10:23:03] [CAM] 摄像头未检测到，等待重连...
[2026-07-15 10:23:03] [CAM] 摄像头捕获器已释放
[2026-07-15 10:23:03] [CAM] 摄像头未检测到，等待重连...
[2026-07-15 10:23:04] [CAM] 摄像头捕获器已释放
[2026-07-15 10:23:04] [CAM] 摄像头未检测到，等待重连...
[2026-07-15 10:23:04] [CAM] 摄像头捕获器已释放
[2026-07-15 10:23:04] [CAM] 摄像头未检测到，等待重连...
[2026-07-15 10:23:05] [CAM] 摄像头捕获器已释放
[2026-07-15 10:23:05] [CAM] 摄像头未检测到，等待重连...
[2026-07-15 10:23:05] [CAM] 摄像头捕获器已释放
[2026-07-15 10:23:05] [CAM] 摄像头未检测到，等待重连...
[2026-07-15 10:23:06] [CAM] 摄像头捕获器已释放
[2026-07-15 10:23:06] [CAM] 摄像头未检测到，等待重连...
[2026-07-15 10:23:06] [CAM] 摄像头捕获器已释放
[2026-07-15 10:23:06] [CAM] 摄像头未检测到，等待重连...
[2026-07-15 10:23:06] [SENSOR] 温湿度传感器在线，温度:0.0℃ 湿度:0.0%RH
[2026-07-15 10:23:07] [CAM] 摄像头捕获器已释放
[2026-07-15 10:23:07] [CAM] 摄像头未检测到，等待重连...
[2026-07-15 10:23:07] [CAM] 摄像头捕获器已释放
[2026-07-15 10:23:07] [CAM] 摄像头未检测到，等待重连...
[2026-07-15 10:23:08] [CAM] 摄像头捕获器已释放
[2026-07-15 10:23:08] [CAM] 摄像头未检测到，等待重连...
[2026-07-15 10:23:08] [CAM] 摄像头捕获器已释放
[2026-07-15 10:23:08] [CAM] 摄像头未检测到，等待重连...
[2026-07-15 10:23:09] [CAM] 摄像头捕获器已释放
[2026-07-15 10:23:09] [CAM] 摄像头未检测到，等待重连...
[2026-07-15 10:23:09] [CAM] 摄像头捕获器已释放
[2026-07-15 10:23:09] [CAM] 摄像头未检测到，等待重连...
[2026-07-15 10:23:10] [CAM] 摄像头捕获器已释放
[2026-07-15 10:23:10] [CAM] 摄像头未检测到，等待重连...
[2026-07-15 10:23:10] [CAM] 摄像头捕获器已释放
[2026-07-15 10:23:10] [CAM] 摄像头未检测到，等待重连...
[2026-07-15 10:23:11] [CAM] 摄像头捕获器已释放
[2026-07-15 10:23:11] [CAM] 摄像头未检测到，等待重连...
[2026-07-15 10:23:11] [CAM] 摄像头捕获器已释放
[2026-07-15 10:23:11] [CAM] 摄像头未检测到，等待重连...
[2026-07-15 10:23:12] [CAM] 摄像头捕获器已释放
[2026-07-15 10:23:12] [CAM] 摄像头未检测到，等待重连...
[2026-07-15 10:23:12] [CAM] 摄像头捕获器已释放
[2026-07-15 10:23:12] [CAM] 摄像头未检测到，等待重连...
[2026-07-15 10:23:13] [CAM] 摄像头捕获器已释放
[2026-07-15 10:23:13] [CAM] 摄像头未检测到，等待重连...
[2026-07-15 10:23:13] [CAM] 摄像头捕获器已释放
[2026-07-15 10:23:13] [CAM] 摄像头未检测到，等待重连...
[2026-07-15 10:23:14] [ERROR] 温湿度传感器离线/读取失败
[2026-07-15 10:23:14] [CAM] 摄像头捕获器已释放
[2026-07-15 10:23:14] [CAM] 摄像头未检测到，等待重连...
[2026-07-15 10:23:14] [CAM] 摄像头捕获器已释放
[2026-07-15 10:23:14] [CAM] 摄像头未检测到，等待重连...
[2026-07-15 10:23:15] [SENSOR] 开机未检测到温湿度传感器，延时播报
[2026-07-15 10:23:15] [CAM] 摄像头捕获器已释放
[2026-07-15 10:23:15] [CAM] 摄像头未检测到，等待重连...
[2026-07-15 10:23:15] [CAM] 摄像头捕获器已释放
[2026-07-15 10:23:15] [CAM] 摄像头未检测到，等待重连...
[2026-07-15 10:23:16] [CAM] 摄像头捕获器已释放
[2026-07-15 10:23:16] [CAM] 摄像头未检测到，等待重连...
[2026-07-15 10:23:16] [CAM] 摄像头捕获器已释放
[2026-07-15 10:23:16] [CAM] 摄像头未检测到，等待重连...
[2026-07-15 10:23:17] [CAM] 摄像头捕获器已释放
[2026-07-15 10:23:17] [CAM] 摄像头未检测到，等待重连...
[2026-07-15 10:23:17] [CAM] 摄像头捕获器已释放
[2026-07-15 10:23:17] [CAM] 摄像头未检测到，等待重连...
[2026-07-15 10:23:18] [CAM] 摄像头捕获器已释放
[2026-07-15 10:23:18] [CAM] 摄像头未检测到，等待重连...
[2026-07-15 10:23:18] [CAM] 摄像头捕获器已释放
[2026-07-15 10:23:18] [CAM] 摄像头未检测到，等待重连...
[2026-07-15 10:23:19] [CAM] 摄像头捕获器已释放
[2026-07-15 10:23:19] [CAM] 摄像头未检测到，等待重连...
[2026-07-15 10:23:19] [CAM] 摄像头捕获器已释放
[2026-07-15 10:23:19] [CAM] 摄像头未检测到，等待重连...
[2026-07-15 10:23:20] [CAM] 摄像头捕获器已释放
[2026-07-15 10:23:20] [CAM] 摄像头未检测到，等待重连...
[2026-07-15 10:23:20] [CAM] 摄像头捕获器已释放
[2026-07-15 10:23:20] [CAM] 摄像头未检测到，等待重连...
[2026-07-15 10:23:21] [CAM] 摄像头捕获器已释放
[2026-07-15 10:23:21] [CAM] 摄像头未检测到，等待重连...
[2026-07-15 10:23:21] [CAM] 摄像头捕获器已释放
[2026-07-15 10:23:21] [CAM] 摄像头未检测到，等待重连...
[2026-07-15 10:23:22] [CAM] 摄像头捕获器已释放
[2026-07-15 10:23:22] [CAM] 摄像头未检测到，等待重连...
[2026-07-15 10:23:22] [CAM] 摄像头捕获器已释放
[2026-07-15 10:23:22] [CAM] 摄像头未检测到，等待重连...
[2026-07-15 10:23:23] [CAM] 摄像头捕获器已释放
[2026-07-15 10:23:23] [CAM] 摄像头未检测到，等待重连...
[2026-07-15 10:23:23] [CAM] 摄像头捕获器已释放
[2026-07-15 10:23:23] [CAM] 摄像头未检测到，等待重连...
[2026-07-15 10:23:24] [CAM] 摄像头捕获器已释放
[2026-07-15 10:23:24] [CAM] 摄像头未检测到，等待重连...
[2026-07-15 10:23:24] [CAM] 摄像头捕获器已释放
[2026-07-15 10:23:24] [CAM] 摄像头未检测到，等待重连...
[2026-07-15 10:23:25] [CAM] 摄像头捕获器已释放
[2026-07-15 10:23:25] [CAM] 摄像头未检测到，等待重连...
[2026-07-15 10:23:25] [CAM] 摄像头捕获器已释放
[2026-07-15 10:23:25] [CAM] 摄像头未检测到，等待重连...
[2026-07-15 10:23:26] [CAM] 摄像头捕获器已释放
[2026-07-15 10:23:26] [CAM] 摄像头未检测到，等待重连...
[2026-07-15 10:23:26] [CAM] 摄像头捕获器已释放
[2026-07-15 10:23:26] [CAM] 摄像头未检测到，等待重连...
[2026-07-15 10:23:27] [CAM] 摄像头捕获器已释放
[2026-07-15 10:23:27] [CAM] 摄像头未检测到，等待重连...
[2026-07-15 10:23:27] [CAM] 摄像头捕获器已释放
[2026-07-15 10:23:27] [CAM] 摄像头未检测到，等待重连...
[2026-07-15 10:23:28] [CAM] 摄像头捕获器已释放
[2026-07-15 10:23:28] [CAM] 摄像头未检测到，等待重连...
[2026-07-15 10:23:28] [CAM] 摄像头捕获器已释放
[2026-07-15 10:23:28] [CAM] 摄像头未检测到，等待重连...
[2026-07-15 10:23:29] [CAM] 摄像头捕获器已释放
[2026-07-15 10:23:29] [CAM] 摄像头未检测到，等待重连...
[2026-07-15 10:23:29] [CAM] 摄像头捕获器已释放
[2026-07-15 10:23:29] [CAM] 摄像头未检测到，等待重连...
[2026-07-15 10:23:30] [CAM] 摄像头捕获器已释放
[2026-07-15 10:23:30] [CAM] 摄像头未检测到，等待重连...
[2026-07-15 10:23:30] [CAM] 摄像头捕获器已释放
[2026-07-15 10:23:30] [CAM] 摄像头未检测到，等待重连...
[2026-07-15 10:23:31] [CAM] 摄像头捕获器已释放
[2026-07-15 10:23:31] [CAM] 摄像头未检测到，等待重连...
[2026-07-15 10:23:31] [CAM] 摄像头捕获器已释放
[2026-07-15 10:23:31] [CAM] 摄像头未检测到，等待重连...
[2026-07-15 10:23:32] [CAM] 摄像头捕获器已释放
[2026-07-15 10:23:32] [CAM] 摄像头未检测到，等待重连...
[2026-07-15 10:23:32] [CAM] 摄像头捕获器已释放
[2026-07-15 10:23:32] [CAM] 摄像头未检测到，等待重连...
[2026-07-15 10:23:33] [CAM] 摄像头捕获器已释放
[2026-07-15 10:23:33] [CAM] 摄像头未检测到，等待重连...
[2026-07-15 10:23:33] [CAM] 摄像头捕获器已释放
[2026-07-15 10:23:33] [CAM] 摄像头未检测到，等待重连...
[2026-07-15 10:23:34] [CAM] 摄像头捕获器已释放
[2026-07-15 10:23:34] [CAM] 摄像头未检测到，等待重连...
[2026-07-15 10:23:34] [CAM] 摄像头捕获器已释放
[2026-07-15 10:23:34] [CAM] 摄像头未检测到，等待重连...
[2026-07-15 10:23:35] [CAM] 摄像头捕获器已释放
[2026-07-15 10:23:35] [CAM] 摄像头未检测到，等待重连...
[2026-07-15 10:23:35] [CAM] 摄像头捕获器已释放
[2026-07-15 10:23:35] [CAM] 摄像头未检测到，等待重连...
[2026-07-15 10:23:36] [CAM] 摄像头捕获器已释放
[2026-07-15 10:23:36] [CAM] 摄像头未检测到，等待重连...
[2026-07-15 10:23:36] [CAM] 摄像头捕获器已释放
[2026-07-15 10:23:36] [CAM] 摄像头未检测到，等待重连...
[2026-07-15 10:23:37] [CAM] 摄像头捕获器已释放
[2026-07-15 10:23:37] [CAM] 摄像头未检测到，等待重连...
[2026-07-15 10:23:37] [CAM] 摄像头捕获器已释放
[2026-07-15 10:23:37] [CAM] 摄像头未检测到，等待重连...
[2026-07-15 10:23:38] [CAM] 摄像头捕获器已释放
[2026-07-15 10:23:38] [CAM] 摄像头未检测到，等待重连...
[2026-07-15 10:23:38] [CAM] 摄像头捕获器已释放
[2026-07-15 10:23:38] [CAM] 摄像头未检测到，等待重连...
[2026-07-15 10:23:39] [CAM] 摄像头捕获器已释放
[2026-07-15 10:23:39] [CAM] 摄像头未检测到，等待重连...
[2026-07-15 10:23:39] [INFO] 程序收到关闭信号，开始安全退出流程
[2026-07-15 10:23:39] [CAM] 摄像头捕获器已释放
[2026-07-15 10:23:39] [CAM] 摄像头未检测到，等待重连...
[2026-07-15 10:23:40] [SENSOR] RS485采集线程已停止
[2026-07-15 10:23:40] [CAM] 摄像头捕获器已释放
[2026-07-15 10:23:40] [INFO] 摄像头采集线程正常退出
[2026-07-15 10:23:40] [INFO] 程序正常退出
[2026-07-15 10:23:40] [INFO] 程序结束，退出码:0
[2026-07-15 10:23:55] [INFO] ========== 幼儿园AI安全卫士程序启动 ==========
[2026-07-15 10:23:55] [INFO] 主程序窗口初始化完成
[2026-07-15 10:23:55] [SENSOR] RS485传感器采集线程已启动，串口：/dev/ttyUSB0
[2026-07-15 10:23:55] [INFO] AI环境模拟线程启动
[2026-07-15 10:23:55] [INFO] 摄像头采集线程启动
[2026-07-15 10:23:55] [SENSOR] 温湿度传感器在线，温度:26.4℃ 湿度:55.2%RH
[2026-07-15 10:23:55] [CAM] 摄像头已连接 分辨率1280*720 真实帧率30.0
[2026-07-15 10:23:55] [CAM] 摄像头设备状态变为正常
[2026-07-15 10:23:57] [MIC] 检测到USB麦克风设备
[2026-07-15 10:24:01] [NET] 开机检测无网络，语音提醒
[2026-07-15 10:24:11] [NET] 网络已恢复连通
