[2026-07-30 19:48:47] [INFO] 切换运行模式: 午睡模式 场景:一楼左侧睡眠室
[2026-07-30 19:48:51] [INFO] 切换运行模式: 公共巡查模式 场景:公共过道
[2026-07-30 20:03:14] [INFO] 切换运行模式: 课堂模式 场景:中四班
[2026-07-30 20:03:15] [INFO] 切换运行模式: 午睡模式 场景:一楼左侧睡眠室
[2026-07-30 20:03:16] [INFO] 切换运行模式: 公共巡查模式 场景:公共过道
[2026-07-30 20:03:20] [INFO] 程序收到关闭信号，开始安全退出流程
[2026-07-30 20:03:20] [SENSOR] RS485采集线程已停止
[2026-07-30 20:03:20] [CAM] 摄像头捕获器已释放
[2026-07-30 20:03:20] [INFO] 摄像头采集线程正常退出
[2026-07-30 20:03:20] [INFO] 程序正常退出
[2026-07-30 20:03:20] [CAM] 摄像头设备断开...........................................
[2026-07-30 20:03:20] [INFO] 程序结束，退出码:0
[2026-07-30 20:03:43] [INFO] ========== 幼儿园AI安全卫士程序启动 ==========
[2026-07-30 20:03:43] [INFO] 主程序窗口初始化完成
[2026-07-30 20:03:43] [RECORD] 自动清理30天前视频，删除1个过期文件
[2026-07-30 20:03:43] [SENSOR] RS485传感器采集线程已启动，串口：/dev/ttyUSB0
[2026-07-30 20:03:43] [INFO] AI环境模拟线程启动
[2026-07-30 20:03:43] [INFO] 摄像头采集线程启动
[2026-07-30 20:03:43] [SENSOR] 开机未检测到温湿度传感器，延时播报
[2026-07-30 20:03:44] [CAM] 摄像头已连接 分辨率1280*720 真实帧率30.0
[2026-07-30 20:03:44] [CAM] 摄像头设备状态变为正常
[2026-07-30 20:03:45] [NET] 网络已恢复连通
[2026-07-30 20:03:45] [MIC] 检测到USB麦克风设备
