[2026-08-08 16:00:23] [INFO] ========== 幼儿园AI安全卫士程序启动 ==========
[2026-08-08 16:00:23] [INFO] 主程序窗口初始化完成
[2026-08-08 16:00:23] [SENSOR] RS485传感器采集线程已启动，串口：/dev/ttyUSB0
[2026-08-08 16:00:23] [INFO] 摄像头线程启动，拉取后端流: http://127.0.0.1:8080/stream
[2026-08-08 16:00:23] [INFO] AI 告警订阅线程启动，连接: ws://127.0.0.1:8080/ws/alerts
[2026-08-08 16:00:23] [SENSOR] 开机未检测到温湿度传感器，延时播报
[2026-08-08 16:00:23] [CAM] MJPEG 流已连接: http://127.0.0.1:8080/stream
[2026-08-08 16:00:23] [CAM] 摄像头设备状态变为正常
[2026-08-08 16:00:23] [INFO] 已连接后端告警 WebSocket
[2026-08-08 16:00:23] [ERROR] 告警流中断: name 'asyncio' is not defined
[2026-08-08 16:03:54] [INFO] ========== 幼儿园AI安全卫士程序启动 ==========
[2026-08-08 16:03:54] [INFO] 主程序窗口初始化完成
[2026-08-08 16:03:54] [SENSOR] RS485传感器采集线程已启动，串口：/dev/ttyUSB0
[2026-08-08 16:03:54] [INFO] 摄像头线程启动，拉取后端流: http://127.0.0.1:8080/stream
[2026-08-08 16:03:54] [INFO] AI 告警订阅线程启动，连接: ws://127.0.0.1:8080/ws/alerts
[2026-08-08 16:03:54] [SENSOR] 开机未检测到温湿度传感器，延时播报
[2026-08-08 16:03:54] [CAM] MJPEG 流已连接: http://127.0.0.1:8080/stream
[2026-08-08 16:03:54] [CAM] 摄像头设备状态变为正常
[2026-08-08 16:03:54] [INFO] 已连接后端告警 WebSocket
[2026-08-08 16:04:25] [INFO] ========== 幼儿园AI安全卫士程序启动 ==========
[2026-08-08 16:04:25] [INFO] 主程序窗口初始化完成
[2026-08-08 16:04:25] [SENSOR] RS485传感器采集线程已启动，串口：/dev/ttyUSB0
[2026-08-08 16:04:25] [INFO] 摄像头线程启动，拉取后端流: http://127.0.0.1:8080/stream
[2026-08-08 16:04:25] [SENSOR] 开机未检测到温湿度传感器，延时播报
[2026-08-08 16:04:25] [INFO] AI 告警订阅线程启动，连接: ws://127.0.0.1:8080/ws/alerts
[2026-08-08 16:04:25] [CAM] MJPEG 流已连接: http://127.0.0.1:8080/stream
[2026-08-08 16:04:25] [CAM] 摄像头设备状态变为正常
[2026-08-08 16:04:41] [INFO] ========== 幼儿园AI安全卫士程序启动 ==========
[2026-08-08 16:04:41] [INFO] 主程序窗口初始化完成
[2026-08-08 16:04:41] [SENSOR] RS485传感器采集线程已启动，串口：/dev/ttyUSB0
[2026-08-08 16:04:41] [INFO] 摄像头线程启动，拉取后端流: http://127.0.0.1:8080/stream
[2026-08-08 16:04:41] [INFO] AI 告警订阅线程启动，连接: ws://127.0.0.1:8080/ws/alerts
[2026-08-08 16:04:41] [SENSOR] 开机未检测到温湿度传感器，延时播报
[2026-08-08 16:04:42] [CAM] MJPEG 流已连接: http://127.0.0.1:8080/stream
[2026-08-08 16:04:42] [CAM] 摄像头设备状态变为正常
[2026-08-08 16:04:42] [INFO] 已连接后端告警 WebSocket
[2026-08-08 16:05:06] [INFO] ========== 幼儿园AI安全卫士程序启动 ==========
[2026-08-08 16:05:06] [INFO] 主程序窗口初始化完成
[2026-08-08 16:05:06] [SENSOR] RS485传感器采集线程已启动，串口：/dev/ttyUSB0
[2026-08-08 16:05:06] [INFO] 摄像头线程启动，拉取后端流: http://127.0.0.1:8080/stream
[2026-08-08 16:05:06] [INFO] AI 告警订阅线程启动，连接: ws://127.0.0.1:8080/ws/alerts
[2026-08-08 16:05:06] [SENSOR] 开机未检测到温湿度传感器，延时播报
[2026-08-08 16:05:06] [CAM] MJPEG 流已连接: http://127.0.0.1:8080/stream
[2026-08-08 16:05:06] [CAM] 摄像头设备状态变为正常
[2026-08-08 16:05:06] [INFO] 已连接后端告警 WebSocket
[2026-08-08 16:05:08] [MIC] 麦克风检测命令执行异常: [WinError 2] 系统找不到指定的文件。
[2026-08-08 16:05:08] [MIC] 开机未检测到USB麦克风，延时播报
[2026-08-08 16:05:10] [MIC] 麦克风检测命令执行异常: [WinError 2] 系统找不到指定的文件。
[2026-08-08 16:05:12] [MIC] 麦克风检测命令执行异常: [WinError 2] 系统找不到指定的文件。
[2026-08-08 16:05:12] [NET] 开机检测无网络，语音提醒
[2026-08-08 16:05:14] [MIC] 麦克风检测命令执行异常: [WinError 2] 系统找不到指定的文件。
[2026-08-08 16:05:16] [MIC] 麦克风检测命令执行异常: [WinError 2] 系统找不到指定的文件。
[2026-08-08 16:05:18] [MIC] 麦克风检测命令执行异常: [WinError 2] 系统找不到指定的文件。
[2026-08-08 16:05:20] [MIC] 麦克风检测命令执行异常: [WinError 2] 系统找不到指定的文件。
[2026-08-08 16:05:22] [MIC] 麦克风检测命令执行异常: [WinError 2] 系统找不到指定的文件。
[2026-08-08 16:05:24] [MIC] 麦克风检测命令执行异常: [WinError 2] 系统找不到指定的文件。
[2026-08-08 16:05:26] [MIC] 麦克风检测命令执行异常: [WinError 2] 系统找不到指定的文件。
[2026-08-08 16:05:28] [MIC] 麦克风检测命令执行异常: [WinError 2] 系统找不到指定的文件。
[2026-08-08 16:05:30] [MIC] 麦克风检测命令执行异常: [WinError 2] 系统找不到指定的文件。
[2026-08-08 16:05:32] [MIC] 麦克风检测命令执行异常: [WinError 2] 系统找不到指定的文件。
[2026-08-08 16:05:34] [MIC] 麦克风检测命令执行异常: [WinError 2] 系统找不到指定的文件。
[2026-08-08 16:05:36] [MIC] 麦克风检测命令执行异常: [WinError 2] 系统找不到指定的文件。
[2026-08-08 16:05:38] [MIC] 麦克风检测命令执行异常: [WinError 2] 系统找不到指定的文件。
[2026-08-08 16:05:40] [MIC] 麦克风检测命令执行异常: [WinError 2] 系统找不到指定的文件。
[2026-08-08 16:05:42] [MIC] 麦克风检测命令执行异常: [WinError 2] 系统找不到指定的文件。
[2026-08-08 16:05:44] [MIC] 麦克风检测命令执行异常: [WinError 2] 系统找不到指定的文件。
[2026-08-08 16:05:46] [MIC] 麦克风检测命令执行异常: [WinError 2] 系统找不到指定的文件。
[2026-08-08 16:05:48] [MIC] 麦克风检测命令执行异常: [WinError 2] 系统找不到指定的文件。
[2026-08-08 16:05:50] [MIC] 麦克风检测命令执行异常: [WinError 2] 系统找不到指定的文件。
[2026-08-08 16:05:52] [MIC] 麦克风检测命令执行异常: [WinError 2] 系统找不到指定的文件。
[2026-08-08 16:05:54] [MIC] 麦克风检测命令执行异常: [WinError 2] 系统找不到指定的文件。
[2026-08-08 16:05:56] [MIC] 麦克风检测命令执行异常: [WinError 2] 系统找不到指定的文件。
[2026-08-08 16:05:58] [MIC] 麦克风检测命令执行异常: [WinError 2] 系统找不到指定的文件。
[2026-08-08 16:06:00] [MIC] 麦克风检测命令执行异常: [WinError 2] 系统找不到指定的文件。
[2026-08-08 16:06:02] [MIC] 麦克风检测命令执行异常: [WinError 2] 系统找不到指定的文件。
[2026-08-08 16:06:04] [MIC] 麦克风检测命令执行异常: [WinError 2] 系统找不到指定的文件。
[2026-08-08 16:06:06] [MIC] 麦克风检测命令执行异常: [WinError 2] 系统找不到指定的文件。
[2026-08-08 16:06:08] [MIC] 麦克风检测命令执行异常: [WinError 2] 系统找不到指定的文件。
[2026-08-08 16:06:10] [MIC] 麦克风检测命令执行异常: [WinError 2] 系统找不到指定的文件。
[2026-08-08 16:06:12] [MIC] 麦克风检测命令执行异常: [WinError 2] 系统找不到指定的文件。
[2026-08-08 16:06:14] [MIC] 麦克风检测命令执行异常: [WinError 2] 系统找不到指定的文件。
[2026-08-08 16:06:16] [MIC] 麦克风检测命令执行异常: [WinError 2] 系统找不到指定的文件。
[2026-08-08 16:06:18] [MIC] 麦克风检测命令执行异常: [WinError 2] 系统找不到指定的文件。
[2026-08-08 16:06:20] [MIC] 麦克风检测命令执行异常: [WinError 2] 系统找不到指定的文件。
[2026-08-08 16:06:22] [MIC] 麦克风检测命令执行异常: [WinError 2] 系统找不到指定的文件。
[2026-08-08 16:06:24] [MIC] 麦克风检测命令执行异常: [WinError 2] 系统找不到指定的文件。
[2026-08-08 16:06:26] [MIC] 麦克风检测命令执行异常: [WinError 2] 系统找不到指定的文件。
[2026-08-08 16:06:28] [MIC] 麦克风检测命令执行异常: [WinError 2] 系统找不到指定的文件。
[2026-08-08 16:06:30] [MIC] 麦克风检测命令执行异常: [WinError 2] 系统找不到指定的文件。
[2026-08-08 16:06:32] [MIC] 麦克风检测命令执行异常: [WinError 2] 系统找不到指定的文件。
[2026-08-08 16:06:34] [MIC] 麦克风检测命令执行异常: [WinError 2] 系统找不到指定的文件。
[2026-08-08 16:06:36] [MIC] 麦克风检测命令执行异常: [WinError 2] 系统找不到指定的文件。
[2026-08-08 16:06:38] [MIC] 麦克风检测命令执行异常: [WinError 2] 系统找不到指定的文件。
[2026-08-08 16:06:40] [MIC] 麦克风检测命令执行异常: [WinError 2] 系统找不到指定的文件。
[2026-08-08 16:06:42] [MIC] 麦克风检测命令执行异常: [WinError 2] 系统找不到指定的文件。
[2026-08-08 16:06:44] [MIC] 麦克风检测命令执行异常: [WinError 2] 系统找不到指定的文件。
[2026-08-08 16:06:46] [MIC] 麦克风检测命令执行异常: [WinError 2] 系统找不到指定的文件。
[2026-08-08 16:06:48] [MIC] 麦克风检测命令执行异常: [WinError 2] 系统找不到指定的文件。
[2026-08-08 16:06:50] [MIC] 麦克风检测命令执行异常: [WinError 2] 系统找不到指定的文件。
[2026-08-08 16:06:52] [MIC] 麦克风检测命令执行异常: [WinError 2] 系统找不到指定的文件。
[2026-08-08 16:06:54] [MIC] 麦克风检测命令执行异常: [WinError 2] 系统找不到指定的文件。
[2026-08-08 16:06:55] [INFO] 切换运行模式: 课堂模式 场景:中四班
[2026-08-08 16:06:56] [MIC] 麦克风检测命令执行异常: [WinError 2] 系统找不到指定的文件。
[2026-08-08 16:06:56] [INFO] 切换运行模式: 午睡模式 场景:一楼左侧睡眠室
[2026-08-08 16:06:58] [INFO] 切换运行模式: 公共巡查模式 场景:公共过道
[2026-08-08 16:06:58] [MIC] 麦克风检测命令执行异常: [WinError 2] 系统找不到指定的文件。
[2026-08-08 16:06:58] [INFO] 切换运行模式: 课堂模式 场景:中四班
[2026-08-08 16:07:00] [MIC] 麦克风检测命令执行异常: [WinError 2] 系统找不到指定的文件。
[2026-08-08 16:07:02] [MIC] 麦克风检测命令执行异常: [WinError 2] 系统找不到指定的文件。
[2026-08-08 16:07:04] [MIC] 麦克风检测命令执行异常: [WinError 2] 系统找不到指定的文件。
[2026-08-08 16:07:06] [MIC] 麦克风检测命令执行异常: [WinError 2] 系统找不到指定的文件。
[2026-08-08 16:07:08] [MIC] 麦克风检测命令执行异常: [WinError 2] 系统找不到指定的文件。
[2026-08-08 16:07:10] [MIC] 麦克风检测命令执行异常: [WinError 2] 系统找不到指定的文件。
[2026-08-08 16:07:12] [MIC] 麦克风检测命令执行异常: [WinError 2] 系统找不到指定的文件。
[2026-08-08 16:07:14] [MIC] 麦克风检测命令执行异常: [WinError 2] 系统找不到指定的文件。
[2026-08-08 16:07:16] [MIC] 麦克风检测命令执行异常: [WinError 2] 系统找不到指定的文件。
[2026-08-08 16:07:18] [MIC] 麦克风检测命令执行异常: [WinError 2] 系统找不到指定的文件。
[2026-08-08 16:07:20] [MIC] 麦克风检测命令执行异常: [WinError 2] 系统找不到指定的文件。
[2026-08-08 16:07:22] [MIC] 麦克风检测命令执行异常: [WinError 2] 系统找不到指定的文件。
[2026-08-08 16:07:24] [MIC] 麦克风检测命令执行异常: [WinError 2] 系统找不到指定的文件。
[2026-08-08 16:07:26] [MIC] 麦克风检测命令执行异常: [WinError 2] 系统找不到指定的文件。
[2026-08-08 16:07:28] [MIC] 麦克风检测命令执行异常: [WinError 2] 系统找不到指定的文件。
[2026-08-08 16:07:30] [MIC] 麦克风检测命令执行异常: [WinError 2] 系统找不到指定的文件。
[2026-08-08 16:07:32] [MIC] 麦克风检测命令执行异常: [WinError 2] 系统找不到指定的文件。
[2026-08-08 16:07:34] [MIC] 麦克风检测命令执行异常: [WinError 2] 系统找不到指定的文件。
[2026-08-08 16:07:36] [MIC] 麦克风检测命令执行异常: [WinError 2] 系统找不到指定的文件。
[2026-08-08 16:07:38] [MIC] 麦克风检测命令执行异常: [WinError 2] 系统找不到指定的文件。
[2026-08-08 16:07:40] [MIC] 麦克风检测命令执行异常: [WinError 2] 系统找不到指定的文件。
[2026-08-08 16:07:42] [MIC] 麦克风检测命令执行异常: [WinError 2] 系统找不到指定的文件。
[2026-08-08 16:07:44] [MIC] 麦克风检测命令执行异常: [WinError 2] 系统找不到指定的文件。
[2026-08-08 16:07:46] [MIC] 麦克风检测命令执行异常: [WinError 2] 系统找不到指定的文件。
[2026-08-08 16:07:48] [MIC] 麦克风检测命令执行异常: [WinError 2] 系统找不到指定的文件。
[2026-08-08 16:07:50] [MIC] 麦克风检测命令执行异常: [WinError 2] 系统找不到指定的文件。
[2026-08-08 16:07:52] [MIC] 麦克风检测命令执行异常: [WinError 2] 系统找不到指定的文件。
[2026-08-08 16:07:54] [MIC] 麦克风检测命令执行异常: [WinError 2] 系统找不到指定的文件。
[2026-08-08 16:07:56] [MIC] 麦克风检测命令执行异常: [WinError 2] 系统找不到指定的文件。
[2026-08-08 16:07:58] [MIC] 麦克风检测命令执行异常: [WinError 2] 系统找不到指定的文件。
[2026-08-08 16:08:00] [MIC] 麦克风检测命令执行异常: [WinError 2] 系统找不到指定的文件。
[2026-08-08 16:08:02] [MIC] 麦克风检测命令执行异常: [WinError 2] 系统找不到指定的文件。
[2026-08-08 16:08:04] [MIC] 麦克风检测命令执行异常: [WinError 2] 系统找不到指定的文件。
[2026-08-08 16:08:06] [MIC] 麦克风检测命令执行异常: [WinError 2] 系统找不到指定的文件。
[2026-08-08 16:08:08] [MIC] 麦克风检测命令执行异常: [WinError 2] 系统找不到指定的文件。
[2026-08-08 16:08:10] [MIC] 麦克风检测命令执行异常: [WinError 2] 系统找不到指定的文件。
[2026-08-08 16:08:12] [MIC] 麦克风检测命令执行异常: [WinError 2] 系统找不到指定的文件。
[2026-08-08 16:08:14] [MIC] 麦克风检测命令执行异常: [WinError 2] 系统找不到指定的文件。
[2026-08-08 16:08:16] [MIC] 麦克风检测命令执行异常: [WinError 2] 系统找不到指定的文件。
[2026-08-08 16:08:18] [MIC] 麦克风检测命令执行异常: [WinError 2] 系统找不到指定的文件。
[2026-08-08 16:08:20] [MIC] 麦克风检测命令执行异常: [WinError 2] 系统找不到指定的文件。
[2026-08-08 16:08:22] [MIC] 麦克风检测命令执行异常: [WinError 2] 系统找不到指定的文件。
[2026-08-08 16:08:24] [MIC] 麦克风检测命令执行异常: [WinError 2] 系统找不到指定的文件。
[2026-08-08 16:08:26] [MIC] 麦克风检测命令执行异常: [WinError 2] 系统找不到指定的文件。
[2026-08-08 16:08:28] [MIC] 麦克风检测命令执行异常: [WinError 2] 系统找不到指定的文件。
[2026-08-08 16:08:30] [MIC] 麦克风检测命令执行异常: [WinError 2] 系统找不到指定的文件。
[2026-08-08 16:08:32] [MIC] 麦克风检测命令执行异常: [WinError 2] 系统找不到指定的文件。
[2026-08-08 16:08:34] [MIC] 麦克风检测命令执行异常: [WinError 2] 系统找不到指定的文件。
[2026-08-08 16:08:36] [MIC] 麦克风检测命令执行异常: [WinError 2] 系统找不到指定的文件。
[2026-08-08 16:08:38] [MIC] 麦克风检测命令执行异常: [WinError 2] 系统找不到指定的文件。
[2026-08-08 16:08:40] [MIC] 麦克风检测命令执行异常: [WinError 2] 系统找不到指定的文件。
[2026-08-08 16:08:42] [MIC] 麦克风检测命令执行异常: [WinError 2] 系统找不到指定的文件。
[2026-08-08 16:08:44] [MIC] 麦克风检测命令执行异常: [WinError 2] 系统找不到指定的文件。
[2026-08-08 16:08:46] [MIC] 麦克风检测命令执行异常: [WinError 2] 系统找不到指定的文件。
[2026-08-08 16:08:48] [MIC] 麦克风检测命令执行异常: [WinError 2] 系统找不到指定的文件。
[2026-08-08 16:08:50] [MIC] 麦克风检测命令执行异常: [WinError 2] 系统找不到指定的文件。
[2026-08-08 16:08:52] [MIC] 麦克风检测命令执行异常: [WinError 2] 系统找不到指定的文件。
[2026-08-08 16:08:54] [MIC] 麦克风检测命令执行异常: [WinError 2] 系统找不到指定的文件。
[2026-08-08 16:08:56] [MIC] 麦克风检测命令执行异常: [WinError 2] 系统找不到指定的文件。
[2026-08-08 16:08:58] [MIC] 麦克风检测命令执行异常: [WinError 2] 系统找不到指定的文件。
[2026-08-08 16:09:00] [MIC] 麦克风检测命令执行异常: [WinError 2] 系统找不到指定的文件。
[2026-08-08 16:09:02] [MIC] 麦克风检测命令执行异常: [WinError 2] 系统找不到指定的文件。
[2026-08-08 16:09:04] [MIC] 麦克风检测命令执行异常: [WinError 2] 系统找不到指定的文件。
[2026-08-08 16:09:06] [MIC] 麦克风检测命令执行异常: [WinError 2] 系统找不到指定的文件。
[2026-08-08 16:09:08] [MIC] 麦克风检测命令执行异常: [WinError 2] 系统找不到指定的文件。
[2026-08-08 16:09:10] [MIC] 麦克风检测命令执行异常: [WinError 2] 系统找不到指定的文件。
[2026-08-08 16:09:12] [MIC] 麦克风检测命令执行异常: [WinError 2] 系统找不到指定的文件。
[2026-08-08 16:09:14] [MIC] 麦克风检测命令执行异常: [WinError 2] 系统找不到指定的文件。
[2026-08-08 16:09:16] [MIC] 麦克风检测命令执行异常: [WinError 2] 系统找不到指定的文件。
[2026-08-08 16:09:18] [MIC] 麦克风检测命令执行异常: [WinError 2] 系统找不到指定的文件。
[2026-08-08 16:09:20] [MIC] 麦克风检测命令执行异常: [WinError 2] 系统找不到指定的文件。
[2026-08-08 16:09:22] [MIC] 麦克风检测命令执行异常: [WinError 2] 系统找不到指定的文件。
[2026-08-08 16:09:24] [MIC] 麦克风检测命令执行异常: [WinError 2] 系统找不到指定的文件。
[2026-08-08 16:09:26] [MIC] 麦克风检测命令执行异常: [WinError 2] 系统找不到指定的文件。
[2026-08-08 16:09:28] [MIC] 麦克风检测命令执行异常: [WinError 2] 系统找不到指定的文件。
[2026-08-08 16:09:30] [MIC] 麦克风检测命令执行异常: [WinError 2] 系统找不到指定的文件。
[2026-08-08 16:09:32] [MIC] 麦克风检测命令执行异常: [WinError 2] 系统找不到指定的文件。
[2026-08-08 16:09:34] [MIC] 麦克风检测命令执行异常: [WinError 2] 系统找不到指定的文件。
[2026-08-08 16:09:36] [MIC] 麦克风检测命令执行异常: [WinError 2] 系统找不到指定的文件。
[2026-08-08 16:09:38] [MIC] 麦克风检测命令执行异常: [WinError 2] 系统找不到指定的文件。
[2026-08-08 16:09:40] [MIC] 麦克风检测命令执行异常: [WinError 2] 系统找不到指定的文件。
[2026-08-08 16:09:42] [MIC] 麦克风检测命令执行异常: [WinError 2] 系统找不到指定的文件。
[2026-08-08 16:09:44] [MIC] 麦克风检测命令执行异常: [WinError 2] 系统找不到指定的文件。
[2026-08-08 16:09:46] [MIC] 麦克风检测命令执行异常: [WinError 2] 系统找不到指定的文件。
[2026-08-08 16:09:48] [MIC] 麦克风检测命令执行异常: [WinError 2] 系统找不到指定的文件。
[2026-08-08 16:09:50] [MIC] 麦克风检测命令执行异常: [WinError 2] 系统找不到指定的文件。
[2026-08-08 16:09:52] [MIC] 麦克风检测命令执行异常: [WinError 2] 系统找不到指定的文件。
[2026-08-08 16:09:54] [MIC] 麦克风检测命令执行异常: [WinError 2] 系统找不到指定的文件。
[2026-08-08 16:09:56] [MIC] 麦克风检测命令执行异常: [WinError 2] 系统找不到指定的文件。
[2026-08-08 16:09:58] [MIC] 麦克风检测命令执行异常: [WinError 2] 系统找不到指定的文件。
[2026-08-08 16:10:00] [MIC] 麦克风检测命令执行异常: [WinError 2] 系统找不到指定的文件。
[2026-08-08 16:10:02] [MIC] 麦克风检测命令执行异常: [WinError 2] 系统找不到指定的文件。
[2026-08-08 16:10:04] [MIC] 麦克风检测命令执行异常: [WinError 2] 系统找不到指定的文件。
[2026-08-08 16:10:06] [MIC] 麦克风检测命令执行异常: [WinError 2] 系统找不到指定的文件。
[2026-08-08 16:10:08] [MIC] 麦克风检测命令执行异常: [WinError 2] 系统找不到指定的文件。
[2026-08-08 16:10:10] [MIC] 麦克风检测命令执行异常: [WinError 2] 系统找不到指定的文件。
[2026-08-08 16:10:12] [MIC] 麦克风检测命令执行异常: [WinError 2] 系统找不到指定的文件。
[2026-08-08 16:10:14] [MIC] 麦克风检测命令执行异常: [WinError 2] 系统找不到指定的文件。
[2026-08-08 16:10:16] [MIC] 麦克风检测命令执行异常: [WinError 2] 系统找不到指定的文件。
[2026-08-08 16:10:18] [MIC] 麦克风检测命令执行异常: [WinError 2] 系统找不到指定的文件。
[2026-08-08 16:10:20] [MIC] 麦克风检测命令执行异常: [WinError 2] 系统找不到指定的文件。
[2026-08-08 16:10:22] [MIC] 麦克风检测命令执行异常: [WinError 2] 系统找不到指定的文件。
[2026-08-08 16:10:24] [MIC] 麦克风检测命令执行异常: [WinError 2] 系统找不到指定的文件。
[2026-08-08 16:10:26] [MIC] 麦克风检测命令执行异常: [WinError 2] 系统找不到指定的文件。
[2026-08-08 16:10:28] [MIC] 麦克风检测命令执行异常: [WinError 2] 系统找不到指定的文件。
[2026-08-08 16:10:30] [MIC] 麦克风检测命令执行异常: [WinError 2] 系统找不到指定的文件。
[2026-08-08 16:10:32] [MIC] 麦克风检测命令执行异常: [WinError 2] 系统找不到指定的文件。
[2026-08-08 16:10:34] [MIC] 麦克风检测命令执行异常: [WinError 2] 系统找不到指定的文件。
[2026-08-08 16:10:36] [MIC] 麦克风检测命令执行异常: [WinError 2] 系统找不到指定的文件。
[2026-08-08 16:10:38] [MIC] 麦克风检测命令执行异常: [WinError 2] 系统找不到指定的文件。
[2026-08-08 16:10:40] [MIC] 麦克风检测命令执行异常: [WinError 2] 系统找不到指定的文件。
[2026-08-08 16:10:42] [MIC] 麦克风检测命令执行异常: [WinError 2] 系统找不到指定的文件。
[2026-08-08 16:10:44] [MIC] 麦克风检测命令执行异常: [WinError 2] 系统找不到指定的文件。
[2026-08-08 16:10:46] [MIC] 麦克风检测命令执行异常: [WinError 2] 系统找不到指定的文件。
[2026-08-08 16:10:48] [MIC] 麦克风检测命令执行异常: [WinError 2] 系统找不到指定的文件。
[2026-08-08 16:10:50] [MIC] 麦克风检测命令执行异常: [WinError 2] 系统找不到指定的文件。
[2026-08-08 16:10:52] [MIC] 麦克风检测命令执行异常: [WinError 2] 系统找不到指定的文件。
[2026-08-08 16:10:54] [MIC] 麦克风检测命令执行异常: [WinError 2] 系统找不到指定的文件。
[2026-08-08 16:10:56] [MIC] 麦克风检测命令执行异常: [WinError 2] 系统找不到指定的文件。
[2026-08-08 16:10:58] [MIC] 麦克风检测命令执行异常: [WinError 2] 系统找不到指定的文件。
[2026-08-08 16:11:00] [MIC] 麦克风检测命令执行异常: [WinError 2] 系统找不到指定的文件。
[2026-08-08 16:11:02] [MIC] 麦克风检测命令执行异常: [WinError 2] 系统找不到指定的文件。
[2026-08-08 16:11:04] [MIC] 麦克风检测命令执行异常: [WinError 2] 系统找不到指定的文件。
[2026-08-08 16:11:06] [MIC] 麦克风检测命令执行异常: [WinError 2] 系统找不到指定的文件。
[2026-08-08 16:11:08] [MIC] 麦克风检测命令执行异常: [WinError 2] 系统找不到指定的文件。
[2026-08-08 16:11:10] [MIC] 麦克风检测命令执行异常: [WinError 2] 系统找不到指定的文件。
[2026-08-08 16:11:12] [MIC] 麦克风检测命令执行异常: [WinError 2] 系统找不到指定的文件。
[2026-08-08 16:11:14] [MIC] 麦克风检测命令执行异常: [WinError 2] 系统找不到指定的文件。
[2026-08-08 16:11:16] [MIC] 麦克风检测命令执行异常: [WinError 2] 系统找不到指定的文件。
[2026-08-08 16:11:18] [MIC] 麦克风检测命令执行异常: [WinError 2] 系统找不到指定的文件。
[2026-08-08 16:11:20] [MIC] 麦克风检测命令执行异常: [WinError 2] 系统找不到指定的文件。
[2026-08-08 16:11:22] [MIC] 麦克风检测命令执行异常: [WinError 2] 系统找不到指定的文件。
[2026-08-08 16:11:24] [MIC] 麦克风检测命令执行异常: [WinError 2] 系统找不到指定的文件。
[2026-08-08 16:11:26] [MIC] 麦克风检测命令执行异常: [WinError 2] 系统找不到指定的文件。
[2026-08-08 16:11:28] [MIC] 麦克风检测命令执行异常: [WinError 2] 系统找不到指定的文件。
[2026-08-08 16:11:30] [MIC] 麦克风检测命令执行异常: [WinError 2] 系统找不到指定的文件。
[2026-08-08 16:11:32] [MIC] 麦克风检测命令执行异常: [WinError 2] 系统找不到指定的文件。
[2026-08-08 16:11:34] [MIC] 麦克风检测命令执行异常: [WinError 2] 系统找不到指定的文件。
[2026-08-08 16:11:36] [MIC] 麦克风检测命令执行异常: [WinError 2] 系统找不到指定的文件。
[2026-08-08 16:11:38] [MIC] 麦克风检测命令执行异常: [WinError 2] 系统找不到指定的文件。
[2026-08-08 16:11:40] [MIC] 麦克风检测命令执行异常: [WinError 2] 系统找不到指定的文件。
[2026-08-08 16:11:42] [MIC] 麦克风检测命令执行异常: [WinError 2] 系统找不到指定的文件。
[2026-08-08 16:11:44] [MIC] 麦克风检测命令执行异常: [WinError 2] 系统找不到指定的文件。
[2026-08-08 16:11:46] [MIC] 麦克风检测命令执行异常: [WinError 2] 系统找不到指定的文件。
[2026-08-08 16:11:48] [MIC] 麦克风检测命令执行异常: [WinError 2] 系统找不到指定的文件。
[2026-08-08 16:11:50] [MIC] 麦克风检测命令执行异常: [WinError 2] 系统找不到指定的文件。
[2026-08-08 16:11:52] [MIC] 麦克风检测命令执行异常: [WinError 2] 系统找不到指定的文件。
[2026-08-08 16:11:54] [MIC] 麦克风检测命令执行异常: [WinError 2] 系统找不到指定的文件。
[2026-08-08 16:11:56] [MIC] 麦克风检测命令执行异常: [WinError 2] 系统找不到指定的文件。
[2026-08-08 16:11:58] [MIC] 麦克风检测命令执行异常: [WinError 2] 系统找不到指定的文件。
[2026-08-08 16:12:00] [MIC] 麦克风检测命令执行异常: [WinError 2] 系统找不到指定的文件。
[2026-08-08 16:12:02] [MIC] 麦克风检测命令执行异常: [WinError 2] 系统找不到指定的文件。
[2026-08-08 16:12:04] [MIC] 麦克风检测命令执行异常: [WinError 2] 系统找不到指定的文件。
[2026-08-08 16:12:06] [MIC] 麦克风检测命令执行异常: [WinError 2] 系统找不到指定的文件。
[2026-08-08 16:12:08] [MIC] 麦克风检测命令执行异常: [WinError 2] 系统找不到指定的文件。
[2026-08-08 16:12:10] [MIC] 麦克风检测命令执行异常: [WinError 2] 系统找不到指定的文件。
[2026-08-08 16:12:12] [MIC] 麦克风检测命令执行异常: [WinError 2] 系统找不到指定的文件。
[2026-08-08 16:12:14] [MIC] 麦克风检测命令执行异常: [WinError 2] 系统找不到指定的文件。
[2026-08-08 16:12:16] [MIC] 麦克风检测命令执行异常: [WinError 2] 系统找不到指定的文件。
[2026-08-08 16:12:18] [MIC] 麦克风检测命令执行异常: [WinError 2] 系统找不到指定的文件。
[2026-08-08 16:12:20] [MIC] 麦克风检测命令执行异常: [WinError 2] 系统找不到指定的文件。
[2026-08-08 16:12:22] [MIC] 麦克风检测命令执行异常: [WinError 2] 系统找不到指定的文件。
[2026-08-08 16:12:24] [MIC] 麦克风检测命令执行异常: [WinError 2] 系统找不到指定的文件。
[2026-08-08 16:12:26] [MIC] 麦克风检测命令执行异常: [WinError 2] 系统找不到指定的文件。
[2026-08-08 16:12:28] [MIC] 麦克风检测命令执行异常: [WinError 2] 系统找不到指定的文件。
[2026-08-08 16:12:30] [MIC] 麦克风检测命令执行异常: [WinError 2] 系统找不到指定的文件。
[2026-08-08 16:12:32] [MIC] 麦克风检测命令执行异常: [WinError 2] 系统找不到指定的文件。
[2026-08-08 16:12:34] [MIC] 麦克风检测命令执行异常: [WinError 2] 系统找不到指定的文件。
[2026-08-08 16:12:36] [MIC] 麦克风检测命令执行异常: [WinError 2] 系统找不到指定的文件。
[2026-08-08 16:12:38] [MIC] 麦克风检测命令执行异常: [WinError 2] 系统找不到指定的文件。
[2026-08-08 16:12:40] [MIC] 麦克风检测命令执行异常: [WinError 2] 系统找不到指定的文件。
[2026-08-08 16:12:42] [MIC] 麦克风检测命令执行异常: [WinError 2] 系统找不到指定的文件。
[2026-08-08 16:12:44] [MIC] 麦克风检测命令执行异常: [WinError 2] 系统找不到指定的文件。
[2026-08-08 16:12:46] [MIC] 麦克风检测命令执行异常: [WinError 2] 系统找不到指定的文件。
[2026-08-08 16:12:48] [MIC] 麦克风检测命令执行异常: [WinError 2] 系统找不到指定的文件。
[2026-08-08 16:12:50] [MIC] 麦克风检测命令执行异常: [WinError 2] 系统找不到指定的文件。
[2026-08-08 16:12:52] [MIC] 麦克风检测命令执行异常: [WinError 2] 系统找不到指定的文件。
[2026-08-08 16:12:54] [MIC] 麦克风检测命令执行异常: [WinError 2] 系统找不到指定的文件。
[2026-08-08 16:12:56] [MIC] 麦克风检测命令执行异常: [WinError 2] 系统找不到指定的文件。
[2026-08-08 16:12:58] [MIC] 麦克风检测命令执行异常: [WinError 2] 系统找不到指定的文件。
[2026-08-08 16:13:00] [MIC] 麦克风检测命令执行异常: [WinError 2] 系统找不到指定的文件。
[2026-08-08 16:13:02] [MIC] 麦克风检测命令执行异常: [WinError 2] 系统找不到指定的文件。
[2026-08-08 16:13:04] [MIC] 麦克风检测命令执行异常: [WinError 2] 系统找不到指定的文件。
[2026-08-08 16:13:06] [MIC] 麦克风检测命令执行异常: [WinError 2] 系统找不到指定的文件。
[2026-08-08 16:13:08] [MIC] 麦克风检测命令执行异常: [WinError 2] 系统找不到指定的文件。
[2026-08-08 16:13:10] [MIC] 麦克风检测命令执行异常: [WinError 2] 系统找不到指定的文件。
[2026-08-08 16:13:12] [MIC] 麦克风检测命令执行异常: [WinError 2] 系统找不到指定的文件。
[2026-08-08 16:13:14] [MIC] 麦克风检测命令执行异常: [WinError 2] 系统找不到指定的文件。
[2026-08-08 16:13:16] [MIC] 麦克风检测命令执行异常: [WinError 2] 系统找不到指定的文件。
[2026-08-08 16:13:18] [MIC] 麦克风检测命令执行异常: [WinError 2] 系统找不到指定的文件。
[2026-08-08 16:13:20] [MIC] 麦克风检测命令执行异常: [WinError 2] 系统找不到指定的文件。
[2026-08-08 16:13:22] [MIC] 麦克风检测命令执行异常: [WinError 2] 系统找不到指定的文件。
[2026-08-08 16:13:24] [MIC] 麦克风检测命令执行异常: [WinError 2] 系统找不到指定的文件。
[2026-08-08 16:13:26] [MIC] 麦克风检测命令执行异常: [WinError 2] 系统找不到指定的文件。
[2026-08-08 16:13:28] [MIC] 麦克风检测命令执行异常: [WinError 2] 系统找不到指定的文件。
[2026-08-08 16:13:30] [MIC] 麦克风检测命令执行异常: [WinError 2] 系统找不到指定的文件。
[2026-08-08 16:13:32] [MIC] 麦克风检测命令执行异常: [WinError 2] 系统找不到指定的文件。
[2026-08-08 16:13:34] [MIC] 麦克风检测命令执行异常: [WinError 2] 系统找不到指定的文件。
[2026-08-08 16:13:36] [MIC] 麦克风检测命令执行异常: [WinError 2] 系统找不到指定的文件。
[2026-08-08 16:13:38] [MIC] 麦克风检测命令执行异常: [WinError 2] 系统找不到指定的文件。
[2026-08-08 16:13:40] [MIC] 麦克风检测命令执行异常: [WinError 2] 系统找不到指定的文件。
[2026-08-08 16:13:42] [MIC] 麦克风检测命令执行异常: [WinError 2] 系统找不到指定的文件。
[2026-08-08 16:13:44] [MIC] 麦克风检测命令执行异常: [WinError 2] 系统找不到指定的文件。
[2026-08-08 16:13:46] [MIC] 麦克风检测命令执行异常: [WinError 2] 系统找不到指定的文件。
[2026-08-08 16:13:48] [MIC] 麦克风检测命令执行异常: [WinError 2] 系统找不到指定的文件。
[2026-08-08 16:13:50] [MIC] 麦克风检测命令执行异常: [WinError 2] 系统找不到指定的文件。
[2026-08-08 16:13:52] [MIC] 麦克风检测命令执行异常: [WinError 2] 系统找不到指定的文件。
[2026-08-08 16:13:54] [MIC] 麦克风检测命令执行异常: [WinError 2] 系统找不到指定的文件。
[2026-08-08 16:13:54] [INFO] 程序收到关闭信号，开始安全退出流程
[2026-08-08 16:13:55] [SENSOR] RS485采集线程已停止
[2026-08-08 16:13:55] [INFO] 摄像头线程正常退出
[2026-08-08 16:13:55] [INFO] 程序正常退出
[2026-08-08 16:13:55] [CAM] 摄像头设备断开...........................................
[2026-08-08 16:13:55] [INFO] 程序结束，退出码:0
[2026-08-08 16:38:26] [INFO] ========== 幼儿园AI安全卫士程序启动 ==========
[2026-08-08 16:38:26] [INFO] 主程序窗口初始化完成
[2026-08-08 16:38:26] [SENSOR] RS485传感器采集线程已启动，串口：/dev/ttyUSB0
[2026-08-08 16:38:26] [SENSOR] 开机未检测到温湿度传感器，延时播报
[2026-08-08 16:38:26] [INFO] AI 告警订阅线程启动，连接: ws://127.0.0.1:8081/ws/alerts
[2026-08-08 16:38:26] [INFO] 摄像头线程启动，拉取后端流: http://127.0.0.1:8081/stream
[2026-08-08 16:38:28] [MIC] 开机未检测到USB麦克风，延时播报
[2026-08-08 16:38:32] [NET] 开机检测无网络，语音提醒
[2026-08-08 16:38:32] [CAM] MJPEG 流已连接: http://127.0.0.1:8081/stream
[2026-08-08 16:38:32] [CAM] 摄像头设备状态变为正常
[2026-08-08 16:38:33] [INFO] 已连接后端告警 WebSocket
[2026-08-08 16:38:49] [INFO] 切换运行模式: 课堂模式 场景:中四班
[2026-08-08 16:38:50] [INFO] 切换运行模式: 午睡模式 场景:一楼左侧睡眠室
[2026-08-08 16:38:51] [INFO] 切换运行模式: 公共巡查模式 场景:公共过道
[2026-08-08 16:38:52] [INFO] 切换运行模式: 课堂模式 场景:中四班
[2026-08-08 16:38:52] [INFO] 切换运行模式: 午睡模式 场景:一楼左侧睡眠室
[2026-08-08 16:38:53] [INFO] 切换运行模式: 公共巡查模式 场景:公共过道
[2026-08-08 16:38:53] [INFO] 切换运行模式: 课堂模式 场景:中四班
[2026-08-08 16:38:53] [INFO] 切换运行模式: 午睡模式 场景:一楼左侧睡眠室
[2026-08-08 16:38:54] [INFO] 切换运行模式: 公共巡查模式 场景:公共过道
[2026-08-08 16:38:55] [INFO] 切换运行模式: 课堂模式 场景:中四班
[2026-08-08 16:38:56] [INFO] 语音唤醒 已开启
[2026-08-08 16:38:56] [INFO] 切换运行模式: 午睡模式 场景:一楼左侧睡眠室
[2026-08-08 16:38:56] [INFO] 切换运行模式: 公共巡查模式 场景:公共过道
[2026-08-08 16:38:57] [INFO] 切换运行模式: 课堂模式 场景:中四班
[2026-08-08 16:38:57] [INFO] 切换运行模式: 午睡模式 场景:一楼左侧睡眠室
[2026-08-08 16:38:57] [INFO] 切换运行模式: 公共巡查模式 场景:公共过道
[2026-08-08 16:38:58] [INFO] 切换运行模式: 课堂模式 场景:中四班
[2026-08-08 16:38:58] [INFO] 切换运行模式: 午睡模式 场景:一楼左侧睡眠室
[2026-08-08 16:38:59] [INFO] 切换运行模式: 公共巡查模式 场景:公共过道
[2026-08-08 16:38:59] [INFO] 语音唤醒 已关闭
[2026-08-08 16:39:00] [RECORD] 已启动视频录制开始录制声音...
[2026-08-08 16:39:00] [RECORD] 启动声音录制声音
[2026-08-08 16:39:00] [RECORD] 未检测到麦克风，不录制声音
[2026-08-08 16:39:00] [RECORD] 录制启动成功 ./video_record\video_20260808_163900.mp4 分辨率1280*800
[2026-08-08 16:39:00] [RECORD] 已启动视频录制开始录制声音...
[2026-08-08 16:39:00] [RECORD] 停止录制
[2026-08-08 16:39:00] [RECORD] 录制结束，总共写入0帧
[2026-08-08 16:39:02] [WARN] 手动抓拍失败：无有效画面帧
[2026-08-08 16:50:17] [ERROR] MJPEG 流中断: [WinError 10054] 远程主机强迫关闭了一个现有的连接。
[2026-08-08 16:50:17] [CAM] 摄像头设备断开...........................................
[2026-08-08 16:50:20] [ERROR] MJPEG 流中断: <urlopen error [WinError 10061] 由于目标计算机积极拒绝，无法连接。>
[2026-08-08 16:50:21] [ERROR] 告警流中断: Cannot connect to host 127.0.0.1:8081 ssl:default [远程计算机拒绝网络连接。]
[2026-08-08 16:50:22] [ERROR] MJPEG 流中断: <urlopen error [WinError 10061] 由于目标计算机积极拒绝，无法连接。>
[2026-08-08 16:50:25] [ERROR] MJPEG 流中断: <urlopen error [WinError 10061] 由于目标计算机积极拒绝，无法连接。>
[2026-08-08 16:50:25] [ERROR] 告警流中断: Cannot connect to host 127.0.0.1:8081 ssl:default [远程计算机拒绝网络连接。]
[2026-08-08 16:50:28] [ERROR] MJPEG 流中断: <urlopen error [WinError 10061] 由于目标计算机积极拒绝，无法连接。>
[2026-08-08 16:50:29] [ERROR] 告警流中断: Cannot connect to host 127.0.0.1:8081 ssl:default [远程计算机拒绝网络连接。]
[2026-08-08 16:50:30] [ERROR] MJPEG 流中断: <urlopen error [WinError 10061] 由于目标计算机积极拒绝，无法连接。>
[2026-08-08 16:50:33] [ERROR] MJPEG 流中断: <urlopen error [WinError 10061] 由于目标计算机积极拒绝，无法连接。>
[2026-08-08 16:50:33] [ERROR] 告警流中断: Cannot connect to host 127.0.0.1:8081 ssl:default [远程计算机拒绝网络连接。]
[2026-08-08 16:50:35] [ERROR] MJPEG 流中断: <urlopen error [WinError 10061] 由于目标计算机积极拒绝，无法连接。>
[2026-08-08 16:50:38] [ERROR] 告警流中断: Cannot connect to host 127.0.0.1:8081 ssl:default [远程计算机拒绝网络连接。]
[2026-08-08 16:50:38] [ERROR] MJPEG 流中断: <urlopen error [WinError 10061] 由于目标计算机积极拒绝，无法连接。>
[2026-08-08 16:50:40] [ERROR] MJPEG 流中断: <urlopen error [WinError 10061] 由于目标计算机积极拒绝，无法连接。>
[2026-08-08 16:50:42] [ERROR] 告警流中断: Cannot connect to host 127.0.0.1:8081 ssl:default [远程计算机拒绝网络连接。]
[2026-08-08 16:50:43] [ERROR] MJPEG 流中断: <urlopen error [WinError 10061] 由于目标计算机积极拒绝，无法连接。>
[2026-08-08 16:50:45] [ERROR] MJPEG 流中断: <urlopen error [WinError 10061] 由于目标计算机积极拒绝，无法连接。>
[2026-08-08 16:50:46] [ERROR] 告警流中断: Cannot connect to host 127.0.0.1:8081 ssl:default [远程计算机拒绝网络连接。]
[2026-08-08 16:50:48] [ERROR] MJPEG 流中断: <urlopen error [WinError 10061] 由于目标计算机积极拒绝，无法连接。>
[2026-08-08 16:50:50] [ERROR] 告警流中断: Cannot connect to host 127.0.0.1:8081 ssl:default [远程计算机拒绝网络连接。]
[2026-08-08 16:50:50] [ERROR] MJPEG 流中断: <urlopen error [WinError 10061] 由于目标计算机积极拒绝，无法连接。>
[2026-08-08 16:50:53] [ERROR] MJPEG 流中断: <urlopen error [WinError 10061] 由于目标计算机积极拒绝，无法连接。>
[2026-08-08 16:50:54] [ERROR] 告警流中断: Cannot connect to host 127.0.0.1:8081 ssl:default [远程计算机拒绝网络连接。]
[2026-08-08 16:50:55] [ERROR] MJPEG 流中断: <urlopen error [WinError 10061] 由于目标计算机积极拒绝，无法连接。>
[2026-08-08 16:50:58] [ERROR] 告警流中断: Cannot connect to host 127.0.0.1:8081 ssl:default [远程计算机拒绝网络连接。]
[2026-08-08 16:50:58] [ERROR] MJPEG 流中断: <urlopen error [WinError 10061] 由于目标计算机积极拒绝，无法连接。>
[2026-08-08 16:51:01] [ERROR] MJPEG 流中断: <urlopen error [WinError 10061] 由于目标计算机积极拒绝，无法连接。>
[2026-08-08 16:51:02] [ERROR] 告警流中断: Cannot connect to host 127.0.0.1:8081 ssl:default [远程计算机拒绝网络连接。]
[2026-08-08 16:51:03] [ERROR] MJPEG 流中断: <urlopen error [WinError 10061] 由于目标计算机积极拒绝，无法连接。>
[2026-08-08 16:51:06] [ERROR] MJPEG 流中断: <urlopen error [WinError 10061] 由于目标计算机积极拒绝，无法连接。>
[2026-08-08 16:51:06] [ERROR] 告警流中断: Cannot connect to host 127.0.0.1:8081 ssl:default [远程计算机拒绝网络连接。]
[2026-08-08 16:51:08] [ERROR] MJPEG 流中断: <urlopen error [WinError 10061] 由于目标计算机积极拒绝，无法连接。>
[2026-08-08 16:51:10] [ERROR] 告警流中断: Cannot connect to host 127.0.0.1:8081 ssl:default [远程计算机拒绝网络连接。]
[2026-08-08 16:51:11] [ERROR] MJPEG 流中断: <urlopen error [WinError 10061] 由于目标计算机积极拒绝，无法连接。>
[2026-08-08 16:51:13] [ERROR] MJPEG 流中断: <urlopen error [WinError 10061] 由于目标计算机积极拒绝，无法连接。>
[2026-08-08 16:51:14] [ERROR] 告警流中断: Cannot connect to host 127.0.0.1:8081 ssl:default [远程计算机拒绝网络连接。]
[2026-08-08 16:51:16] [ERROR] MJPEG 流中断: <urlopen error [WinError 10061] 由于目标计算机积极拒绝，无法连接。>
[2026-08-08 16:51:18] [ERROR] 告警流中断: Cannot connect to host 127.0.0.1:8081 ssl:default [远程计算机拒绝网络连接。]
[2026-08-08 16:51:18] [ERROR] MJPEG 流中断: <urlopen error [WinError 10061] 由于目标计算机积极拒绝，无法连接。>
[2026-08-08 16:51:21] [ERROR] MJPEG 流中断: <urlopen error [WinError 10061] 由于目标计算机积极拒绝，无法连接。>
[2026-08-08 16:51:22] [CAM] MJPEG 流已连接: http://127.0.0.1:8081/stream
[2026-08-08 16:51:22] [CAM] 摄像头设备状态变为正常
[2026-08-08 16:51:22] [INFO] 已连接后端告警 WebSocket
[2026-08-08 16:52:04] [INFO] 程序收到关闭信号，开始安全退出流程
[2026-08-08 16:52:04] [SENSOR] RS485采集线程已停止
[2026-08-08 16:52:04] [INFO] 摄像头线程正常退出
[2026-08-08 16:52:04] [INFO] 程序正常退出
[2026-08-08 16:52:04] [CAM] 摄像头设备断开...........................................
[2026-08-08 16:52:04] [INFO] 程序结束，退出码:0
[2026-08-08 16:53:55] [INFO] ========== 幼儿园AI安全卫士程序启动 ==========
[2026-08-08 16:53:55] [INFO] 主程序窗口初始化完成
[2026-08-08 16:53:55] [SENSOR] RS485传感器采集线程已启动，串口：/dev/ttyUSB0
[2026-08-08 16:53:55] [INFO] AI 告警订阅线程启动，连接: ws://127.0.0.1:8080/ws/alerts
[2026-08-08 16:53:55] [INFO] 摄像头线程启动，拉取后端流: http://127.0.0.1:8080/stream
[2026-08-08 16:53:55] [SENSOR] 开机未检测到温湿度传感器，延时播报
[2026-08-08 16:53:55] [CAM] MJPEG 流已连接: http://127.0.0.1:8080/stream
[2026-08-08 16:53:55] [CAM] 摄像头设备状态变为正常
[2026-08-08 16:53:56] [INFO] 已连接后端告警 WebSocket
[2026-08-08 16:53:57] [MIC] 开机未检测到USB麦克风，延时播报
[2026-08-08 16:54:01] [NET] 开机检测无网络，语音提醒
