[2026-06-20 08:03:13] [INFO] ========== 幼儿园AI安全卫士程序启动 ==========
[2026-06-20 08:03:14] [INFO] 主程序窗口初始化完成
[2026-06-20 08:03:14] [INFO] AI环境模拟线程启动
[2026-06-20 08:03:14] [INFO] 摄像头采集线程启动
[2026-06-20 08:03:14] [SENSOR] 传感器采集正常
[2026-06-20 08:03:14] [CAM] 摄像头已连接 分辨率1280*720 真实帧率30.0
[2026-06-20 08:03:14] [CAM] 摄像头设备状态变为正常
[2026-06-20 08:03:16] [NET] 网络已恢复连通
[2026-06-20 08:03:16] [MIC] 检测到USB麦克风设备
[2026-06-20 08:03:18] [RECORD] 已启动视频录制开始录制声音...
[2026-06-20 08:03:18] [RECORD] 启动声音录制声音
[2026-06-20 08:03:18] [RECORD] 录制启动成功 ./video_record/video_20260620_080318.mp4 分辨率1280*720
[2026-06-20 08:03:20] [RECORD] 已写入50帧画面
[2026-06-20 08:03:22] [RECORD] 已写入100帧画面
[2026-06-20 08:03:23] [WARN] 触发弹窗告警：奔跑预警 内容:幼儿在过道快速追逐打闹
[2026-06-20 08:03:24] [RECORD] 已写入150帧画面
[2026-06-20 08:03:26] [RECORD] 已写入200帧画面
[2026-06-20 08:03:28] [RECORD] 已写入250帧画面
[2026-06-20 08:03:30] [RECORD] 已写入300帧画面
[2026-06-20 08:03:30] [RECORD] 已启动视频录制开始录制声音...
[2026-06-20 08:03:30] [RECORD] 停止录制
[2026-06-20 08:03:31] [RECORD] 录制结束，总共写入350帧
[2026-06-20 08:03:31] [RECORD] 开始合并./video_record/video_20260620_080318.mp4和./video_record/video_20260620_080318.wav至./video_record/video_20260620_080318_with_audio.mp4文件
[2026-06-20 08:03:32] [RECORD] 音视频合成完成，文件：./video_record/video_20260620_080318_with_audio.mp4
[2026-06-20 08:04:10] [INFO] ========== 幼儿园AI安全卫士程序启动 ==========
[2026-06-20 08:04:10] [INFO] 主程序窗口初始化完成
[2026-06-20 08:04:10] [INFO] AI环境模拟线程启动
[2026-06-20 08:04:10] [INFO] 摄像头采集线程启动
[2026-06-20 08:04:10] [SENSOR] 传感器采集正常
[2026-06-20 08:04:10] [WARN] 触发弹窗告警：危险品预警 内容:幼儿手持别针行走过道
[2026-06-20 08:04:10] [CAM] 摄像头已连接 分辨率1280*720 真实帧率30.0
[2026-06-20 08:04:10] [CAM] 摄像头设备状态变为正常
[2026-06-20 08:04:12] [NET] 网络已恢复连通
[2026-06-20 08:04:12] [MIC] 检测到USB麦克风设备
[2026-06-20 08:04:13] [RECORD] 已启动视频录制开始录制声音...
[2026-06-20 08:04:13] [RECORD] 启动声音录制声音
[2026-06-20 08:04:13] [RECORD] 录制启动成功 ./video_record/video_20260620_080413.mp4 分辨率1280*720
[2026-06-20 08:04:14] [RECORD] 已写入50帧画面
[2026-06-20 08:04:16] [RECORD] 已写入100帧画面
[2026-06-20 08:04:18] [RECORD] 已写入150帧画面
[2026-06-20 08:04:20] [RECORD] 已写入200帧画面
[2026-06-20 08:04:22] [RECORD] 已写入250帧画面
[2026-06-20 08:04:22] [WARN] 触发弹窗告警：环境异常 内容:过道湿滑，存在滑倒风险
[2026-06-20 08:04:24] [RECORD] 已写入300帧画面
[2026-06-20 08:04:26] [RECORD] 已写入350帧画面
[2026-06-20 08:04:27] [RECORD] 已写入400帧画面
[2026-06-20 08:04:28] [RECORD] 已启动视频录制开始录制声音...
[2026-06-20 08:04:28] [RECORD] 停止录制
[2026-06-20 08:04:29] [RECORD] 录制结束，总共写入462帧
[2026-06-20 08:04:29] [RECORD] 开始合并./video_record/video_20260620_080413.mp4和./video_record/video_20260620_080413.wav至./video_record/video_20260620_080413_with_audio.mp4文件
[2026-06-20 08:04:30] [RECORD] 音视频合成完成，文件：./video_record/video_20260620_080413_with_audio.mp4
[2026-06-20 08:04:31] [WARN] 触发弹窗告警：环境异常 内容:过道湿滑，存在滑倒风险
[2026-06-20 08:04:36] [RECORD] 已启动视频录制开始录制声音...
[2026-06-20 08:04:36] [RECORD] 启动声音录制声音
[2026-06-20 08:04:36] [RECORD] 录制启动成功 ./video_record/video_20260620_080436.mp4 分辨率1280*720
[2026-06-20 08:04:38] [RECORD] 已写入50帧画面
[2026-06-20 08:04:40] [WARN] 触发弹窗告警：危险品预警 内容:幼儿手持别针行走过道
[2026-06-20 08:04:40] [RECORD] 已写入100帧画面
[2026-06-20 08:04:42] [RECORD] 已写入150帧画面
[2026-06-20 08:04:44] [RECORD] 已写入200帧画面
[2026-06-20 08:04:45] [RECORD] 已启动视频录制开始录制声音...
[2026-06-20 08:04:45] [RECORD] 停止录制
[2026-06-20 08:04:46] [RECORD] 录制结束，总共写入257帧
[2026-06-20 08:04:46] [RECORD] 开始合并./video_record/video_20260620_080436.mp4和./video_record/video_20260620_080436.wav至./video_record/video_20260620_080436_with_audio.mp4文件
[2026-06-20 08:04:46] [RECORD] 音视频合成完成，文件：./video_record/video_20260620_080436_with_audio.mp4
[2026-06-20 08:04:47] [WARN] 触发弹窗告警：环境异常 内容:过道湿滑，存在滑倒风险
[2026-06-20 08:04:49] [SENSOR] 传感器数据异常
[2026-06-20 08:04:49] [INFO] 程序收到关闭信号，开始安全退出流程
[2026-06-20 08:04:49] [CAM] 摄像头捕获器已释放
[2026-06-20 08:04:49] [INFO] 摄像头采集线程正常退出
[2026-06-20 08:04:49] [INFO] 程序正常退出
[2026-06-20 08:04:49] [CAM] 摄像头设备断开
[2026-06-20 08:04:49] [INFO] 程序结束，退出码:0
[2026-06-20 08:06:43] [INFO] ========== 幼儿园AI安全卫士程序启动 ==========
[2026-06-20 08:06:43] [INFO] 主程序窗口初始化完成
[2026-06-20 08:06:43] [INFO] AI环境模拟线程启动
[2026-06-20 08:06:43] [INFO] 摄像头采集线程启动
[2026-06-20 08:06:43] [SENSOR] 传感器采集正常
[2026-06-20 08:06:43] [CAM] 摄像头已连接 分辨率1280*720 真实帧率30.0
[2026-06-20 08:06:43] [CAM] 摄像头设备状态变为正常
[2026-06-20 08:06:45] [NET] 网络已恢复连通
[2026-06-20 08:06:45] [MIC] 检测到USB麦克风设备
[2026-06-20 08:06:46] [RECORD] 已启动视频录制开始录制声音...
[2026-06-20 08:06:46] [RECORD] 启动声音录制声音
[2026-06-20 08:06:46] [RECORD] 录制启动成功 ./video_record/video_20260620_080646.mp4 分辨率1280*720
[2026-06-20 08:06:48] [RECORD] 已写入50帧画面
[2026-06-20 08:06:51] [RECORD] 已写入100帧画面
[2026-06-20 08:06:52] [SENSOR] 传感器数据异常
[2026-06-20 08:06:53] [RECORD] 已写入150帧画面
[2026-06-20 08:06:55] [SENSOR] 传感器采集正常
[2026-06-20 08:06:55] [RECORD] 已写入200帧画面
[2026-06-20 08:06:57] [RECORD] 已写入250帧画面
[2026-06-20 08:06:58] [WARN] 触发弹窗告警：奔跑预警 内容:幼儿在过道快速追逐打闹
[2026-06-20 08:06:59] [RECORD] 已写入300帧画面
[2026-06-20 08:07:01] [RECORD] 已写入350帧画面
[2026-06-20 08:07:03] [RECORD] 已写入400帧画面
[2026-06-20 08:07:05] [RECORD] 已写入450帧画面
[2026-06-20 08:07:07] [RECORD] 已写入500帧画面
[2026-06-20 08:07:10] [RECORD] 已写入550帧画面
[2026-06-20 08:07:12] [RECORD] 已写入600帧画面
[2026-06-20 08:07:14] [RECORD] 已写入650帧画面
[2026-06-20 08:07:17] [RECORD] 已写入700帧画面
[2026-06-20 08:07:19] [SENSOR] 传感器数据异常
[2026-06-20 08:07:19] [RECORD] 已写入750帧画面
[2026-06-20 08:07:22] [RECORD] 已写入800帧画面
[2026-06-20 08:07:24] [RECORD] 已启动视频录制开始录制声音...
[2026-06-20 08:07:24] [RECORD] 停止录制
[2026-06-20 08:07:26] [RECORD] 开始合并./video_record/video_20260620_080646.mp4和./video_record/video_20260620_080646.wav至./video_record/video_20260620_080646_with_audio.mp4文件
[2026-06-20 08:07:26] [RECORD] 音视频合成完成，文件：./video_record/video_20260620_080646_with_audio.mp4
[2026-06-20 08:07:26] [SENSOR] 传感器采集正常
[2026-06-20 08:07:28] [INFO] 切换运行模式: 教室模式 场景:中四班
[2026-06-20 08:07:28] [RECORD] 录制结束，总共写入966帧
[2026-06-20 08:07:30] [INFO] 切换运行模式: 睡眠室模式 场景:一楼左侧睡眠室
[2026-06-20 08:07:30] [INFO] 切换运行模式: 公共巡查模式 场景:公共过道
[2026-06-20 08:07:37] [WARN] 触发弹窗告警：危险品预警 内容:幼儿手持别针行走过道
[2026-06-20 08:07:46] [SENSOR] 传感器数据异常
[2026-06-20 08:07:48] [INFO] 程序收到关闭信号，开始安全退出流程
[2026-06-20 08:07:48] [CAM] 摄像头捕获器已释放
[2026-06-20 08:07:48] [INFO] 摄像头采集线程正常退出
[2026-06-20 08:07:48] [INFO] 程序正常退出
[2026-06-20 08:07:48] [CAM] 摄像头设备断开
[2026-06-20 08:07:48] [INFO] 程序结束，退出码:0
[2026-06-20 08:07:57] [INFO] ========== 幼儿园AI安全卫士程序启动 ==========
[2026-06-20 08:07:57] [INFO] 主程序窗口初始化完成
[2026-06-20 08:07:57] [INFO] AI环境模拟线程启动
[2026-06-20 08:07:57] [INFO] 摄像头采集线程启动
[2026-06-20 08:07:57] [SENSOR] 传感器采集正常
[2026-06-20 08:07:58] [CAM] 摄像头已连接 分辨率1280*720 真实帧率30.0
[2026-06-20 08:07:58] [CAM] 摄像头设备状态变为正常
[2026-06-20 08:07:59] [NET] 网络已恢复连通
[2026-06-20 08:07:59] [MIC] 检测到USB麦克风设备
[2026-06-20 08:08:00] [WARN] 触发弹窗告警：危险品预警 内容:幼儿手持别针行走过道
[2026-06-20 08:08:02] [RECORD] 已启动视频录制开始录制声音...
[2026-06-20 08:08:02] [RECORD] 启动声音录制声音
[2026-06-20 08:08:02] [RECORD] 录制启动成功 ./video_record/video_20260620_080802.mp4 分辨率1280*720
[2026-06-20 08:08:04] [RECORD] 已写入50帧画面
[2026-06-20 08:08:07] [RECORD] 已写入100帧画面
[2026-06-20 08:08:09] [RECORD] 已写入150帧画面
[2026-06-20 08:08:11] [RECORD] 已写入200帧画面
[2026-06-20 08:08:13] [RECORD] 已写入250帧画面
[2026-06-20 08:08:14] [RECORD] 已写入300帧画面
[2026-06-20 08:08:16] [RECORD] 已写入350帧画面
[2026-06-20 08:08:18] [RECORD] 已启动视频录制开始录制声音...
[2026-06-20 08:08:18] [RECORD] 停止录制
[2026-06-20 08:08:20] [RECORD] 开始合并./video_record/video_20260620_080802.mp4和./video_record/video_20260620_080802.wav至./video_record/video_20260620_080802_with_audio.mp4文件
[2026-06-20 08:08:20] [RECORD] 音视频合成完成，文件：./video_record/video_20260620_080802_with_audio.mp4
[2026-06-20 08:08:21] [RECORD] 录制结束，总共写入476帧
[2026-06-20 08:08:25] [INFO] 程序收到关闭信号，开始安全退出流程
[2026-06-20 08:08:25] [CAM] 摄像头捕获器已释放
[2026-06-20 08:08:25] [INFO] 摄像头采集线程正常退出
[2026-06-20 08:08:25] [INFO] 程序正常退出
[2026-06-20 08:08:25] [CAM] 摄像头设备断开
[2026-06-20 08:08:25] [INFO] 程序结束，退出码:0
[2026-06-20 08:08:45] [INFO] ========== 幼儿园AI安全卫士程序启动 ==========
[2026-06-20 08:08:45] [INFO] 主程序窗口初始化完成
[2026-06-20 08:08:45] [INFO] AI环境模拟线程启动
[2026-06-20 08:08:45] [INFO] 摄像头采集线程启动
[2026-06-20 08:08:45] [SENSOR] 传感器采集正常
[2026-06-20 08:08:46] [CAM] 摄像头已连接 分辨率1280*720 真实帧率30.0
[2026-06-20 08:08:46] [CAM] 摄像头设备状态变为正常
[2026-06-20 08:08:48] [NET] 网络已恢复连通
[2026-06-20 08:08:48] [MIC] 检测到USB麦克风设备
[2026-06-20 08:08:48] [RECORD] 已启动视频录制开始录制声音...
[2026-06-20 08:08:48] [RECORD] 启动声音录制声音
[2026-06-20 08:08:48] [RECORD] 录制启动成功 ./video_record/video_20260620_080848.mp4 分辨率1280*720
[2026-06-20 08:08:50] [RECORD] 已写入50帧画面
[2026-06-20 08:08:51] [SENSOR] 传感器数据异常
[2026-06-20 08:08:52] [RECORD] 已写入100帧画面
[2026-06-20 08:08:54] [RECORD] 已写入150帧画面
[2026-06-20 08:08:56] [RECORD] 已写入200帧画面
[2026-06-20 08:08:58] [RECORD] 已写入250帧画面
[2026-06-20 08:09:00] [RECORD] 已写入300帧画面
[2026-06-20 08:09:00] [SENSOR] 传感器采集正常
[2026-06-20 08:09:00] [WARN] 触发弹窗告警：危险品预警 内容:幼儿手持别针行走过道
[2026-06-20 08:09:02] [RECORD] 已写入350帧画面
[2026-06-20 08:09:04] [RECORD] 已写入400帧画面
[2026-06-20 08:09:06] [RECORD] 已写入450帧画面
[2026-06-20 08:09:08] [RECORD] 已写入500帧画面
[2026-06-20 08:09:09] [RECORD] 已启动视频录制开始录制声音...
[2026-06-20 08:09:09] [RECORD] 停止录制
[2026-06-20 08:09:11] [RECORD] 开始合并./video_record/video_20260620_080848.mp4和./video_record/video_20260620_080848.wav至./video_record/video_20260620_080848_with_audio.mp4文件
[2026-06-20 08:09:11] [RECORD] 音视频合成完成，文件：./video_record/video_20260620_080848_with_audio.mp4
[2026-06-20 08:09:12] [RECORD] 录制结束，总共写入633帧
[2026-06-20 08:09:12] [WARN] 触发弹窗告警：环境异常 内容:过道湿滑，存在滑倒风险
[2026-06-20 08:09:15] [SENSOR] 传感器数据异常
[2026-06-20 08:09:18] [SENSOR] 传感器采集正常
[2026-06-20 08:09:24] [WARN] 触发弹窗告警：危险品预警 内容:幼儿手持别针行走过道
[2026-06-20 08:09:27] [SENSOR] 传感器数据异常
[2026-06-20 08:09:30] [WARN] 触发弹窗告警：奔跑预警 内容:幼儿在过道快速追逐打闹
[2026-06-20 08:09:33] [SENSOR] 传感器采集正常
[2026-06-20 08:09:45] [WARN] 触发弹窗告警：奔跑预警 内容:幼儿在过道快速追逐打闹
[2026-06-20 08:09:49] [INFO] 程序收到关闭信号，开始安全退出流程
[2026-06-20 08:09:49] [CAM] 摄像头捕获器已释放
[2026-06-20 08:09:49] [INFO] 摄像头采集线程正常退出
[2026-06-20 08:09:49] [INFO] 程序正常退出
[2026-06-20 08:09:49] [CAM] 摄像头设备断开
[2026-06-20 08:09:49] [INFO] 程序结束，退出码:0
