[2026-07-27 20:19:23] [CAM] 摄像头捕获器已释放
[2026-07-27 20:19:23] [CAM] 摄像头未检测到，等待重连...
[2026-07-27 20:19:23] [CAM] 摄像头捕获器已释放
[2026-07-27 20:19:23] [CAM] 摄像头未检测到，等待重连...
[2026-07-27 20:19:24] [CAM] 摄像头捕获器已释放
[2026-07-27 20:19:24] [CAM] 摄像头未检测到，等待重连...
[2026-07-27 20:19:24] [CAM] 摄像头捕获器已释放
[2026-07-27 20:19:24] [CAM] 摄像头未检测到，等待重连...
[2026-07-27 20:19:25] [CAM] 摄像头捕获器已释放
[2026-07-27 20:19:25] [CAM] 摄像头未检测到，等待重连...
[2026-07-27 20:19:25] [CAM] 摄像头捕获器已释放
[2026-07-27 20:19:25] [CAM] 摄像头未检测到，等待重连...
[2026-07-27 20:19:26] [CAM] 摄像头捕获器已释放
[2026-07-27 20:19:26] [CAM] 摄像头未检测到，等待重连...
[2026-07-27 20:19:26] [CAM] 摄像头捕获器已释放
[2026-07-27 20:19:26] [CAM] 摄像头未检测到，等待重连...
[2026-07-27 20:19:27] [CAM] 摄像头捕获器已释放
[2026-07-27 20:19:27] [CAM] 摄像头未检测到，等待重连...
[2026-07-27 20:19:27] [CAM] 摄像头捕获器已释放
[2026-07-27 20:19:27] [CAM] 摄像头未检测到，等待重连...
[2026-07-27 20:19:28] [CAM] 摄像头捕获器已释放
[2026-07-27 20:19:28] [CAM] 摄像头未检测到，等待重连...
[2026-07-27 20:19:28] [CAM] 摄像头捕获器已释放
[2026-07-27 20:19:28] [CAM] 摄像头未检测到，等待重连...
[2026-07-27 20:19:29] [CAM] 摄像头捕获器已释放
[2026-07-27 20:19:29] [CAM] 摄像头未检测到，等待重连...
[2026-07-27 20:19:29] [CAM] 摄像头捕获器已释放
[2026-07-27 20:19:29] [CAM] 摄像头未检测到，等待重连...
[2026-07-27 20:19:30] [CAM] 摄像头捕获器已释放
[2026-07-27 20:19:30] [CAM] 摄像头未检测到，等待重连...
[2026-07-27 20:19:30] [CAM] 摄像头捕获器已释放
[2026-07-27 20:19:30] [CAM] 摄像头未检测到，等待重连...
[2026-07-27 20:19:31] [CAM] 摄像头捕获器已释放
[2026-07-27 20:19:31] [CAM] 摄像头未检测到，等待重连...
[2026-07-27 20:19:31] [CAM] 摄像头捕获器已释放
[2026-07-27 20:19:31] [CAM] 摄像头未检测到，等待重连...
[2026-07-27 20:19:32] [CAM] 摄像头捕获器已释放
[2026-07-27 20:19:32] [CAM] 摄像头未检测到，等待重连...
[2026-07-27 20:19:32] [CAM] 摄像头捕获器已释放
[2026-07-27 20:19:32] [CAM] 摄像头未检测到，等待重连...
[2026-07-27 20:19:33] [CAM] 摄像头捕获器已释放
[2026-07-27 20:19:33] [CAM] 摄像头未检测到，等待重连...
[2026-07-27 20:19:33] [CAM] 摄像头捕获器已释放
[2026-07-27 20:19:33] [CAM] 摄像头未检测到，等待重连...
[2026-07-27 20:19:34] [CAM] 摄像头捕获器已释放
[2026-07-27 20:19:34] [CAM] 摄像头未检测到，等待重连...
[2026-07-27 20:19:34] [CAM] 摄像头捕获器已释放
[2026-07-27 20:19:34] [CAM] 摄像头未检测到，等待重连...
[2026-07-27 20:19:35] [CAM] 摄像头捕获器已释放
[2026-07-27 20:19:35] [CAM] 摄像头未检测到，等待重连...
[2026-07-27 20:19:35] [CAM] 摄像头捕获器已释放
[2026-07-27 20:19:35] [CAM] 摄像头未检测到，等待重连...
[2026-07-27 20:19:35] [INFO] 切换运行模式: 课堂模式 场景:中四班
[2026-07-27 20:19:36] [CAM] 摄像头捕获器已释放
[2026-07-27 20:19:36] [CAM] 摄像头未检测到，等待重连...
[2026-07-27 20:19:36] [CAM] 摄像头捕获器已释放
[2026-07-27 20:19:36] [CAM] 摄像头未检测到，等待重连...
[2026-07-27 20:19:37] [INFO] 切换运行模式: 午睡模式 场景:一楼左侧睡眠室
[2026-07-27 20:19:37] [CAM] 摄像头捕获器已释放
[2026-07-27 20:19:37] [CAM] 摄像头未检测到，等待重连...
[2026-07-27 20:19:37] [CAM] 摄像头捕获器已释放
[2026-07-27 20:19:37] [CAM] 摄像头未检测到，等待重连...
[2026-07-27 20:19:38] [CAM] 摄像头捕获器已释放
[2026-07-27 20:19:38] [CAM] 摄像头未检测到，等待重连...
[2026-07-27 20:19:38] [CAM] 摄像头捕获器已释放
[2026-07-27 20:19:38] [CAM] 摄像头未检测到，等待重连...
[2026-07-27 20:19:39] [CAM] 摄像头捕获器已释放
[2026-07-27 20:19:39] [CAM] 摄像头未检测到，等待重连...
[2026-07-27 20:19:39] [CAM] 摄像头捕获器已释放
[2026-07-27 20:19:39] [CAM] 摄像头未检测到，等待重连...
[2026-07-27 20:19:40] [CAM] 摄像头捕获器已释放
[2026-07-27 20:19:40] [CAM] 摄像头未检测到，等待重连...
[2026-07-27 20:19:40] [CAM] 摄像头捕获器已释放
[2026-07-27 20:19:40] [CAM] 摄像头未检测到，等待重连...
[2026-07-27 20:19:41] [CAM] 摄像头捕获器已释放
[2026-07-27 20:19:41] [CAM] 摄像头未检测到，等待重连...
[2026-07-27 20:19:41] [CAM] 摄像头捕获器已释放
[2026-07-27 20:19:41] [CAM] 摄像头未检测到，等待重连...
[2026-07-27 20:19:42] [INFO] 切换运行模式: 公共巡查模式 场景:公共过道
[2026-07-27 20:19:42] [CAM] 摄像头捕获器已释放
[2026-07-27 20:19:42] [CAM] 摄像头未检测到，等待重连...
[2026-07-27 20:19:42] [CAM] 摄像头捕获器已释放
[2026-07-27 20:19:42] [CAM] 摄像头未检测到，等待重连...
[2026-07-27 20:19:43] [INFO] 切换运行模式: 课堂模式 场景:中四班
[2026-07-27 20:19:43] [CAM] 摄像头捕获器已释放
[2026-07-27 20:19:43] [CAM] 摄像头未检测到，等待重连...
[2026-07-27 20:19:43] [CAM] 摄像头捕获器已释放
[2026-07-27 20:19:43] [CAM] 摄像头未检测到，等待重连...
[2026-07-27 20:19:44] [CAM] 摄像头捕获器已释放
[2026-07-27 20:19:44] [CAM] 摄像头未检测到，等待重连...
[2026-07-27 20:19:44] [CAM] 摄像头捕获器已释放
[2026-07-27 20:19:44] [CAM] 摄像头未检测到，等待重连...
[2026-07-27 20:19:45] [CAM] 摄像头捕获器已释放
[2026-07-27 20:19:45] [CAM] 摄像头未检测到，等待重连...
[2026-07-27 20:19:45] [CAM] 摄像头捕获器已释放
[2026-07-27 20:19:45] [CAM] 摄像头未检测到，等待重连...
[2026-07-27 20:19:46] [CAM] 摄像头捕获器已释放
[2026-07-27 20:19:46] [CAM] 摄像头未检测到，等待重连...
[2026-07-27 20:19:46] [CAM] 摄像头捕获器已释放
[2026-07-27 20:19:46] [CAM] 摄像头未检测到，等待重连...
[2026-07-27 20:19:47] [CAM] 摄像头捕获器已释放
[2026-07-27 20:19:47] [CAM] 摄像头未检测到，等待重连...
[2026-07-27 20:19:47] [INFO] 切换运行模式: 午睡模式 场景:一楼左侧睡眠室
[2026-07-27 20:19:47] [CAM] 摄像头捕获器已释放
[2026-07-27 20:19:47] [CAM] 摄像头未检测到，等待重连...
[2026-07-27 20:19:48] [CAM] 摄像头捕获器已释放
[2026-07-27 20:19:48] [CAM] 摄像头未检测到，等待重连...
[2026-07-27 20:19:48] [CAM] 摄像头捕获器已释放
[2026-07-27 20:19:48] [CAM] 摄像头未检测到，等待重连...
[2026-07-27 20:19:49] [INFO] 切换运行模式: 公共巡查模式 场景:公共过道
[2026-07-27 20:19:49] [CAM] 摄像头捕获器已释放
[2026-07-27 20:19:49] [CAM] 摄像头未检测到，等待重连...
[2026-07-27 20:19:49] [CAM] 摄像头捕获器已释放
[2026-07-27 20:19:49] [CAM] 摄像头未检测到，等待重连...
[2026-07-27 20:19:50] [CAM] 摄像头捕获器已释放
[2026-07-27 20:19:50] [CAM] 摄像头未检测到，等待重连...
[2026-07-27 20:19:50] [CAM] 摄像头捕获器已释放
[2026-07-27 20:19:50] [CAM] 摄像头未检测到，等待重连...
[2026-07-27 20:19:51] [CAM] 摄像头捕获器已释放
[2026-07-27 20:19:51] [CAM] 摄像头未检测到，等待重连...
[2026-07-27 20:19:51] [CAM] 摄像头捕获器已释放
[2026-07-27 20:19:51] [CAM] 摄像头未检测到，等待重连...
[2026-07-27 20:19:52] [CAM] 摄像头捕获器已释放
[2026-07-27 20:19:52] [CAM] 摄像头未检测到，等待重连...
[2026-07-27 20:19:52] [CAM] 摄像头捕获器已释放
[2026-07-27 20:19:52] [CAM] 摄像头未检测到，等待重连...
[2026-07-27 20:19:53] [CAM] 摄像头捕获器已释放
[2026-07-27 20:19:53] [CAM] 摄像头未检测到，等待重连...
[2026-07-27 20:19:53] [CAM] 摄像头捕获器已释放
[2026-07-27 20:19:53] [CAM] 摄像头未检测到，等待重连...
[2026-07-27 20:19:54] [INFO] 切换运行模式: 课堂模式 场景:中四班
[2026-07-27 20:19:54] [CAM] 摄像头捕获器已释放
[2026-07-27 20:19:54] [CAM] 摄像头未检测到，等待重连...
[2026-07-27 20:19:54] [CAM] 摄像头捕获器已释放
[2026-07-27 20:19:54] [CAM] 摄像头未检测到，等待重连...
[2026-07-27 20:19:55] [CAM] 摄像头捕获器已释放
[2026-07-27 20:19:55] [CAM] 摄像头未检测到，等待重连...
[2026-07-27 20:19:55] [CAM] 摄像头捕获器已释放
[2026-07-27 20:19:55] [CAM] 摄像头未检测到，等待重连...
[2026-07-27 20:19:56] [CAM] 摄像头捕获器已释放
[2026-07-27 20:19:56] [CAM] 摄像头未检测到，等待重连...
[2026-07-27 20:19:56] [CAM] 摄像头捕获器已释放
[2026-07-27 20:19:56] [CAM] 摄像头未检测到，等待重连...
[2026-07-27 20:19:57] [CAM] 摄像头捕获器已释放
[2026-07-27 20:19:57] [CAM] 摄像头未检测到，等待重连...
[2026-07-27 20:19:57] [CAM] 摄像头捕获器已释放
[2026-07-27 20:19:57] [CAM] 摄像头未检测到，等待重连...
[2026-07-27 20:19:58] [CAM] 摄像头捕获器已释放
[2026-07-27 20:19:58] [CAM] 摄像头未检测到，等待重连...
[2026-07-27 20:19:58] [CAM] 摄像头捕获器已释放
[2026-07-27 20:19:58] [CAM] 摄像头未检测到，等待重连...
[2026-07-27 20:19:59] [INFO] 切换运行模式: 午睡模式 场景:一楼左侧睡眠室
[2026-07-27 20:19:59] [CAM] 摄像头捕获器已释放
[2026-07-27 20:19:59] [CAM] 摄像头未检测到，等待重连...
[2026-07-27 20:19:59] [CAM] 摄像头捕获器已释放
[2026-07-27 20:19:59] [CAM] 摄像头未检测到，等待重连...
[2026-07-27 20:20:00] [INFO] 切换运行模式: 公共巡查模式 场景:公共过道
[2026-07-27 20:20:00] [CAM] 摄像头捕获器已释放
[2026-07-27 20:20:00] [CAM] 摄像头未检测到，等待重连...
[2026-07-27 20:20:00] [CAM] 摄像头捕获器已释放
[2026-07-27 20:20:00] [CAM] 摄像头未检测到，等待重连...
[2026-07-27 20:20:01] [CAM] 摄像头捕获器已释放
[2026-07-27 20:20:01] [CAM] 摄像头未检测到，等待重连...
[2026-07-27 20:20:01] [CAM] 摄像头捕获器已释放
[2026-07-27 20:20:01] [CAM] 摄像头未检测到，等待重连...
[2026-07-27 20:20:02] [CAM] 摄像头捕获器已释放
[2026-07-27 20:20:02] [CAM] 摄像头未检测到，等待重连...
[2026-07-27 20:20:02] [CAM] 摄像头捕获器已释放
[2026-07-27 20:20:02] [CAM] 摄像头未检测到，等待重连...
[2026-07-27 20:20:03] [CAM] 摄像头捕获器已释放
[2026-07-27 20:20:03] [CAM] 摄像头未检测到，等待重连...
[2026-07-27 20:20:03] [CAM] 摄像头捕获器已释放
[2026-07-27 20:20:03] [CAM] 摄像头未检测到，等待重连...
[2026-07-27 20:20:04] [CAM] 摄像头捕获器已释放
[2026-07-27 20:20:04] [CAM] 摄像头未检测到，等待重连...
[2026-07-27 20:20:04] [CAM] 摄像头捕获器已释放
[2026-07-27 20:20:04] [CAM] 摄像头未检测到，等待重连...
[2026-07-27 20:20:05] [CAM] 摄像头捕获器已释放
[2026-07-27 20:20:05] [CAM] 摄像头未检测到，等待重连...
[2026-07-27 20:20:05] [CAM] 摄像头捕获器已释放
[2026-07-27 20:20:05] [CAM] 摄像头未检测到，等待重连...
[2026-07-27 20:20:06] [INFO] 程序收到关闭信号，开始安全退出流程
[2026-07-27 20:20:06] [SENSOR] RS485采集线程已停止
[2026-07-27 20:20:06] [CAM] 摄像头捕获器已释放
[2026-07-27 20:20:06] [INFO] 摄像头采集线程正常退出
[2026-07-27 20:20:06] [INFO] 程序正常退出
[2026-07-27 20:20:06] [INFO] 程序结束，退出码:0
[2026-07-27 20:23:33] [INFO] ========== 幼儿园AI安全卫士程序启动 ==========
[2026-07-27 20:23:33] [INFO] 主程序窗口初始化完成
[2026-07-27 20:23:33] [SENSOR] RS485传感器采集线程已启动，串口：/dev/ttyUSB0
[2026-07-27 20:23:33] [INFO] AI环境模拟线程启动
[2026-07-27 20:23:33] [INFO] 摄像头采集线程启动
[2026-07-27 20:23:33] [CAM] 摄像头未检测到，等待重连...
[2026-07-27 20:23:33] [SENSOR] 开机未检测到温湿度传感器，延时播报
[2026-07-27 20:23:35] [NET] 网络已恢复连通
[2026-07-27 20:23:35] [MIC] 检测到USB麦克风设备
[2026-07-27 20:23:35] [CAM] 摄像头捕获器已释放
[2026-07-27 20:23:35] [CAM] 摄像头未检测到，等待重连...
[2026-07-27 20:23:36] [CAM] 摄像头捕获器已释放
[2026-07-27 20:23:36] [CAM] 摄像头未检测到，等待重连...
[2026-07-27 20:23:36] [CAM] 摄像头捕获器已释放
[2026-07-27 20:23:36] [CAM] 摄像头未检测到，等待重连...
[2026-07-27 20:23:37] [CAM] 摄像头捕获器已释放
[2026-07-27 20:23:37] [CAM] 摄像头未检测到，等待重连...
[2026-07-27 20:23:37] [CAM] 摄像头捕获器已释放
[2026-07-27 20:23:37] [CAM] 摄像头未检测到，等待重连...
[2026-07-27 20:23:38] [CAM] 摄像头捕获器已释放
[2026-07-27 20:23:38] [CAM] 摄像头未检测到，等待重连...
[2026-07-27 20:23:38] [INFO] 程序收到关闭信号，开始安全退出流程
[2026-07-27 20:23:38] [CAM] 摄像头捕获器已释放
[2026-07-27 20:23:38] [CAM] 摄像头未检测到，等待重连...
[2026-07-27 20:23:39] [SENSOR] RS485采集线程已停止
[2026-07-27 20:23:39] [CAM] 摄像头捕获器已释放
[2026-07-27 20:23:39] [INFO] 摄像头采集线程正常退出
[2026-07-27 20:23:39] [INFO] 程序正常退出
[2026-07-27 20:23:39] [INFO] 程序结束，退出码:0
[2026-07-27 20:26:14] [INFO] ========== 幼儿园AI安全卫士程序启动 ==========
[2026-07-27 20:26:15] [INFO] 主程序窗口初始化完成
[2026-07-27 20:26:15] [SENSOR] RS485传感器采集线程已启动，串口：/dev/ttyUSB0
[2026-07-27 20:26:15] [INFO] AI环境模拟线程启动
[2026-07-27 20:26:15] [INFO] 摄像头采集线程启动
[2026-07-27 20:26:15] [CAM] 摄像头未检测到，等待重连...
[2026-07-27 20:26:15] [SENSOR] 开机未检测到温湿度传感器，延时播报
[2026-07-27 20:26:17] [NET] 网络已恢复连通
[2026-07-27 20:26:17] [MIC] 检测到USB麦克风设备
[2026-07-27 20:26:17] [CAM] 摄像头捕获器已释放
[2026-07-27 20:26:17] [CAM] 摄像头未检测到，等待重连...
[2026-07-27 20:26:18] [CAM] 摄像头捕获器已释放
[2026-07-27 20:26:18] [CAM] 摄像头未检测到，等待重连...
[2026-07-27 20:26:18] [CAM] 摄像头捕获器已释放
[2026-07-27 20:26:18] [CAM] 摄像头未检测到，等待重连...
[2026-07-27 20:26:19] [CAM] 摄像头捕获器已释放
[2026-07-27 20:26:19] [CAM] 摄像头未检测到，等待重连...
[2026-07-27 20:26:19] [CAM] 摄像头捕获器已释放
[2026-07-27 20:26:19] [CAM] 摄像头未检测到，等待重连...
[2026-07-27 20:26:20] [CAM] 摄像头捕获器已释放
[2026-07-27 20:26:20] [CAM] 摄像头未检测到，等待重连...
[2026-07-27 20:26:20] [CAM] 摄像头捕获器已释放
[2026-07-27 20:26:20] [CAM] 摄像头未检测到，等待重连...
[2026-07-27 20:26:21] [CAM] 摄像头捕获器已释放
[2026-07-27 20:26:21] [CAM] 摄像头未检测到，等待重连...
[2026-07-27 20:26:21] [CAM] 摄像头捕获器已释放
[2026-07-27 20:26:21] [CAM] 摄像头未检测到，等待重连...
[2026-07-27 20:26:22] [CAM] 摄像头捕获器已释放
[2026-07-27 20:26:22] [CAM] 摄像头未检测到，等待重连...
[2026-07-27 20:26:22] [CAM] 摄像头捕获器已释放
[2026-07-27 20:26:22] [CAM] 摄像头未检测到，等待重连...
[2026-07-27 20:26:23] [CAM] 摄像头捕获器已释放
[2026-07-27 20:26:23] [CAM] 摄像头未检测到，等待重连...
[2026-07-27 20:26:23] [CAM] 摄像头捕获器已释放
[2026-07-27 20:26:23] [CAM] 摄像头未检测到，等待重连...
[2026-07-27 20:26:24] [CAM] 摄像头捕获器已释放
[2026-07-27 20:26:24] [CAM] 摄像头未检测到，等待重连...
[2026-07-27 20:26:24] [CAM] 摄像头捕获器已释放
[2026-07-27 20:26:24] [CAM] 摄像头未检测到，等待重连...
[2026-07-27 20:26:25] [CAM] 摄像头捕获器已释放
[2026-07-27 20:26:25] [CAM] 摄像头未检测到，等待重连...
[2026-07-27 20:26:25] [CAM] 摄像头捕获器已释放
[2026-07-27 20:26:25] [CAM] 摄像头未检测到，等待重连...
[2026-07-27 20:26:26] [CAM] 摄像头捕获器已释放
[2026-07-27 20:26:26] [CAM] 摄像头未检测到，等待重连...
[2026-07-27 20:26:26] [CAM] 摄像头捕获器已释放
[2026-07-27 20:26:26] [CAM] 摄像头未检测到，等待重连...
[2026-07-27 20:26:27] [CAM] 摄像头捕获器已释放
[2026-07-27 20:26:27] [CAM] 摄像头未检测到，等待重连...
[2026-07-27 20:26:27] [CAM] 摄像头捕获器已释放
[2026-07-27 20:26:27] [CAM] 摄像头未检测到，等待重连...
[2026-07-27 20:26:28] [CAM] 摄像头捕获器已释放
[2026-07-27 20:26:28] [CAM] 摄像头未检测到，等待重连...
[2026-07-27 20:26:28] [CAM] 摄像头捕获器已释放
[2026-07-27 20:26:28] [CAM] 摄像头未检测到，等待重连...
[2026-07-27 20:26:29] [CAM] 摄像头捕获器已释放
[2026-07-27 20:26:29] [CAM] 摄像头未检测到，等待重连...
[2026-07-27 20:26:29] [CAM] 摄像头捕获器已释放
[2026-07-27 20:26:29] [CAM] 摄像头未检测到，等待重连...
[2026-07-27 20:26:30] [CAM] 摄像头捕获器已释放
[2026-07-27 20:26:30] [CAM] 摄像头未检测到，等待重连...
[2026-07-27 20:26:30] [CAM] 摄像头捕获器已释放
[2026-07-27 20:26:30] [CAM] 摄像头未检测到，等待重连...
[2026-07-27 20:26:31] [CAM] 摄像头捕获器已释放
[2026-07-27 20:26:31] [CAM] 摄像头未检测到，等待重连...
[2026-07-27 20:26:31] [CAM] 摄像头捕获器已释放
[2026-07-27 20:26:31] [CAM] 摄像头未检测到，等待重连...
[2026-07-27 20:26:32] [CAM] 摄像头捕获器已释放
[2026-07-27 20:26:32] [CAM] 摄像头未检测到，等待重连...
[2026-07-27 20:26:32] [CAM] 摄像头捕获器已释放
[2026-07-27 20:26:32] [CAM] 摄像头未检测到，等待重连...
[2026-07-27 20:26:33] [CAM] 摄像头捕获器已释放
[2026-07-27 20:26:33] [CAM] 摄像头未检测到，等待重连...
[2026-07-27 20:26:33] [CAM] 摄像头捕获器已释放
[2026-07-27 20:26:33] [CAM] 摄像头未检测到，等待重连...
[2026-07-27 20:26:34] [CAM] 摄像头捕获器已释放
[2026-07-27 20:26:34] [CAM] 摄像头未检测到，等待重连...
[2026-07-27 20:26:34] [CAM] 摄像头捕获器已释放
[2026-07-27 20:26:34] [CAM] 摄像头未检测到，等待重连...
[2026-07-27 20:26:35] [CAM] 摄像头捕获器已释放
[2026-07-27 20:26:35] [CAM] 摄像头未检测到，等待重连...
[2026-07-27 20:26:35] [CAM] 摄像头捕获器已释放
[2026-07-27 20:26:35] [CAM] 摄像头未检测到，等待重连...
[2026-07-27 20:26:36] [CAM] 摄像头捕获器已释放
[2026-07-27 20:26:36] [CAM] 摄像头未检测到，等待重连...
[2026-07-27 20:26:36] [CAM] 摄像头捕获器已释放
[2026-07-27 20:26:36] [CAM] 摄像头未检测到，等待重连...
[2026-07-27 20:26:37] [CAM] 摄像头捕获器已释放
[2026-07-27 20:26:37] [CAM] 摄像头未检测到，等待重连...
[2026-07-27 20:26:37] [CAM] 摄像头捕获器已释放
[2026-07-27 20:26:37] [CAM] 摄像头未检测到，等待重连...
[2026-07-27 20:26:38] [CAM] 摄像头捕获器已释放
[2026-07-27 20:26:38] [CAM] 摄像头未检测到，等待重连...
[2026-07-27 20:26:38] [CAM] 摄像头捕获器已释放
[2026-07-27 20:26:38] [CAM] 摄像头未检测到，等待重连...
[2026-07-27 20:26:39] [CAM] 摄像头捕获器已释放
[2026-07-27 20:26:39] [CAM] 摄像头未检测到，等待重连...
[2026-07-27 20:26:39] [CAM] 摄像头捕获器已释放
[2026-07-27 20:26:39] [CAM] 摄像头未检测到，等待重连...
[2026-07-27 20:26:40] [CAM] 摄像头捕获器已释放
[2026-07-27 20:26:40] [CAM] 摄像头未检测到，等待重连...
[2026-07-27 20:26:40] [CAM] 摄像头捕获器已释放
[2026-07-27 20:26:40] [CAM] 摄像头未检测到，等待重连...
[2026-07-27 20:26:41] [CAM] 摄像头捕获器已释放
[2026-07-27 20:26:41] [CAM] 摄像头未检测到，等待重连...
[2026-07-27 20:26:41] [CAM] 摄像头捕获器已释放
[2026-07-27 20:26:41] [CAM] 摄像头未检测到，等待重连...
[2026-07-27 20:26:42] [CAM] 摄像头捕获器已释放
[2026-07-27 20:26:42] [CAM] 摄像头未检测到，等待重连...
[2026-07-27 20:26:42] [CAM] 摄像头捕获器已释放
[2026-07-27 20:26:42] [CAM] 摄像头未检测到，等待重连...
[2026-07-27 20:26:43] [CAM] 摄像头捕获器已释放
[2026-07-27 20:26:43] [CAM] 摄像头未检测到，等待重连...
[2026-07-27 20:26:43] [CAM] 摄像头捕获器已释放
[2026-07-27 20:26:43] [CAM] 摄像头未检测到，等待重连...
[2026-07-27 20:26:44] [CAM] 摄像头捕获器已释放
[2026-07-27 20:26:44] [CAM] 摄像头未检测到，等待重连...
[2026-07-27 20:26:44] [CAM] 摄像头捕获器已释放
[2026-07-27 20:26:44] [CAM] 摄像头未检测到，等待重连...
[2026-07-27 20:26:45] [CAM] 摄像头捕获器已释放
[2026-07-27 20:26:45] [CAM] 摄像头未检测到，等待重连...
[2026-07-27 20:26:45] [CAM] 摄像头捕获器已释放
[2026-07-27 20:26:45] [CAM] 摄像头未检测到，等待重连...
[2026-07-27 20:26:46] [CAM] 摄像头捕获器已释放
[2026-07-27 20:26:46] [CAM] 摄像头未检测到，等待重连...
[2026-07-27 20:26:46] [CAM] 摄像头捕获器已释放
[2026-07-27 20:26:46] [CAM] 摄像头未检测到，等待重连...
[2026-07-27 20:26:47] [CAM] 摄像头捕获器已释放
[2026-07-27 20:26:47] [CAM] 摄像头未检测到，等待重连...
[2026-07-27 20:26:47] [CAM] 摄像头捕获器已释放
[2026-07-27 20:26:47] [CAM] 摄像头未检测到，等待重连...
[2026-07-27 20:26:48] [CAM] 摄像头捕获器已释放
[2026-07-27 20:26:48] [CAM] 摄像头未检测到，等待重连...
[2026-07-27 20:26:48] [CAM] 摄像头捕获器已释放
[2026-07-27 20:26:48] [CAM] 摄像头未检测到，等待重连...
[2026-07-27 20:26:49] [CAM] 摄像头捕获器已释放
[2026-07-27 20:26:49] [CAM] 摄像头未检测到，等待重连...
[2026-07-27 20:26:49] [CAM] 摄像头捕获器已释放
[2026-07-27 20:26:49] [CAM] 摄像头未检测到，等待重连...
[2026-07-27 20:26:50] [CAM] 摄像头捕获器已释放
[2026-07-27 20:26:50] [CAM] 摄像头未检测到，等待重连...
[2026-07-27 20:26:50] [CAM] 摄像头捕获器已释放
[2026-07-27 20:26:50] [CAM] 摄像头未检测到，等待重连...
[2026-07-27 20:26:51] [CAM] 摄像头捕获器已释放
[2026-07-27 20:26:51] [CAM] 摄像头未检测到，等待重连...
[2026-07-27 20:26:51] [CAM] 摄像头捕获器已释放
[2026-07-27 20:26:51] [CAM] 摄像头未检测到，等待重连...
[2026-07-27 20:26:52] [CAM] 摄像头捕获器已释放
[2026-07-27 20:26:52] [CAM] 摄像头未检测到，等待重连...
[2026-07-27 20:26:52] [CAM] 摄像头捕获器已释放
[2026-07-27 20:26:52] [CAM] 摄像头未检测到，等待重连...
[2026-07-27 20:26:53] [CAM] 摄像头捕获器已释放
[2026-07-27 20:26:53] [CAM] 摄像头未检测到，等待重连...
[2026-07-27 20:26:53] [CAM] 摄像头捕获器已释放
[2026-07-27 20:26:53] [CAM] 摄像头未检测到，等待重连...
[2026-07-27 20:26:54] [CAM] 摄像头捕获器已释放
[2026-07-27 20:26:54] [CAM] 摄像头未检测到，等待重连...
[2026-07-27 20:26:54] [CAM] 摄像头捕获器已释放
[2026-07-27 20:26:54] [CAM] 摄像头未检测到，等待重连...
[2026-07-27 20:26:55] [CAM] 摄像头捕获器已释放
[2026-07-27 20:26:55] [CAM] 摄像头未检测到，等待重连...
[2026-07-27 20:26:55] [CAM] 摄像头捕获器已释放
[2026-07-27 20:26:55] [CAM] 摄像头未检测到，等待重连...
[2026-07-27 20:26:56] [CAM] 摄像头捕获器已释放
[2026-07-27 20:26:56] [CAM] 摄像头未检测到，等待重连...
[2026-07-27 20:26:56] [CAM] 摄像头捕获器已释放
[2026-07-27 20:26:56] [CAM] 摄像头未检测到，等待重连...
[2026-07-27 20:26:57] [CAM] 摄像头捕获器已释放
[2026-07-27 20:26:57] [CAM] 摄像头未检测到，等待重连...
[2026-07-27 20:26:57] [CAM] 摄像头捕获器已释放
[2026-07-27 20:26:57] [CAM] 摄像头未检测到，等待重连...
[2026-07-27 20:26:58] [CAM] 摄像头捕获器已释放
[2026-07-27 20:26:58] [CAM] 摄像头未检测到，等待重连...
[2026-07-27 20:26:58] [CAM] 摄像头捕获器已释放
[2026-07-27 20:26:58] [CAM] 摄像头未检测到，等待重连...
[2026-07-27 20:26:59] [CAM] 摄像头捕获器已释放
[2026-07-27 20:26:59] [CAM] 摄像头未检测到，等待重连...
[2026-07-27 20:26:59] [CAM] 摄像头捕获器已释放
[2026-07-27 20:26:59] [CAM] 摄像头未检测到，等待重连...
[2026-07-27 20:27:00] [CAM] 摄像头捕获器已释放
[2026-07-27 20:27:00] [CAM] 摄像头未检测到，等待重连...
[2026-07-27 20:27:00] [CAM] 摄像头捕获器已释放
[2026-07-27 20:27:00] [CAM] 摄像头未检测到，等待重连...
[2026-07-27 20:27:01] [CAM] 摄像头捕获器已释放
[2026-07-27 20:27:01] [CAM] 摄像头未检测到，等待重连...
[2026-07-27 20:27:01] [CAM] 摄像头捕获器已释放
[2026-07-27 20:27:01] [CAM] 摄像头未检测到，等待重连...
[2026-07-27 20:27:02] [CAM] 摄像头捕获器已释放
[2026-07-27 20:27:02] [CAM] 摄像头未检测到，等待重连...
[2026-07-27 20:27:02] [CAM] 摄像头捕获器已释放
[2026-07-27 20:27:02] [CAM] 摄像头未检测到，等待重连...
[2026-07-27 20:27:03] [CAM] 摄像头捕获器已释放
[2026-07-27 20:27:03] [CAM] 摄像头未检测到，等待重连...
[2026-07-27 20:27:03] [CAM] 摄像头捕获器已释放
[2026-07-27 20:27:03] [CAM] 摄像头未检测到，等待重连...
[2026-07-27 20:27:04] [CAM] 摄像头捕获器已释放
[2026-07-27 20:27:04] [CAM] 摄像头未检测到，等待重连...
[2026-07-27 20:27:04] [CAM] 摄像头捕获器已释放
[2026-07-27 20:27:04] [CAM] 摄像头未检测到，等待重连...
[2026-07-27 20:27:05] [CAM] 摄像头捕获器已释放
[2026-07-27 20:27:05] [CAM] 摄像头未检测到，等待重连...
[2026-07-27 20:27:05] [CAM] 摄像头捕获器已释放
[2026-07-27 20:27:05] [CAM] 摄像头未检测到，等待重连...
[2026-07-27 20:27:06] [CAM] 摄像头捕获器已释放
[2026-07-27 20:27:06] [CAM] 摄像头未检测到，等待重连...
[2026-07-27 20:27:06] [CAM] 摄像头捕获器已释放
[2026-07-27 20:27:06] [CAM] 摄像头未检测到，等待重连...
[2026-07-27 20:27:07] [CAM] 摄像头捕获器已释放
[2026-07-27 20:27:07] [CAM] 摄像头未检测到，等待重连...
[2026-07-27 20:27:07] [CAM] 摄像头捕获器已释放
[2026-07-27 20:27:07] [CAM] 摄像头未检测到，等待重连...
[2026-07-27 20:27:08] [CAM] 摄像头捕获器已释放
[2026-07-27 20:27:08] [CAM] 摄像头未检测到，等待重连...
[2026-07-27 20:27:08] [CAM] 摄像头捕获器已释放
[2026-07-27 20:27:08] [CAM] 摄像头未检测到，等待重连...
[2026-07-27 20:27:09] [CAM] 摄像头捕获器已释放
[2026-07-27 20:27:09] [CAM] 摄像头未检测到，等待重连...
[2026-07-27 20:27:09] [CAM] 摄像头捕获器已释放
[2026-07-27 20:27:09] [CAM] 摄像头未检测到，等待重连...
[2026-07-27 20:27:10] [CAM] 摄像头捕获器已释放
[2026-07-27 20:27:10] [CAM] 摄像头未检测到，等待重连...
[2026-07-27 20:27:10] [CAM] 摄像头捕获器已释放
[2026-07-27 20:27:10] [CAM] 摄像头未检测到，等待重连...
[2026-07-27 20:27:11] [CAM] 摄像头捕获器已释放
[2026-07-27 20:27:11] [CAM] 摄像头未检测到，等待重连...
[2026-07-27 20:27:11] [CAM] 摄像头捕获器已释放
[2026-07-27 20:27:11] [CAM] 摄像头未检测到，等待重连...
[2026-07-27 20:27:12] [CAM] 摄像头捕获器已释放
[2026-07-27 20:27:12] [CAM] 摄像头未检测到，等待重连...
[2026-07-27 20:27:12] [CAM] 摄像头捕获器已释放
[2026-07-27 20:27:12] [CAM] 摄像头未检测到，等待重连...
[2026-07-27 20:27:13] [CAM] 摄像头捕获器已释放
[2026-07-27 20:27:13] [CAM] 摄像头未检测到，等待重连...
[2026-07-27 20:27:13] [CAM] 摄像头捕获器已释放
[2026-07-27 20:27:13] [CAM] 摄像头未检测到，等待重连...
[2026-07-27 20:27:14] [CAM] 摄像头捕获器已释放
[2026-07-27 20:27:14] [CAM] 摄像头未检测到，等待重连...
[2026-07-27 20:27:14] [CAM] 摄像头捕获器已释放
[2026-07-27 20:27:14] [CAM] 摄像头未检测到，等待重连...
[2026-07-27 20:27:15] [CAM] 摄像头捕获器已释放
[2026-07-27 20:27:15] [CAM] 摄像头未检测到，等待重连...
[2026-07-27 20:27:15] [CAM] 摄像头捕获器已释放
[2026-07-27 20:27:15] [CAM] 摄像头未检测到，等待重连...
[2026-07-27 20:27:16] [CAM] 摄像头捕获器已释放
[2026-07-27 20:27:16] [CAM] 摄像头未检测到，等待重连...
[2026-07-27 20:27:16] [CAM] 摄像头捕获器已释放
[2026-07-27 20:27:16] [CAM] 摄像头未检测到，等待重连...
[2026-07-27 20:27:17] [CAM] 摄像头捕获器已释放
[2026-07-27 20:27:17] [CAM] 摄像头未检测到，等待重连...
[2026-07-27 20:27:17] [CAM] 摄像头捕获器已释放
[2026-07-27 20:27:17] [CAM] 摄像头未检测到，等待重连...
[2026-07-27 20:27:18] [CAM] 摄像头捕获器已释放
[2026-07-27 20:27:18] [CAM] 摄像头未检测到，等待重连...
[2026-07-27 20:27:18] [CAM] 摄像头捕获器已释放
[2026-07-27 20:27:18] [CAM] 摄像头未检测到，等待重连...
[2026-07-27 20:27:19] [CAM] 摄像头捕获器已释放
[2026-07-27 20:27:19] [CAM] 摄像头未检测到，等待重连...
[2026-07-27 20:27:19] [CAM] 摄像头捕获器已释放
[2026-07-27 20:27:19] [CAM] 摄像头未检测到，等待重连...
[2026-07-27 20:27:20] [CAM] 摄像头捕获器已释放
[2026-07-27 20:27:20] [CAM] 摄像头未检测到，等待重连...
[2026-07-27 20:27:20] [CAM] 摄像头捕获器已释放
[2026-07-27 20:27:20] [CAM] 摄像头未检测到，等待重连...
[2026-07-27 20:27:21] [CAM] 摄像头捕获器已释放
[2026-07-27 20:27:21] [CAM] 摄像头未检测到，等待重连...
[2026-07-27 20:27:21] [CAM] 摄像头捕获器已释放
[2026-07-27 20:27:21] [CAM] 摄像头未检测到，等待重连...
[2026-07-27 20:27:22] [CAM] 摄像头捕获器已释放
[2026-07-27 20:27:22] [CAM] 摄像头未检测到，等待重连...
[2026-07-27 20:27:22] [CAM] 摄像头捕获器已释放
[2026-07-27 20:27:22] [CAM] 摄像头未检测到，等待重连...
[2026-07-27 20:27:23] [CAM] 摄像头捕获器已释放
[2026-07-27 20:27:23] [CAM] 摄像头未检测到，等待重连...
[2026-07-27 20:27:23] [CAM] 摄像头捕获器已释放
[2026-07-27 20:27:23] [CAM] 摄像头未检测到，等待重连...
[2026-07-27 20:27:24] [CAM] 摄像头捕获器已释放
[2026-07-27 20:27:24] [CAM] 摄像头未检测到，等待重连...
[2026-07-27 20:27:24] [CAM] 摄像头捕获器已释放
[2026-07-27 20:27:24] [CAM] 摄像头未检测到，等待重连...
[2026-07-27 20:27:25] [CAM] 摄像头捕获器已释放
[2026-07-27 20:27:25] [CAM] 摄像头未检测到，等待重连...
[2026-07-27 20:27:25] [CAM] 摄像头捕获器已释放
[2026-07-27 20:27:25] [CAM] 摄像头未检测到，等待重连...
[2026-07-27 20:27:26] [CAM] 摄像头捕获器已释放
[2026-07-27 20:27:26] [CAM] 摄像头未检测到，等待重连...
[2026-07-27 20:27:26] [CAM] 摄像头捕获器已释放
[2026-07-27 20:27:26] [CAM] 摄像头未检测到，等待重连...
[2026-07-27 20:27:27] [CAM] 摄像头捕获器已释放
[2026-07-27 20:27:27] [CAM] 摄像头未检测到，等待重连...
[2026-07-27 20:27:27] [SENSOR] 温湿度传感器在线，温度:29.1℃ 湿度:56.7%RH
[2026-07-27 20:27:27] [CAM] 摄像头捕获器已释放
[2026-07-27 20:27:27] [CAM] 摄像头未检测到，等待重连...
[2026-07-27 20:27:28] [CAM] 摄像头捕获器已释放
[2026-07-27 20:27:28] [CAM] 摄像头未检测到，等待重连...
[2026-07-27 20:27:28] [CAM] 摄像头捕获器已释放
[2026-07-27 20:27:28] [CAM] 摄像头未检测到，等待重连...
[2026-07-27 20:27:29] [CAM] 摄像头捕获器已释放
[2026-07-27 20:27:29] [CAM] 摄像头未检测到，等待重连...
[2026-07-27 20:27:29] [CAM] 摄像头捕获器已释放
[2026-07-27 20:27:29] [CAM] 摄像头未检测到，等待重连...
[2026-07-27 20:27:30] [CAM] 摄像头捕获器已释放
[2026-07-27 20:27:30] [CAM] 摄像头未检测到，等待重连...
[2026-07-27 20:27:30] [CAM] 摄像头捕获器已释放
[2026-07-27 20:27:30] [CAM] 摄像头未检测到，等待重连...
[2026-07-27 20:27:31] [CAM] 摄像头捕获器已释放
[2026-07-27 20:27:31] [CAM] 摄像头未检测到，等待重连...
[2026-07-27 20:27:31] [CAM] 摄像头捕获器已释放
[2026-07-27 20:27:31] [CAM] 摄像头未检测到，等待重连...
[2026-07-27 20:27:32] [CAM] 摄像头捕获器已释放
[2026-07-27 20:27:32] [CAM] 摄像头未检测到，等待重连...
[2026-07-27 20:27:32] [CAM] 摄像头捕获器已释放
[2026-07-27 20:27:32] [CAM] 摄像头未检测到，等待重连...
[2026-07-27 20:27:33] [CAM] 摄像头捕获器已释放
[2026-07-27 20:27:33] [CAM] 摄像头未检测到，等待重连...
[2026-07-27 20:27:33] [CAM] 摄像头捕获器已释放
[2026-07-27 20:27:33] [CAM] 摄像头未检测到，等待重连...
[2026-07-27 20:27:34] [CAM] 摄像头捕获器已释放
[2026-07-27 20:27:34] [CAM] 摄像头未检测到，等待重连...
[2026-07-27 20:27:34] [CAM] 摄像头捕获器已释放
[2026-07-27 20:27:34] [CAM] 摄像头未检测到，等待重连...
[2026-07-27 20:27:35] [CAM] 摄像头捕获器已释放
[2026-07-27 20:27:35] [CAM] 摄像头未检测到，等待重连...
[2026-07-27 20:27:35] [CAM] 摄像头捕获器已释放
[2026-07-27 20:27:35] [CAM] 摄像头未检测到，等待重连...
[2026-07-27 20:27:36] [CAM] 摄像头捕获器已释放
[2026-07-27 20:27:36] [CAM] 摄像头未检测到，等待重连...
[2026-07-27 20:27:36] [ERROR] 温湿度传感器离线/读取失败
[2026-07-27 20:27:36] [CAM] 摄像头捕获器已释放
[2026-07-27 20:27:36] [CAM] 摄像头未检测到，等待重连...
[2026-07-27 20:27:37] [CAM] 摄像头捕获器已释放
[2026-07-27 20:27:37] [CAM] 摄像头未检测到，等待重连...
[2026-07-27 20:27:37] [SENSOR] 开机未检测到温湿度传感器，延时播报
[2026-07-27 20:27:37] [CAM] 摄像头捕获器已释放
[2026-07-27 20:27:37] [CAM] 摄像头未检测到，等待重连...
[2026-07-27 20:27:38] [CAM] 摄像头捕获器已释放
[2026-07-27 20:27:38] [CAM] 摄像头未检测到，等待重连...
[2026-07-27 20:27:38] [CAM] 摄像头捕获器已释放
[2026-07-27 20:27:38] [CAM] 摄像头未检测到，等待重连...
[2026-07-27 20:27:39] [CAM] 摄像头捕获器已释放
[2026-07-27 20:27:39] [CAM] 摄像头未检测到，等待重连...
[2026-07-27 20:27:39] [CAM] 摄像头捕获器已释放
[2026-07-27 20:27:39] [CAM] 摄像头未检测到，等待重连...
[2026-07-27 20:27:40] [CAM] 摄像头捕获器已释放
[2026-07-27 20:27:40] [CAM] 摄像头未检测到，等待重连...
[2026-07-27 20:27:40] [CAM] 摄像头捕获器已释放
[2026-07-27 20:27:40] [CAM] 摄像头未检测到，等待重连...
[2026-07-27 20:27:41] [CAM] 摄像头捕获器已释放
[2026-07-27 20:27:41] [CAM] 摄像头未检测到，等待重连...
[2026-07-27 20:27:41] [CAM] 摄像头捕获器已释放
[2026-07-27 20:27:41] [CAM] 摄像头未检测到，等待重连...
[2026-07-27 20:27:42] [CAM] 摄像头捕获器已释放
[2026-07-27 20:27:42] [CAM] 摄像头未检测到，等待重连...
[2026-07-27 20:27:42] [CAM] 摄像头捕获器已释放
[2026-07-27 20:27:42] [CAM] 摄像头未检测到，等待重连...
[2026-07-27 20:27:43] [CAM] 摄像头捕获器已释放
[2026-07-27 20:27:43] [CAM] 摄像头未检测到，等待重连...
[2026-07-27 20:27:43] [CAM] 摄像头捕获器已释放
[2026-07-27 20:27:43] [CAM] 摄像头未检测到，等待重连...
[2026-07-27 20:27:44] [CAM] 摄像头捕获器已释放
[2026-07-27 20:27:44] [CAM] 摄像头未检测到，等待重连...
[2026-07-27 20:27:44] [CAM] 摄像头捕获器已释放
[2026-07-27 20:27:44] [CAM] 摄像头未检测到，等待重连...
[2026-07-27 20:27:45] [CAM] 摄像头捕获器已释放
[2026-07-27 20:27:45] [CAM] 摄像头未检测到，等待重连...
[2026-07-27 20:27:45] [CAM] 摄像头捕获器已释放
[2026-07-27 20:27:45] [CAM] 摄像头未检测到，等待重连...
[2026-07-27 20:27:46] [CAM] 摄像头捕获器已释放
[2026-07-27 20:27:46] [CAM] 摄像头未检测到，等待重连...
[2026-07-27 20:27:46] [CAM] 摄像头捕获器已释放
[2026-07-27 20:27:46] [CAM] 摄像头未检测到，等待重连...
[2026-07-27 20:27:47] [CAM] 摄像头捕获器已释放
[2026-07-27 20:27:47] [CAM] 摄像头未检测到，等待重连...
[2026-07-27 20:27:47] [CAM] 摄像头捕获器已释放
[2026-07-27 20:27:47] [CAM] 摄像头未检测到，等待重连...
[2026-07-27 20:27:48] [CAM] 摄像头捕获器已释放
[2026-07-27 20:27:48] [CAM] 摄像头未检测到，等待重连...
[2026-07-27 20:27:48] [CAM] 摄像头捕获器已释放
[2026-07-27 20:27:48] [CAM] 摄像头未检测到，等待重连...
[2026-07-27 20:27:49] [CAM] 摄像头捕获器已释放
[2026-07-27 20:27:49] [CAM] 摄像头未检测到，等待重连...
[2026-07-27 20:27:49] [CAM] 摄像头捕获器已释放
[2026-07-27 20:27:49] [CAM] 摄像头未检测到，等待重连...
[2026-07-27 20:27:50] [CAM] 摄像头捕获器已释放
[2026-07-27 20:27:50] [CAM] 摄像头未检测到，等待重连...
[2026-07-27 20:27:50] [CAM] 摄像头捕获器已释放
[2026-07-27 20:27:50] [CAM] 摄像头未检测到，等待重连...
[2026-07-27 20:27:51] [CAM] 摄像头捕获器已释放
[2026-07-27 20:27:51] [CAM] 摄像头未检测到，等待重连...
[2026-07-27 20:27:51] [CAM] 摄像头捕获器已释放
[2026-07-27 20:27:51] [CAM] 摄像头未检测到，等待重连...
[2026-07-27 20:27:52] [CAM] 摄像头捕获器已释放
[2026-07-27 20:27:52] [CAM] 摄像头未检测到，等待重连...
[2026-07-27 20:27:52] [CAM] 摄像头捕获器已释放
[2026-07-27 20:27:52] [CAM] 摄像头未检测到，等待重连...
[2026-07-27 20:27:53] [CAM] 摄像头捕获器已释放
[2026-07-27 20:27:53] [CAM] 摄像头未检测到，等待重连...
[2026-07-27 20:27:53] [CAM] 摄像头捕获器已释放
[2026-07-27 20:27:53] [CAM] 摄像头未检测到，等待重连...
[2026-07-27 20:27:54] [CAM] 摄像头捕获器已释放
[2026-07-27 20:27:54] [CAM] 摄像头未检测到，等待重连...
[2026-07-27 20:27:54] [CAM] 摄像头捕获器已释放
[2026-07-27 20:27:54] [CAM] 摄像头未检测到，等待重连...
[2026-07-27 20:27:55] [CAM] 摄像头捕获器已释放
[2026-07-27 20:27:55] [CAM] 摄像头未检测到，等待重连...
[2026-07-27 20:27:55] [CAM] 摄像头捕获器已释放
[2026-07-27 20:27:55] [CAM] 摄像头未检测到，等待重连...
[2026-07-27 20:27:56] [CAM] 摄像头捕获器已释放
[2026-07-27 20:27:56] [CAM] 摄像头未检测到，等待重连...
[2026-07-27 20:27:56] [CAM] 摄像头捕获器已释放
[2026-07-27 20:27:56] [CAM] 摄像头未检测到，等待重连...
[2026-07-27 20:27:57] [CAM] 摄像头捕获器已释放
[2026-07-27 20:27:57] [CAM] 摄像头未检测到，等待重连...
[2026-07-27 20:27:57] [CAM] 摄像头捕获器已释放
[2026-07-27 20:27:57] [CAM] 摄像头未检测到，等待重连...
[2026-07-27 20:27:58] [CAM] 摄像头捕获器已释放
[2026-07-27 20:27:58] [CAM] 摄像头未检测到，等待重连...
[2026-07-27 20:27:58] [CAM] 摄像头捕获器已释放
[2026-07-27 20:27:58] [CAM] 摄像头未检测到，等待重连...
[2026-07-27 20:27:59] [CAM] 摄像头捕获器已释放
[2026-07-27 20:27:59] [CAM] 摄像头未检测到，等待重连...
[2026-07-27 20:27:59] [CAM] 摄像头捕获器已释放
[2026-07-27 20:27:59] [CAM] 摄像头未检测到，等待重连...
[2026-07-27 20:28:00] [CAM] 摄像头捕获器已释放
[2026-07-27 20:28:00] [CAM] 摄像头未检测到，等待重连...
[2026-07-27 20:28:00] [CAM] 摄像头捕获器已释放
[2026-07-27 20:28:00] [CAM] 摄像头未检测到，等待重连...
[2026-07-27 20:28:01] [CAM] 摄像头捕获器已释放
[2026-07-27 20:28:01] [CAM] 摄像头未检测到，等待重连...
[2026-07-27 20:28:01] [CAM] 摄像头捕获器已释放
[2026-07-27 20:28:01] [CAM] 摄像头未检测到，等待重连...
[2026-07-27 20:28:02] [CAM] 摄像头捕获器已释放
[2026-07-27 20:28:02] [CAM] 摄像头未检测到，等待重连...
[2026-07-27 20:28:02] [CAM] 摄像头捕获器已释放
[2026-07-27 20:28:02] [CAM] 摄像头未检测到，等待重连...
[2026-07-27 20:28:03] [CAM] 摄像头捕获器已释放
[2026-07-27 20:28:03] [CAM] 摄像头未检测到，等待重连...
[2026-07-27 20:28:03] [CAM] 摄像头捕获器已释放
[2026-07-27 20:28:03] [CAM] 摄像头未检测到，等待重连...
[2026-07-27 20:28:04] [CAM] 摄像头捕获器已释放
[2026-07-27 20:28:04] [CAM] 摄像头未检测到，等待重连...
[2026-07-27 20:28:04] [CAM] 摄像头捕获器已释放
[2026-07-27 20:28:04] [CAM] 摄像头未检测到，等待重连...
[2026-07-27 20:28:05] [CAM] 摄像头捕获器已释放
[2026-07-27 20:28:05] [CAM] 摄像头未检测到，等待重连...
[2026-07-27 20:28:05] [CAM] 摄像头捕获器已释放
[2026-07-27 20:28:05] [CAM] 摄像头未检测到，等待重连...
[2026-07-27 20:28:06] [CAM] 摄像头捕获器已释放
[2026-07-27 20:28:06] [CAM] 摄像头未检测到，等待重连...
[2026-07-27 20:28:06] [CAM] 摄像头捕获器已释放
[2026-07-27 20:28:06] [CAM] 摄像头未检测到，等待重连...
[2026-07-27 20:28:07] [CAM] 摄像头捕获器已释放
[2026-07-27 20:28:07] [CAM] 摄像头未检测到，等待重连...
[2026-07-27 20:28:07] [CAM] 摄像头捕获器已释放
[2026-07-27 20:28:07] [CAM] 摄像头未检测到，等待重连...
[2026-07-27 20:28:08] [CAM] 摄像头捕获器已释放
[2026-07-27 20:28:08] [CAM] 摄像头未检测到，等待重连...
[2026-07-27 20:28:08] [CAM] 摄像头捕获器已释放
[2026-07-27 20:28:08] [CAM] 摄像头未检测到，等待重连...
[2026-07-27 20:28:09] [CAM] 摄像头捕获器已释放
[2026-07-27 20:28:09] [CAM] 摄像头未检测到，等待重连...
[2026-07-27 20:28:09] [CAM] 摄像头捕获器已释放
[2026-07-27 20:28:09] [CAM] 摄像头未检测到，等待重连...
[2026-07-27 20:28:10] [CAM] 摄像头捕获器已释放
[2026-07-27 20:28:10] [CAM] 摄像头未检测到，等待重连...
[2026-07-27 20:28:10] [CAM] 摄像头捕获器已释放
[2026-07-27 20:28:10] [CAM] 摄像头未检测到，等待重连...
[2026-07-27 20:28:11] [CAM] 摄像头捕获器已释放
[2026-07-27 20:28:11] [CAM] 摄像头未检测到，等待重连...
[2026-07-27 20:28:11] [CAM] 摄像头捕获器已释放
[2026-07-27 20:28:11] [CAM] 摄像头未检测到，等待重连...
[2026-07-27 20:28:12] [CAM] 摄像头捕获器已释放
[2026-07-27 20:28:12] [CAM] 摄像头未检测到，等待重连...
[2026-07-27 20:28:12] [CAM] 摄像头捕获器已释放
[2026-07-27 20:28:12] [CAM] 摄像头未检测到，等待重连...
[2026-07-27 20:28:13] [CAM] 摄像头捕获器已释放
[2026-07-27 20:28:13] [CAM] 摄像头未检测到，等待重连...
[2026-07-27 20:28:13] [CAM] 摄像头捕获器已释放
[2026-07-27 20:28:13] [CAM] 摄像头未检测到，等待重连...
[2026-07-27 20:28:14] [CAM] 摄像头捕获器已释放
[2026-07-27 20:28:14] [CAM] 摄像头未检测到，等待重连...
[2026-07-27 20:28:14] [CAM] 摄像头捕获器已释放
[2026-07-27 20:28:14] [CAM] 摄像头未检测到，等待重连...
[2026-07-27 20:28:15] [CAM] 摄像头捕获器已释放
[2026-07-27 20:28:15] [CAM] 摄像头未检测到，等待重连...
[2026-07-27 20:28:15] [CAM] 摄像头捕获器已释放
[2026-07-27 20:28:16] [CAM] 摄像头已连接 分辨率1280*720 真实帧率30.0
[2026-07-27 20:28:16] [CAM] 摄像头设备状态变为正常
[2026-07-27 20:30:01] [INFO] 手动抓拍完成，保存路径: ./capture/cap_20260727_203000.jpg
[2026-07-27 20:31:22] [INFO] 切换运行模式: 课堂模式 场景:中四班
[2026-07-27 20:31:23] [INFO] 切换运行模式: 午睡模式 场景:一楼左侧睡眠室
[2026-07-27 20:31:25] [INFO] 切换运行模式: 公共巡查模式 场景:公共过道
[2026-07-27 20:33:02] [INFO] 程序收到关闭信号，开始安全退出流程
[2026-07-27 20:33:02] [SENSOR] RS485采集线程已停止
[2026-07-27 20:33:02] [CAM] 摄像头捕获器已释放
[2026-07-27 20:33:02] [INFO] 摄像头采集线程正常退出
[2026-07-27 20:33:02] [INFO] 程序正常退出
[2026-07-27 20:33:03] [CAM] 摄像头设备断开...........................................
[2026-07-27 20:33:03] [INFO] 程序结束，退出码:0
[2026-07-27 22:01:21] [INFO] ========== 幼儿园AI安全卫士程序启动 ==========
[2026-07-27 22:01:21] [INFO] 主程序窗口初始化完成
[2026-07-27 22:01:21] [SENSOR] RS485传感器采集线程已启动，串口：/dev/ttyUSB0
[2026-07-27 22:01:21] [INFO] AI环境模拟线程启动
[2026-07-27 22:01:21] [INFO] 摄像头采集线程启动
[2026-07-27 22:01:21] [SENSOR] 开机未检测到温湿度传感器，延时播报
[2026-07-27 22:01:22] [CAM] 摄像头已连接 分辨率1280*720 真实帧率30.0
[2026-07-27 22:01:22] [CAM] 摄像头设备状态变为正常
[2026-07-27 22:01:24] [NET] 网络已恢复连通
[2026-07-27 22:01:24] [MIC] 检测到USB麦克风设备
[2026-07-27 22:01:36] [INFO] 切换运行模式: 课堂模式 场景:中四班
